2026-05-26 13:52:53 +00:00:00 --:--:-- [INFO] Run directory: training_artifacts\train_run_2026-05-26_13-52-53
2026-05-26 13:52:53 +00:00:00 --:--:-- [INFO] Configs copied to run directory
2026-05-26 13:52:53 +00:00:00 --:--:-- [INFO] Using device: cuda
2026-05-26 13:52:53 +00:00:00 --:--:-- [INFO] Generating validation set (256 clouds)...
2026-05-26 13:52:54 +00:00:01 --:--:-- [INFO] Validation set saved
2026-05-26 13:52:54 +00:00:01 --:--:-- [INFO] Model built: 34,690 parameters
2026-05-26 13:52:55 +00:00:02 --:--:-- [INFO] Starting training for 10000 iterations
2026-05-26 13:53:18 +00:00:25 -00:38:12 [INFO] iter=   100  0.232s/iter  lr=1.00e-03  loss=0.093903
                                  K=1 (deploy)              K=5 (train)
  mean_violation   = 0.000128  ->  0.000166              0.000012
  illegal_pairs    = 1.08%      ->  1.04%                 0.08%
  legal_clouds     = 0.00%      ->  0.00%                 56.25%
  mean_nn_dist     = 0.050980  ->  0.056299              0.076062
  displacement     =                0.1382 (2.764x rd)   0.4707 (9.415x rd)
  correction_eff   =                -0.0003 (-0.7% ceil)         0.0002 (0.6% ceil)
2026-05-26 13:53:42 +00:00:49 -00:38:48 [INFO] iter=   200  0.238s/iter  lr=9.99e-04  loss=0.085542
                                  K=1 (deploy)              K=5 (train)
  mean_violation   = 0.000128  ->  0.000206              0.000058
  illegal_pairs    = 1.08%      ->  1.22%                 0.36%
  legal_clouds     = 0.00%      ->  0.00%                 21.88%
  mean_nn_dist     = 0.050980  ->  0.052897              0.071349
  displacement     =                0.0959 (1.918x rd)   0.2599 (5.198x rd)
  correction_eff   =                -0.0008 (-2.0% ceil)         0.0003 (0.7% ceil)
2026-05-26 13:54:05 +00:01:12 -00:37:52 [INFO] iter=   300  0.234s/iter  lr=9.98e-04  loss=0.098016
                                  K=1 (deploy)              K=5 (train)
  mean_violation   = 0.000128  ->  0.000219              0.000148
  illegal_pairs    = 1.08%      ->  1.33%                 0.97%
  legal_clouds     = 0.00%      ->  0.00%                 0.00%
  mean_nn_dist     = 0.050980  ->  0.050122              0.061702
  displacement     =                0.0654 (1.308x rd)   0.2668 (5.335x rd)
  correction_eff   =                -0.0014 (-3.4% ceil)         -0.0001 (-0.2% ceil)
2026-05-26 13:54:29 +00:01:36 -00:37:31 [INFO] iter=   400  0.235s/iter  lr=9.96e-04  loss=0.063576
                                  K=1 (deploy)              K=5 (train)
  mean_violation   = 0.000128  ->  0.000242              0.000169
  illegal_pairs    = 1.08%      ->  1.50%                 1.05%
  legal_clouds     = 0.00%      ->  0.00%                 3.12%
  mean_nn_dist     = 0.050980  ->  0.047423              0.059059
  displacement     =                0.0626 (1.253x rd)   0.2184 (4.368x rd)
  correction_eff   =                -0.0018 (-4.5% ceil)         -0.0002 (-0.5% ceil)
2026-05-26 13:54:52 +00:01:59 -00:36:54 [INFO] iter=   500  0.233s/iter  lr=9.94e-04  loss=0.074846
                                  K=1 (deploy)              K=5 (train)
  mean_violation   = 0.000128  ->  0.000166              0.000125
  illegal_pairs    = 1.08%      ->  1.14%                 1.00%
  legal_clouds     = 0.00%      ->  3.12%                 9.38%
  mean_nn_dist     = 0.050980  ->  0.050021              0.055340
  displacement     =                0.0390 (0.780x rd)   0.1733 (3.465x rd)
  correction_eff   =                -0.0010 (-2.4% ceil)         0.0000 (0.0% ceil)
2026-05-26 13:55:17 +00:02:24 -00:38:39 [INFO] iter=   600  0.247s/iter  lr=9.91e-04  loss=0.087537
                                  K=1 (deploy)              K=5 (train)
  mean_violation   = 0.000128  ->  0.000050              0.000000
  illegal_pairs    = 1.08%      ->  0.52%                 0.01%
  legal_clouds     = 0.00%      ->  12.50%                 90.62%
  mean_nn_dist     = 0.050980  ->  0.059377              0.067986
  displacement     =                0.1884 (3.767x rd)   0.6734 (13.469x rd)
  correction_eff   =                0.0004 (1.0% ceil)         0.0002 (0.5% ceil)
2026-05-26 13:55:40 +00:02:47 -00:36:38 [INFO] iter=   700  0.236s/iter  lr=9.88e-04  loss=0.053454
                                  K=1 (deploy)              K=5 (train)
  mean_violation   = 0.000128  ->  0.000042              0.000000
  illegal_pairs    = 1.08%      ->  0.48%                 0.00%
  legal_clouds     = 0.00%      ->  12.50%                 96.88%
  mean_nn_dist     = 0.050980  ->  0.060017              0.067355
  displacement     =                0.1937 (3.874x rd)   0.4188 (8.376x rd)
  correction_eff   =                0.0004 (1.1% ceil)         0.0003 (0.7% ceil)
2026-05-26 13:56:04 +00:03:11 -00:36:10 [INFO] iter=   800  0.236s/iter  lr=9.84e-04  loss=0.062049
                                  K=1 (deploy)              K=5 (train)
  mean_violation   = 0.000128  ->  0.000188              0.000085
  illegal_pairs    = 1.08%      ->  1.26%                 0.85%
  legal_clouds     = 0.00%      ->  3.12%                 6.25%
  mean_nn_dist     = 0.050980  ->  0.049447              0.061920
  displacement     =                0.0639 (1.278x rd)   0.2617 (5.234x rd)
  correction_eff   =                -0.0009 (-2.3% ceil)         0.0002 (0.4% ceil)
2026-05-26 13:56:28 +00:03:34 -00:35:42 [INFO] iter=   900  0.235s/iter  lr=9.80e-04  loss=0.056408
                                  K=1 (deploy)              K=5 (train)
  mean_violation   = 0.000128  ->  0.000128              0.000020
  illegal_pairs    = 1.08%      ->  0.96%                 0.24%
  legal_clouds     = 0.00%      ->  6.25%                 43.75%
  mean_nn_dist     = 0.050980  ->  0.053167              0.065091
  displacement     =                0.0995 (1.989x rd)   0.3198 (6.396x rd)
  correction_eff   =                -0.0000 (-0.0% ceil)         0.0003 (0.8% ceil)
2026-05-26 13:56:51 +00:03:58 -00:35:20 [INFO] iter=  1000  0.236s/iter  lr=9.76e-04  loss=0.069032
                                  K=1 (deploy)              K=5 (train)
  mean_violation   = 0.000128  ->  0.000151              0.000029
  illegal_pairs    = 1.08%      ->  1.14%                 0.40%
  legal_clouds     = 0.00%      ->  0.00%                 28.12%
  mean_nn_dist     = 0.050980  ->  0.052089              0.066819
  displacement     =                0.1265 (2.531x rd)   0.4897 (9.793x rd)
  correction_eff   =                -0.0002 (-0.4% ceil)         0.0002 (0.5% ceil)
2026-05-26 13:57:16 +00:04:23 -00:36:40 [INFO] iter=  1100  0.247s/iter  lr=9.70e-04  loss=0.065665
                                  K=1 (deploy)              K=5 (train)
  mean_violation   = 0.000128  ->  0.000091              0.000006
  illegal_pairs    = 1.08%      ->  0.78%                 0.08%
  legal_clouds     = 0.00%      ->  3.12%                 71.88%
  mean_nn_dist     = 0.050980  ->  0.056740              0.068837
  displacement     =                0.1246 (2.491x rd)   0.2954 (5.907x rd)
  correction_eff   =                0.0003 (0.7% ceil)         0.0004 (1.0% ceil)
2026-05-26 13:57:39 +00:04:46 -00:34:40 [INFO] iter=  1200  0.236s/iter  lr=9.65e-04  loss=0.069598
                                  K=1 (deploy)              K=5 (train)
  mean_violation   = 0.000128  ->  0.000179              0.000114
  illegal_pairs    = 1.08%      ->  1.33%                 1.04%
  legal_clouds     = 0.00%      ->  0.00%                 3.12%
  mean_nn_dist     = 0.050980  ->  0.049790              0.059763
  displacement     =                0.0588 (1.177x rd)   0.2043 (4.087x rd)
  correction_eff   =                -0.0009 (-2.1% ceil)         0.0001 (0.2% ceil)
2026-05-26 13:58:03 +00:05:10 -00:34:15 [INFO] iter=  1300  0.236s/iter  lr=9.59e-04  loss=0.065340
                                  K=1 (deploy)              K=5 (train)
  mean_violation   = 0.000128  ->  0.000133              0.000025
  illegal_pairs    = 1.08%      ->  0.97%                 0.31%
  legal_clouds     = 0.00%      ->  6.25%                 31.25%
  mean_nn_dist     = 0.050980  ->  0.053083              0.065847
  displacement     =                0.1157 (2.314x rd)   0.4225 (8.450x rd)
  correction_eff   =                -0.0000 (-0.1% ceil)         0.0002 (0.6% ceil)
2026-05-26 13:58:27 +00:05:34 -00:33:50 [INFO] iter=  1400  0.236s/iter  lr=9.52e-04  loss=0.031063
                                  K=1 (deploy)              K=5 (train)
  mean_violation   = 0.000128  ->  0.000119              0.000110
  illegal_pairs    = 1.08%      ->  1.04%                 1.18%
  legal_clouds     = 0.00%      ->  3.12%                 3.12%
  mean_nn_dist     = 0.050980  ->  0.050864              0.052619
  displacement     =                0.0214 (0.429x rd)   0.0769 (1.539x rd)
  correction_eff   =                0.0004 (1.0% ceil)         0.0002 (0.6% ceil)
2026-05-26 13:58:51 +00:05:57 -00:33:47 [INFO] iter=  1500  0.238s/iter  lr=9.46e-04  loss=0.010773
                                  K=1 (deploy)              K=5 (train)
  mean_violation   = 0.000128  ->  0.000061              0.000049
  illegal_pairs    = 1.08%      ->  0.87%                 0.89%
  legal_clouds     = 0.00%      ->  3.12%                 12.50%
  mean_nn_dist     = 0.050980  ->  0.053327              0.054124
  displacement     =                0.0167 (0.333x rd)   0.0828 (1.657x rd)
  correction_eff   =                0.0041 (9.9% ceil)         0.0010 (2.3% ceil)
2026-05-26 13:59:15 +00:06:22 -00:34:50 [INFO] iter=  1600  0.249s/iter  lr=9.38e-04  loss=0.023341
                                  K=1 (deploy)              K=5 (train)
  mean_violation   = 0.000128  ->  0.000035              0.000005
  illegal_pairs    = 1.08%      ->  0.64%                 0.18%
  legal_clouds     = 0.00%      ->  15.62%                 37.50%
  mean_nn_dist     = 0.050980  ->  0.055021              0.056472
  displacement     =                0.0083 (0.166x rd)   0.0316 (0.633x rd)
  correction_eff   =                0.0112 (27.5% ceil)         0.0039 (9.6% ceil)
2026-05-26 13:59:39 +00:06:46 -00:32:56 [INFO] iter=  1700  0.238s/iter  lr=9.30e-04  loss=0.018730
                                  K=1 (deploy)              K=5 (train)
  mean_violation   = 0.000128  ->  0.000062              0.000046
  illegal_pairs    = 1.08%      ->  0.85%                 0.70%
  legal_clouds     = 0.00%      ->  3.12%                 9.38%
  mean_nn_dist     = 0.050980  ->  0.053524              0.054289
  displacement     =                0.0141 (0.283x rd)   0.0610 (1.220x rd)
  correction_eff   =                0.0047 (11.5% ceil)         0.0013 (3.3% ceil)
2026-05-26 14:00:05 +00:07:12 -00:35:36 [INFO] iter=  1800  0.261s/iter  lr=9.22e-04  loss=0.016539
                                  K=1 (deploy)              K=5 (train)
  mean_violation   = 0.000128  ->  0.000048              0.000030
  illegal_pairs    = 1.08%      ->  0.72%                 0.52%
  legal_clouds     = 0.00%      ->  6.25%                 18.75%
  mean_nn_dist     = 0.050980  ->  0.054276              0.055043
  displacement     =                0.0109 (0.218x rd)   0.0473 (0.947x rd)
  correction_eff   =                0.0074 (18.1% ceil)         0.0021 (5.1% ceil)
2026-05-26 14:00:30 +00:07:37 -00:33:58 [INFO] iter=  1900  0.252s/iter  lr=9.14e-04  loss=0.011283
                                  K=1 (deploy)              K=5 (train)
  mean_violation   = 0.000128  ->  0.000045              0.000035
  illegal_pairs    = 1.08%      ->  0.73%                 0.57%
  legal_clouds     = 0.00%      ->  6.25%                 21.88%
  mean_nn_dist     = 0.050980  ->  0.054290              0.054780
  displacement     =                0.0111 (0.222x rd)   0.0482 (0.964x rd)
  correction_eff   =                0.0075 (18.3% ceil)         0.0019 (4.8% ceil)
2026-05-26 14:00:54 +00:08:01 -00:30:57 [INFO] iter=  2000  0.232s/iter  lr=9.05e-04  loss=0.009092
                                  K=1 (deploy)              K=5 (train)
  mean_violation   = 0.000128  ->  0.000042              0.000027
  illegal_pairs    = 1.08%      ->  0.71%                 0.43%
  legal_clouds     = 0.00%      ->  6.25%                 18.75%
  mean_nn_dist     = 0.050980  ->  0.054500              0.055204
  displacement     =                0.0107 (0.214x rd)   0.0468 (0.937x rd)
  correction_eff   =                0.0081 (19.8% ceil)         0.0022 (5.3% ceil)
2026-05-26 14:01:20 +00:08:27 -00:34:43 [INFO] iter=  2100  0.264s/iter  lr=8.95e-04  loss=0.008368
                                  K=1 (deploy)              K=5 (train)
  mean_violation   = 0.000128  ->  0.000040              0.000023
  illegal_pairs    = 1.08%      ->  0.67%                 0.42%
  legal_clouds     = 0.00%      ->  6.25%                 18.75%
  mean_nn_dist     = 0.050980  ->  0.054625              0.055461
  displacement     =                0.0103 (0.206x rd)   0.0455 (0.909x rd)
  correction_eff   =                0.0086 (21.1% ceil)         0.0023 (5.7% ceil)
2026-05-26 14:01:46 +00:08:53 -00:33:20 [INFO] iter=  2200  0.256s/iter  lr=8.85e-04  loss=0.014314
                                  K=1 (deploy)              K=5 (train)
  mean_violation   = 0.000128  ->  0.000051              0.000044
  illegal_pairs    = 1.08%      ->  0.75%                 0.66%
  legal_clouds     = 0.00%      ->  3.12%                 9.38%
  mean_nn_dist     = 0.050980  ->  0.054026              0.054514
  displacement     =                0.0105 (0.210x rd)   0.0358 (0.716x rd)
  correction_eff   =                0.0073 (18.0% ceil)         0.0024 (5.8% ceil)
2026-05-26 14:02:10 +00:09:17 -00:31:22 [INFO] iter=  2300  0.244s/iter  lr=8.75e-04  loss=0.009530
                                  K=1 (deploy)              K=5 (train)
  mean_violation   = 0.000128  ->  0.000037              0.000016
  illegal_pairs    = 1.08%      ->  0.67%                 0.41%
  legal_clouds     = 0.00%      ->  3.12%                 15.62%
  mean_nn_dist     = 0.050980  ->  0.054701              0.055394
  displacement     =                0.0091 (0.182x rd)   0.0395 (0.789x rd)
  correction_eff   =                0.0100 (24.4% ceil)         0.0028 (6.9% ceil)
2026-05-26 14:02:34 +00:09:41 -00:30:23 [INFO] iter=  2400  0.240s/iter  lr=8.65e-04  loss=0.007321
                                  K=1 (deploy)              K=5 (train)
  mean_violation   = 0.000128  ->  0.000040              0.000023
  illegal_pairs    = 1.08%      ->  0.71%                 0.49%
  legal_clouds     = 0.00%      ->  3.12%                 9.38%
  mean_nn_dist     = 0.050980  ->  0.054483              0.054919
  displacement     =                0.0092 (0.184x rd)   0.0338 (0.676x rd)
  correction_eff   =                0.0096 (23.4% ceil)         0.0031 (7.6% ceil)
2026-05-26 14:03:00 +00:10:07 -00:32:20 [INFO] iter=  2500  0.259s/iter  lr=8.54e-04  loss=0.008967
                                  K=1 (deploy)              K=5 (train)
  mean_violation   = 0.000128  ->  0.000046              0.000025
  illegal_pairs    = 1.08%      ->  0.72%                 0.46%
  legal_clouds     = 0.00%      ->  6.25%                 12.50%
  mean_nn_dist     = 0.050980  ->  0.054200              0.055123
  displacement     =                0.0103 (0.205x rd)   0.0422 (0.845x rd)
  correction_eff   =                0.0080 (19.7% ceil)         0.0025 (6.0% ceil)
2026-05-26 14:03:27 +00:10:34 -00:33:52 [INFO] iter=  2600  0.275s/iter  lr=8.42e-04  loss=0.008315
                                  K=1 (deploy)              K=5 (train)
  mean_violation   = 0.000128  ->  0.000036              0.000014
  illegal_pairs    = 1.08%      ->  0.69%                 0.34%
  legal_clouds     = 0.00%      ->  6.25%                 28.12%
  mean_nn_dist     = 0.050980  ->  0.054735              0.055592
  displacement     =                0.0084 (0.168x rd)   0.0336 (0.671x rd)
  correction_eff   =                0.0109 (26.8% ceil)         0.0034 (8.3% ceil)
2026-05-26 14:03:54 +00:11:01 -00:31:55 [INFO] iter=  2700  0.262s/iter  lr=8.31e-04  loss=0.009440
                                  K=1 (deploy)              K=5 (train)
  mean_violation   = 0.000128  ->  0.000034              0.000008
  illegal_pairs    = 1.08%      ->  0.66%                 0.25%
  legal_clouds     = 0.00%      ->  9.38%                 37.50%
  mean_nn_dist     = 0.050980  ->  0.054934              0.056103
  displacement     =                0.0076 (0.152x rd)   0.0313 (0.627x rd)
  correction_eff   =                0.0123 (30.2% ceil)         0.0038 (9.4% ceil)
2026-05-26 14:04:20 +00:11:27 -00:31:43 [INFO] iter=  2800  0.264s/iter  lr=8.19e-04  loss=0.008781
                                  K=1 (deploy)              K=5 (train)
  mean_violation   = 0.000128  ->  0.000033              0.000009
  illegal_pairs    = 1.08%      ->  0.63%                 0.29%
  legal_clouds     = 0.00%      ->  9.38%                 37.50%
  mean_nn_dist     = 0.050980  ->  0.055013              0.056083
  displacement     =                0.0081 (0.161x rd)   0.0348 (0.697x rd)
  correction_eff   =                0.0119 (29.1% ceil)         0.0034 (8.4% ceil)
2026-05-26 14:04:45 +00:11:52 -00:29:41 [INFO] iter=  2900  0.251s/iter  lr=8.07e-04  loss=0.008566
                                  K=1 (deploy)              K=5 (train)
  mean_violation   = 0.000128  ->  0.000032              0.000007
  illegal_pairs    = 1.08%      ->  0.62%                 0.26%
  legal_clouds     = 0.00%      ->  9.38%                 34.38%
  mean_nn_dist     = 0.050980  ->  0.055047              0.056216
  displacement     =                0.0072 (0.144x rd)   0.0277 (0.555x rd)
  correction_eff   =                0.0133 (32.7% ceil)         0.0044 (10.7% ceil)
2026-05-26 14:05:11 +00:12:18 -00:30:15 [INFO] iter=  3000  0.259s/iter  lr=7.94e-04  loss=0.008216
                                  K=1 (deploy)              K=5 (train)
  mean_violation   = 0.000128  ->  0.000033              0.000009
  illegal_pairs    = 1.08%      ->  0.63%                 0.29%
  legal_clouds     = 0.00%      ->  9.38%                 21.88%
  mean_nn_dist     = 0.050980  ->  0.055002              0.056089
  displacement     =                0.0075 (0.150x rd)   0.0299 (0.598x rd)
  correction_eff   =                0.0126 (31.0% ceil)         0.0040 (9.8% ceil)
2026-05-26 14:05:39 +00:12:46 -00:31:38 [INFO] iter=  3100  0.275s/iter  lr=7.81e-04  loss=0.008169
                                  K=1 (deploy)              K=5 (train)
  mean_violation   = 0.000128  ->  0.000031              0.000006
  illegal_pairs    = 1.08%      ->  0.61%                 0.21%
  legal_clouds     = 0.00%      ->  12.50%                 46.88%
  mean_nn_dist     = 0.050980  ->  0.055130              0.056276
  displacement     =                0.0074 (0.148x rd)   0.0308 (0.616x rd)
  correction_eff   =                0.0131 (32.2% ceil)         0.0040 (9.7% ceil)
2026-05-26 14:06:05 +00:13:12 -00:29:37 [INFO] iter=  3200  0.261s/iter  lr=7.68e-04  loss=0.007803
                                  K=1 (deploy)              K=5 (train)
  mean_violation   = 0.000128  ->  0.000032              0.000007
  illegal_pairs    = 1.08%      ->  0.63%                 0.26%
  legal_clouds     = 0.00%      ->  9.38%                 31.25%
  mean_nn_dist     = 0.050980  ->  0.055012              0.056108
  displacement     =                0.0073 (0.146x rd)   0.0289 (0.577x rd)
  correction_eff   =                0.0131 (32.2% ceil)         0.0042 (10.3% ceil)
2026-05-26 14:06:31 +00:13:38 -00:29:08 [INFO] iter=  3300  0.261s/iter  lr=7.55e-04  loss=0.007992
                                  K=1 (deploy)              K=5 (train)
  mean_violation   = 0.000128  ->  0.000031              0.000006
  illegal_pairs    = 1.08%      ->  0.63%                 0.23%
  legal_clouds     = 0.00%      ->  9.38%                 34.38%
  mean_nn_dist     = 0.050980  ->  0.055119              0.056157
  displacement     =                0.0071 (0.143x rd)   0.0284 (0.567x rd)
  correction_eff   =                0.0137 (33.5% ceil)         0.0043 (10.5% ceil)
2026-05-26 14:06:57 +00:14:04 -00:28:31 [INFO] iter=  3400  0.259s/iter  lr=7.41e-04  loss=0.006706
                                  K=1 (deploy)              K=5 (train)
  mean_violation   = 0.000128  ->  0.000027              0.000003
  illegal_pairs    = 1.08%      ->  0.58%                 0.13%
  legal_clouds     = 0.00%      ->  15.62%                 56.25%
  mean_nn_dist     = 0.050980  ->  0.055361              0.056486
  displacement     =                0.0059 (0.119x rd)   0.0206 (0.411x rd)
  correction_eff   =                0.0171 (41.9% ceil)         0.0061 (15.0% ceil)
2026-05-26 14:07:23 +00:14:30 -00:28:06 [INFO] iter=  3500  0.259s/iter  lr=7.27e-04  loss=0.017574
                                  K=1 (deploy)              K=5 (train)
  mean_violation   = 0.000128  ->  0.000030              0.000011
  illegal_pairs    = 1.08%      ->  0.60%                 0.29%
  legal_clouds     = 0.00%      ->  12.50%                 28.12%
  mean_nn_dist     = 0.050980  ->  0.055199              0.056113
  displacement     =                0.0064 (0.128x rd)   0.0167 (0.334x rd)
  correction_eff   =                0.0153 (37.6% ceil)         0.0070 (17.2% ceil)
2026-05-26 14:07:50 +00:14:57 -00:29:01 [INFO] iter=  3600  0.272s/iter  lr=7.13e-04  loss=0.009089
                                  K=1 (deploy)              K=5 (train)
  mean_violation   = 0.000128  ->  0.000029              0.000007
  illegal_pairs    = 1.08%      ->  0.61%                 0.21%
  legal_clouds     = 0.00%      ->  12.50%                 40.62%
  mean_nn_dist     = 0.050980  ->  0.055292              0.056288
  displacement     =                0.0058 (0.116x rd)   0.0152 (0.304x rd)
  correction_eff   =                0.0172 (42.1% ceil)         0.0080 (19.5% ceil)
2026-05-26 14:08:16 +00:15:23 -00:27:06 [INFO] iter=  3700  0.258s/iter  lr=6.99e-04  loss=0.006574
                                  K=1 (deploy)              K=5 (train)
  mean_violation   = 0.000128  ->  0.000029              0.000006
  illegal_pairs    = 1.08%      ->  0.69%                 0.26%
  legal_clouds     = 0.00%      ->  6.25%                 34.38%
  mean_nn_dist     = 0.050980  ->  0.055072              0.056056
  displacement     =                0.0072 (0.144x rd)   0.0309 (0.618x rd)
  correction_eff   =                0.0137 (33.6% ceil)         0.0040 (9.7% ceil)
2026-05-26 14:08:42 +00:15:49 -00:26:43 [INFO] iter=  3800  0.259s/iter  lr=6.84e-04  loss=0.007735
                                  K=1 (deploy)              K=5 (train)
  mean_violation   = 0.000128  ->  0.000031              0.000007
  illegal_pairs    = 1.08%      ->  0.62%                 0.21%
  legal_clouds     = 0.00%      ->  9.38%                 21.88%
  mean_nn_dist     = 0.050980  ->  0.055046              0.056092
  displacement     =                0.0067 (0.135x rd)   0.0229 (0.457x rd)
  correction_eff   =                0.0144 (35.3% ceil)         0.0053 (13.0% ceil)
2026-05-26 14:09:08 +00:16:14 -00:26:17 [INFO] iter=  3900  0.259s/iter  lr=6.70e-04  loss=0.008037
                                  K=1 (deploy)              K=5 (train)
  mean_violation   = 0.000128  ->  0.000027              0.000008
  illegal_pairs    = 1.08%      ->  0.54%                 0.22%
  legal_clouds     = 0.00%      ->  12.50%                 40.62%
  mean_nn_dist     = 0.050980  ->  0.055389              0.056316
  displacement     =                0.0074 (0.148x rd)   0.0296 (0.591x rd)
  correction_eff   =                0.0137 (33.6% ceil)         0.0041 (10.0% ceil)
2026-05-26 14:09:33 +00:16:40 -00:25:52 [INFO] iter=  4000  0.259s/iter  lr=6.55e-04  loss=0.007703
                                  K=1 (deploy)              K=5 (train)
  mean_violation   = 0.000128  ->  0.000027              0.000007
  illegal_pairs    = 1.08%      ->  0.56%                 0.23%
  legal_clouds     = 0.00%      ->  12.50%                 34.38%
  mean_nn_dist     = 0.050980  ->  0.055304              0.056166
  displacement     =                0.0072 (0.144x rd)   0.0283 (0.567x rd)
  correction_eff   =                0.0140 (34.4% ceil)         0.0043 (10.4% ceil)
2026-05-26 14:10:01 +00:17:08 -00:26:52 [INFO] iter=  4100  0.273s/iter  lr=6.40e-04  loss=0.007076
                                  K=1 (deploy)              K=5 (train)
  mean_violation   = 0.000128  ->  0.000026              0.000008
  illegal_pairs    = 1.08%      ->  0.59%                 0.27%
  legal_clouds     = 0.00%      ->  12.50%                 34.38%
  mean_nn_dist     = 0.050980  ->  0.055309              0.056113
  displacement     =                0.0067 (0.135x rd)   0.0258 (0.516x rd)
  correction_eff   =                0.0151 (37.1% ceil)         0.0047 (11.4% ceil)
2026-05-26 14:10:27 +00:17:34 -00:25:01 [INFO] iter=  4200  0.259s/iter  lr=6.25e-04  loss=0.006407
                                  K=1 (deploy)              K=5 (train)
  mean_violation   = 0.000128  ->  0.000025              0.000007
  illegal_pairs    = 1.08%      ->  0.57%                 0.23%
  legal_clouds     = 0.00%      ->  15.62%                 25.00%
  mean_nn_dist     = 0.050980  ->  0.055334              0.056284
  displacement     =                0.0066 (0.132x rd)   0.0247 (0.494x rd)
  correction_eff   =                0.0155 (38.1% ceil)         0.0049 (12.1% ceil)
2026-05-26 14:10:53 +00:18:00 -00:24:42 [INFO] iter=  4300  0.260s/iter  lr=6.09e-04  loss=0.006621
                                  K=1 (deploy)              K=5 (train)
  mean_violation   = 0.000128  ->  0.000025              0.000004
  illegal_pairs    = 1.08%      ->  0.58%                 0.16%
  legal_clouds     = 0.00%      ->  18.75%                 43.75%
  mean_nn_dist     = 0.050980  ->  0.055336              0.056335
  displacement     =                0.0065 (0.130x rd)   0.0252 (0.503x rd)
  correction_eff   =                0.0159 (38.9% ceil)         0.0049 (12.1% ceil)
2026-05-26 14:11:19 +00:18:26 -00:24:19 [INFO] iter=  4400  0.261s/iter  lr=5.94e-04  loss=0.005354
                                  K=1 (deploy)              K=5 (train)
  mean_violation   = 0.000128  ->  0.000024              0.000003
  illegal_pairs    = 1.08%      ->  0.54%                 0.15%
  legal_clouds     = 0.00%      ->  18.75%                 40.62%
  mean_nn_dist     = 0.050980  ->  0.055443              0.056512
  displacement     =                0.0062 (0.123x rd)   0.0221 (0.441x rd)
  correction_eff   =                0.0169 (41.5% ceil)         0.0057 (13.9% ceil)
2026-05-26 14:11:45 +00:18:52 -00:23:46 [INFO] iter=  4500  0.259s/iter  lr=5.79e-04  loss=0.005507
                                  K=1 (deploy)              K=5 (train)
  mean_violation   = 0.000128  ->  0.000024              0.000003
  illegal_pairs    = 1.08%      ->  0.56%                 0.15%
  legal_clouds     = 0.00%      ->  18.75%                 46.88%
  mean_nn_dist     = 0.050980  ->  0.055390              0.056419
  displacement     =                0.0063 (0.125x rd)   0.0230 (0.459x rd)
  correction_eff   =                0.0167 (40.8% ceil)         0.0054 (13.3% ceil)
2026-05-26 14:12:12 +00:19:19 -00:24:41 [INFO] iter=  4600  0.274s/iter  lr=5.63e-04  loss=0.005513
                                  K=1 (deploy)              K=5 (train)
  mean_violation   = 0.000128  ->  0.000024              0.000005
  illegal_pairs    = 1.08%      ->  0.58%                 0.21%
  legal_clouds     = 0.00%      ->  15.62%                 40.62%
  mean_nn_dist     = 0.050980  ->  0.055335              0.056281
  displacement     =                0.0065 (0.130x rd)   0.0241 (0.483x rd)
  correction_eff   =                0.0161 (39.3% ceil)         0.0051 (12.5% ceil)
2026-05-26 14:12:38 +00:19:45 -00:22:57 [INFO] iter=  4700  0.260s/iter  lr=5.48e-04  loss=0.005204
                                  K=1 (deploy)              K=5 (train)
  mean_violation   = 0.000128  ->  0.000023              0.000004
  illegal_pairs    = 1.08%      ->  0.54%                 0.16%
  legal_clouds     = 0.00%      ->  15.62%                 34.38%
  mean_nn_dist     = 0.050980  ->  0.055485              0.056496
  displacement     =                0.0063 (0.126x rd)   0.0224 (0.449x rd)
  correction_eff   =                0.0167 (40.8% ceil)         0.0055 (13.5% ceil)
2026-05-26 14:13:04 +00:20:11 -00:22:22 [INFO] iter=  4800  0.258s/iter  lr=5.32e-04  loss=0.005558
                                  K=1 (deploy)              K=5 (train)
  mean_violation   = 0.000128  ->  0.000023              0.000004
  illegal_pairs    = 1.08%      ->  0.59%                 0.18%
  legal_clouds     = 0.00%      ->  15.62%                 37.50%
  mean_nn_dist     = 0.050980  ->  0.055383              0.056364
  displacement     =                0.0062 (0.125x rd)   0.0226 (0.451x rd)
  correction_eff   =                0.0168 (41.3% ceil)         0.0055 (13.5% ceil)
2026-05-26 14:13:30 +00:20:37 -00:22:01 [INFO] iter=  4900  0.259s/iter  lr=5.16e-04  loss=0.005205
                                  K=1 (deploy)              K=5 (train)
  mean_violation   = 0.000128  ->  0.000023              0.000003
  illegal_pairs    = 1.08%      ->  0.56%                 0.17%
  legal_clouds     = 0.00%      ->  21.88%                 40.62%
  mean_nn_dist     = 0.050980  ->  0.055407              0.056373
  displacement     =                0.0060 (0.119x rd)   0.0216 (0.432x rd)
  correction_eff   =                0.0176 (43.2% ceil)         0.0058 (14.2% ceil)
2026-05-26 14:13:56 +00:21:03 -00:21:39 [INFO] iter=  5000  0.260s/iter  lr=5.01e-04  loss=0.004979
                                  K=1 (deploy)              K=5 (train)
  mean_violation   = 0.000128  ->  0.000023              0.000004
  illegal_pairs    = 1.08%      ->  0.56%                 0.16%
  legal_clouds     = 0.00%      ->  18.75%                 40.62%
  mean_nn_dist     = 0.050980  ->  0.055410              0.056383
  displacement     =                0.0059 (0.119x rd)   0.0193 (0.387x rd)
  correction_eff   =                0.0177 (43.5% ceil)         0.0064 (15.8% ceil)
2026-05-26 14:14:23 +00:21:30 -00:22:23 [INFO] iter=  5100  0.274s/iter  lr=4.85e-04  loss=0.004898
                                  K=1 (deploy)              K=5 (train)
  mean_violation   = 0.000128  ->  0.000022              0.000002
  illegal_pairs    = 1.08%      ->  0.55%                 0.11%
  legal_clouds     = 0.00%      ->  18.75%                 56.25%
  mean_nn_dist     = 0.050980  ->  0.055519              0.056506
  displacement     =                0.0056 (0.112x rd)   0.0179 (0.357x rd)
  correction_eff   =                0.0190 (46.7% ceil)         0.0071 (17.3% ceil)
2026-05-26 14:14:49 +00:21:56 -00:20:45 [INFO] iter=  5200  0.260s/iter  lr=4.69e-04  loss=0.004707
                                  K=1 (deploy)              K=5 (train)
  mean_violation   = 0.000128  ->  0.000022              0.000002
  illegal_pairs    = 1.08%      ->  0.54%                 0.12%
  legal_clouds     = 0.00%      ->  18.75%                 53.12%
  mean_nn_dist     = 0.050980  ->  0.055521              0.056537
  displacement     =                0.0057 (0.115x rd)   0.0181 (0.362x rd)
  correction_eff   =                0.0185 (45.4% ceil)         0.0070 (17.1% ceil)
2026-05-26 14:15:15 +00:22:22 -00:20:14 [INFO] iter=  5300  0.258s/iter  lr=4.53e-04  loss=0.004833
                                  K=1 (deploy)              K=5 (train)
  mean_violation   = 0.000128  ->  0.000022              0.000003
  illegal_pairs    = 1.08%      ->  0.56%                 0.18%
  legal_clouds     = 0.00%      ->  18.75%                 43.75%
  mean_nn_dist     = 0.050980  ->  0.055413              0.056291
  displacement     =                0.0057 (0.114x rd)   0.0184 (0.368x rd)
  correction_eff   =                0.0186 (45.6% ceil)         0.0068 (16.6% ceil)
2026-05-26 14:15:41 +00:22:48 -00:19:54 [INFO] iter=  5400  0.260s/iter  lr=4.38e-04  loss=0.004502
                                  K=1 (deploy)              K=5 (train)
  mean_violation   = 0.000128  ->  0.000021              0.000002
  illegal_pairs    = 1.08%      ->  0.54%                 0.15%
  legal_clouds     = 0.00%      ->  18.75%                 50.00%
  mean_nn_dist     = 0.050980  ->  0.055485              0.056392
  displacement     =                0.0054 (0.108x rd)   0.0174 (0.348x rd)
  correction_eff   =                0.0197 (48.2% ceil)         0.0072 (17.7% ceil)
2026-05-26 14:16:07 +00:23:14 -00:19:40 [INFO] iter=  5500  0.262s/iter  lr=4.22e-04  loss=0.004419
                                  K=1 (deploy)              K=5 (train)
  mean_violation   = 0.000128  ->  0.000021              0.000002
  illegal_pairs    = 1.08%      ->  0.57%                 0.17%
  legal_clouds     = 0.00%      ->  18.75%                 50.00%
  mean_nn_dist     = 0.050980  ->  0.055461              0.056363
  displacement     =                0.0053 (0.106x rd)   0.0163 (0.326x rd)
  correction_eff   =                0.0201 (49.3% ceil)         0.0077 (18.9% ceil)
2026-05-26 14:16:35 +00:23:41 -00:20:00 [INFO] iter=  5600  0.273s/iter  lr=4.07e-04  loss=0.004277
                                  K=1 (deploy)              K=5 (train)
  mean_violation   = 0.000128  ->  0.000021              0.000003
  illegal_pairs    = 1.08%      ->  0.53%                 0.13%
  legal_clouds     = 0.00%      ->  21.88%                 53.12%
  mean_nn_dist     = 0.050980  ->  0.055574              0.056511
  displacement     =                0.0051 (0.102x rd)   0.0138 (0.275x rd)
  correction_eff   =                0.0210 (51.5% ceil)         0.0091 (22.3% ceil)
2026-05-26 14:17:01 +00:24:08 -00:18:43 [INFO] iter=  5700  0.261s/iter  lr=3.92e-04  loss=0.004467
                                  K=1 (deploy)              K=5 (train)
  mean_violation   = 0.000128  ->  0.000021              0.000002
  illegal_pairs    = 1.08%      ->  0.51%                 0.13%
  legal_clouds     = 0.00%      ->  21.88%                 46.88%
  mean_nn_dist     = 0.050980  ->  0.055608              0.056560
  displacement     =                0.0055 (0.110x rd)   0.0172 (0.343x rd)
  correction_eff   =                0.0196 (48.1% ceil)         0.0073 (18.0% ceil)
2026-05-26 14:17:27 +00:24:33 -00:18:09 [INFO] iter=  5800  0.259s/iter  lr=3.76e-04  loss=0.004019
                                  K=1 (deploy)              K=5 (train)
  mean_violation   = 0.000128  ->  0.000021              0.000002
  illegal_pairs    = 1.08%      ->  0.56%                 0.14%
  legal_clouds     = 0.00%      ->  15.62%                 56.25%
  mean_nn_dist     = 0.050980  ->  0.055508              0.056439
  displacement     =                0.0052 (0.104x rd)   0.0149 (0.299x rd)
  correction_eff   =                0.0207 (50.6% ceil)         0.0084 (20.7% ceil)
2026-05-26 14:17:53 +00:24:59 -00:17:46 [INFO] iter=  5900  0.260s/iter  lr=3.61e-04  loss=0.003914
                                  K=1 (deploy)              K=5 (train)
  mean_violation   = 0.000128  ->  0.000020              0.000002
  illegal_pairs    = 1.08%      ->  0.53%                 0.12%
  legal_clouds     = 0.00%      ->  21.88%                 46.88%
  mean_nn_dist     = 0.050980  ->  0.055575              0.056458
  displacement     =                0.0049 (0.098x rd)   0.0134 (0.267x rd)
  correction_eff   =                0.0221 (54.3% ceil)         0.0094 (23.1% ceil)
2026-05-26 14:18:19 +00:25:25 -00:17:20 [INFO] iter=  6000  0.260s/iter  lr=3.46e-04  loss=0.003641
                                  K=1 (deploy)              K=5 (train)
  mean_violation   = 0.000128  ->  0.000020              0.000001
  illegal_pairs    = 1.08%      ->  0.49%                 0.07%
  legal_clouds     = 0.00%      ->  18.75%                 65.62%
  mean_nn_dist     = 0.050980  ->  0.055662              0.056635
  displacement     =                0.0050 (0.100x rd)   0.0134 (0.268x rd)
  correction_eff   =                0.0218 (53.3% ceil)         0.0095 (23.3% ceil)
2026-05-26 14:18:46 +00:25:53 -00:17:43 [INFO] iter=  6100  0.273s/iter  lr=3.31e-04  loss=0.003041
                                  K=1 (deploy)              K=5 (train)
  mean_violation   = 0.000128  ->  0.000020              0.000004
  illegal_pairs    = 1.08%      ->  0.52%                 0.16%
  legal_clouds     = 0.00%      ->  18.75%                 40.62%
  mean_nn_dist     = 0.050980  ->  0.055618              0.056402
  displacement     =                0.0058 (0.116x rd)   0.0186 (0.372x rd)
  correction_eff   =                0.0186 (45.6% ceil)         0.0067 (16.3% ceil)
2026-05-26 14:19:12 +00:26:19 -00:16:23 [INFO] iter=  6200  0.259s/iter  lr=3.17e-04  loss=0.004899
                                  K=1 (deploy)              K=5 (train)
  mean_violation   = 0.000128  ->  0.000022              0.000005
  illegal_pairs    = 1.08%      ->  0.53%                 0.17%
  legal_clouds     = 0.00%      ->  9.38%                 28.12%
  mean_nn_dist     = 0.050980  ->  0.055556              0.056376
  displacement     =                0.0055 (0.109x rd)   0.0137 (0.274x rd)
  correction_eff   =                0.0194 (47.6% ceil)         0.0090 (22.0% ceil)
2026-05-26 14:19:38 +00:26:45 -00:16:04 [INFO] iter=  6300  0.261s/iter  lr=3.02e-04  loss=0.004188
                                  K=1 (deploy)              K=5 (train)
  mean_violation   = 0.000128  ->  0.000020              0.000003
  illegal_pairs    = 1.08%      ->  0.53%                 0.21%
  legal_clouds     = 0.00%      ->  18.75%                 37.50%
  mean_nn_dist     = 0.050980  ->  0.055538              0.056253
  displacement     =                0.0046 (0.092x rd)   0.0112 (0.223x rd)
  correction_eff   =                0.0235 (57.6% ceil)         0.0112 (27.4% ceil)
2026-05-26 14:20:04 +00:27:11 -00:15:32 [INFO] iter=  6400  0.259s/iter  lr=2.88e-04  loss=0.003179
                                  K=1 (deploy)              K=5 (train)
  mean_violation   = 0.000128  ->  0.000020              0.000003
  illegal_pairs    = 1.08%      ->  0.51%                 0.15%
  legal_clouds     = 0.00%      ->  18.75%                 56.25%
  mean_nn_dist     = 0.050980  ->  0.055593              0.056344
  displacement     =                0.0052 (0.104x rd)   0.0150 (0.300x rd)
  correction_eff   =                0.0208 (51.0% ceil)         0.0083 (20.4% ceil)
2026-05-26 14:20:30 +00:27:37 -00:15:11 [INFO] iter=  6500  0.260s/iter  lr=2.74e-04  loss=0.002984
                                  K=1 (deploy)              K=5 (train)
  mean_violation   = 0.000128  ->  0.000020              0.000003
  illegal_pairs    = 1.08%      ->  0.54%                 0.18%
  legal_clouds     = 0.00%      ->  12.50%                 46.88%
  mean_nn_dist     = 0.050980  ->  0.055555              0.056290
  displacement     =                0.0049 (0.099x rd)   0.0134 (0.269x rd)
  correction_eff   =                0.0219 (53.8% ceil)         0.0093 (22.8% ceil)
2026-05-26 14:20:57 +00:28:04 -00:15:23 [INFO] iter=  6600  0.272s/iter  lr=2.60e-04  loss=0.002969
                                  K=1 (deploy)              K=5 (train)
  mean_violation   = 0.000128  ->  0.000019              0.000001
  illegal_pairs    = 1.08%      ->  0.53%                 0.12%
  legal_clouds     = 0.00%      ->  15.62%                 53.12%
  mean_nn_dist     = 0.050980  ->  0.055590              0.056375
  displacement     =                0.0047 (0.094x rd)   0.0126 (0.251x rd)
  correction_eff   =                0.0232 (56.9% ceil)         0.0101 (24.8% ceil)
2026-05-26 14:21:23 +00:28:30 -00:14:10 [INFO] iter=  6700  0.258s/iter  lr=2.46e-04  loss=0.003202
                                  K=1 (deploy)              K=5 (train)
  mean_violation   = 0.000128  ->  0.000019              0.000001
  illegal_pairs    = 1.08%      ->  0.53%                 0.12%
  legal_clouds     = 0.00%      ->  12.50%                 46.88%
  mean_nn_dist     = 0.050980  ->  0.055561              0.056346
  displacement     =                0.0044 (0.089x rd)   0.0106 (0.211x rd)
  correction_eff   =                0.0246 (60.2% ceil)         0.0120 (29.4% ceil)
2026-05-26 14:21:49 +00:28:56 -00:13:58 [INFO] iter=  6800  0.262s/iter  lr=2.33e-04  loss=0.002826
                                  K=1 (deploy)              K=5 (train)
  mean_violation   = 0.000128  ->  0.000019              0.000002
  illegal_pairs    = 1.08%      ->  0.52%                 0.11%
  legal_clouds     = 0.00%      ->  9.38%                 53.12%
  mean_nn_dist     = 0.050980  ->  0.055585              0.056343
  displacement     =                0.0046 (0.092x rd)   0.0108 (0.215x rd)
  correction_eff   =                0.0238 (58.2% ceil)         0.0118 (28.8% ceil)
2026-05-26 14:22:15 +00:29:22 -00:13:31 [INFO] iter=  6900  0.262s/iter  lr=2.20e-04  loss=0.002893
                                  K=1 (deploy)              K=5 (train)
  mean_violation   = 0.000128  ->  0.000019              0.000001
  illegal_pairs    = 1.08%      ->  0.50%                 0.09%
  legal_clouds     = 0.00%      ->  9.38%                 46.88%
  mean_nn_dist     = 0.050980  ->  0.055636              0.056419
  displacement     =                0.0045 (0.091x rd)   0.0101 (0.203x rd)
  correction_eff   =                0.0240 (58.9% ceil)         0.0125 (30.7% ceil)
2026-05-26 14:22:41 +00:29:48 -00:13:06 [INFO] iter=  7000  0.262s/iter  lr=2.07e-04  loss=0.002675
                                  K=1 (deploy)              K=5 (train)
  mean_violation   = 0.000128  ->  0.000019              0.000001
  illegal_pairs    = 1.08%      ->  0.52%                 0.09%
  legal_clouds     = 0.00%      ->  15.62%                 53.12%
  mean_nn_dist     = 0.050980  ->  0.055660              0.056457
  displacement     =                0.0045 (0.091x rd)   0.0108 (0.216x rd)
  correction_eff   =                0.0242 (59.3% ceil)         0.0118 (28.9% ceil)
2026-05-26 14:23:08 +00:30:15 -00:12:48 [INFO] iter=  7100  0.265s/iter  lr=1.94e-04  loss=0.002700
                                  K=1 (deploy)              K=5 (train)
  mean_violation   = 0.000128  ->  0.000018              0.000001
  illegal_pairs    = 1.08%      ->  0.49%                 0.07%
  legal_clouds     = 0.00%      ->  15.62%                 59.38%
  mean_nn_dist     = 0.050980  ->  0.055693              0.056491
  displacement     =                0.0045 (0.089x rd)   0.0097 (0.193x rd)
  correction_eff   =                0.0246 (60.2% ceil)         0.0132 (32.3% ceil)
2026-05-26 14:23:34 +00:30:40 -00:12:02 [INFO] iter=  7200  0.258s/iter  lr=1.82e-04  loss=0.002602
                                  K=1 (deploy)              K=5 (train)
  mean_violation   = 0.000128  ->  0.000018              0.000001
  illegal_pairs    = 1.08%      ->  0.53%                 0.09%
  legal_clouds     = 0.00%      ->  12.50%                 59.38%
  mean_nn_dist     = 0.050980  ->  0.055630              0.056381
  displacement     =                0.0042 (0.085x rd)   0.0088 (0.177x rd)
  correction_eff   =                0.0259 (63.4% ceil)         0.0144 (35.2% ceil)
2026-05-26 14:23:58 +00:31:05 -00:11:05 [INFO] iter=  7300  0.247s/iter  lr=1.70e-04  loss=0.002441
                                  K=1 (deploy)              K=5 (train)
  mean_violation   = 0.000128  ->  0.000018              0.000000
  illegal_pairs    = 1.08%      ->  0.49%                 0.06%
  legal_clouds     = 0.00%      ->  18.75%                 62.50%
  mean_nn_dist     = 0.050980  ->  0.055678              0.056456
  displacement     =                0.0043 (0.086x rd)   0.0093 (0.185x rd)
  correction_eff   =                0.0256 (62.8% ceil)         0.0138 (33.8% ceil)
2026-05-26 14:24:23 +00:31:30 -00:10:52 [INFO] iter=  7400  0.251s/iter  lr=1.59e-04  loss=0.002413
                                  K=1 (deploy)              K=5 (train)
  mean_violation   = 0.000128  ->  0.000017              0.000001
  illegal_pairs    = 1.08%      ->  0.53%                 0.09%
  legal_clouds     = 0.00%      ->  15.62%                 62.50%
  mean_nn_dist     = 0.050980  ->  0.055662              0.056382
  displacement     =                0.0041 (0.082x rd)   0.0080 (0.159x rd)
  correction_eff   =                0.0272 (66.6% ceil)         0.0160 (39.2% ceil)
2026-05-26 14:24:50 +00:31:57 -00:10:59 [INFO] iter=  7500  0.264s/iter  lr=1.47e-04  loss=0.002275
                                  K=1 (deploy)              K=5 (train)
  mean_violation   = 0.000128  ->  0.000017              0.000001
  illegal_pairs    = 1.08%      ->  0.47%                 0.07%
  legal_clouds     = 0.00%      ->  15.62%                 62.50%
  mean_nn_dist     = 0.050980  ->  0.055703              0.056442
  displacement     =                0.0041 (0.083x rd)   0.0079 (0.159x rd)
  correction_eff   =                0.0268 (65.6% ceil)         0.0160 (39.3% ceil)
2026-05-26 14:25:17 +00:32:24 -00:10:56 [INFO] iter=  7600  0.274s/iter  lr=1.36e-04  loss=0.002260
                                  K=1 (deploy)              K=5 (train)
  mean_violation   = 0.000128  ->  0.000017              0.000001
  illegal_pairs    = 1.08%      ->  0.48%                 0.07%
  legal_clouds     = 0.00%      ->  15.62%                 62.50%
  mean_nn_dist     = 0.050980  ->  0.055720              0.056439
  displacement     =                0.0040 (0.080x rd)   0.0072 (0.144x rd)
  correction_eff   =                0.0278 (68.1% ceil)         0.0177 (43.3% ceil)
2026-05-26 14:25:42 +00:32:49 -00:09:37 [INFO] iter=  7700  0.251s/iter  lr=1.26e-04  loss=0.002189
                                  K=1 (deploy)              K=5 (train)
  mean_violation   = 0.000128  ->  0.000017              0.000001
  illegal_pairs    = 1.08%      ->  0.51%                 0.08%
  legal_clouds     = 0.00%      ->  15.62%                 65.62%
  mean_nn_dist     = 0.050980  ->  0.055702              0.056408
  displacement     =                0.0039 (0.079x rd)   0.0069 (0.139x rd)
  correction_eff   =                0.0283 (69.3% ceil)         0.0184 (45.0% ceil)
2026-05-26 14:26:09 +00:33:16 -00:09:45 [INFO] iter=  7800  0.266s/iter  lr=1.16e-04  loss=0.002190
                                  K=1 (deploy)              K=5 (train)
  mean_violation   = 0.000128  ->  0.000017              0.000001
  illegal_pairs    = 1.08%      ->  0.51%                 0.07%
  legal_clouds     = 0.00%      ->  18.75%                 62.50%
  mean_nn_dist     = 0.050980  ->  0.055694              0.056389
  displacement     =                0.0039 (0.077x rd)   0.0067 (0.134x rd)
  correction_eff   =                0.0289 (70.9% ceil)         0.0190 (46.7% ceil)
2026-05-26 14:26:34 +00:33:41 -00:08:48 [INFO] iter=  7900  0.251s/iter  lr=1.06e-04  loss=0.002028
                                  K=1 (deploy)              K=5 (train)
  mean_violation   = 0.000128  ->  0.000016              0.000001
  illegal_pairs    = 1.08%      ->  0.49%                 0.06%
  legal_clouds     = 0.00%      ->  18.75%                 71.88%
  mean_nn_dist     = 0.050980  ->  0.055727              0.056425
  displacement     =                0.0039 (0.079x rd)   0.0069 (0.138x rd)
  correction_eff   =                0.0283 (69.4% ceil)         0.0184 (45.1% ceil)
2026-05-26 14:27:01 +00:34:07 -00:08:51 [INFO] iter=  8000  0.266s/iter  lr=9.64e-05  loss=0.002066
                                  K=1 (deploy)              K=5 (train)
  mean_violation   = 0.000128  ->  0.000016              0.000001
  illegal_pairs    = 1.08%      ->  0.52%                 0.05%
  legal_clouds     = 0.00%      ->  18.75%                 71.88%
  mean_nn_dist     = 0.050980  ->  0.055727              0.056427
  displacement     =                0.0038 (0.076x rd)   0.0061 (0.122x rd)
  correction_eff   =                0.0296 (72.5% ceil)         0.0210 (51.3% ceil)
2026-05-26 14:27:28 +00:34:35 -00:08:45 [INFO] iter=  8100  0.277s/iter  lr=8.74e-05  loss=0.001979
                                  K=1 (deploy)              K=5 (train)
  mean_violation   = 0.000128  ->  0.000016              0.000001
  illegal_pairs    = 1.08%      ->  0.48%                 0.04%
  legal_clouds     = 0.00%      ->  21.88%                 68.75%
  mean_nn_dist     = 0.050980  ->  0.055771              0.056464
  displacement     =                0.0038 (0.077x rd)   0.0062 (0.124x rd)
  correction_eff   =                0.0292 (71.6% ceil)         0.0205 (50.3% ceil)
2026-05-26 14:27:55 +00:35:02 -00:07:59 [INFO] iter=  8200  0.266s/iter  lr=7.88e-05  loss=0.001937
                                  K=1 (deploy)              K=5 (train)
  mean_violation   = 0.000128  ->  0.000016              0.000001
  illegal_pairs    = 1.08%      ->  0.52%                 0.08%
  legal_clouds     = 0.00%      ->  21.88%                 59.38%
  mean_nn_dist     = 0.050980  ->  0.055725              0.056419
  displacement     =                0.0038 (0.075x rd)   0.0059 (0.117x rd)
  correction_eff   =                0.0298 (73.0% ceil)         0.0218 (53.3% ceil)
2026-05-26 14:28:21 +00:35:28 -00:07:28 [INFO] iter=  8300  0.264s/iter  lr=7.06e-05  loss=0.001924
                                  K=1 (deploy)              K=5 (train)
  mean_violation   = 0.000128  ->  0.000016              0.000001
  illegal_pairs    = 1.08%      ->  0.51%                 0.08%
  legal_clouds     = 0.00%      ->  18.75%                 59.38%
  mean_nn_dist     = 0.050980  ->  0.055732              0.056412
  displacement     =                0.0037 (0.074x rd)   0.0055 (0.111x rd)
  correction_eff   =                0.0304 (74.4% ceil)         0.0231 (56.5% ceil)
2026-05-26 14:28:48 +00:35:55 -00:07:04 [INFO] iter=  8400  0.265s/iter  lr=6.28e-05  loss=0.001818
                                  K=1 (deploy)              K=5 (train)
  mean_violation   = 0.000128  ->  0.000016              0.000001
  illegal_pairs    = 1.08%      ->  0.47%                 0.05%
  legal_clouds     = 0.00%      ->  18.75%                 65.62%
  mean_nn_dist     = 0.050980  ->  0.055786              0.056476
  displacement     =                0.0037 (0.074x rd)   0.0054 (0.108x rd)
  correction_eff   =                0.0303 (74.3% ceil)         0.0237 (58.2% ceil)
2026-05-26 14:29:14 +00:36:21 -00:06:38 [INFO] iter=  8500  0.265s/iter  lr=5.54e-05  loss=0.001938
                                  K=1 (deploy)              K=5 (train)
  mean_violation   = 0.000128  ->  0.000016              0.000000
  illegal_pairs    = 1.08%      ->  0.50%                 0.05%
  legal_clouds     = 0.00%      ->  18.75%                 71.88%
  mean_nn_dist     = 0.050980  ->  0.055754              0.056436
  displacement     =                0.0037 (0.074x rd)   0.0054 (0.108x rd)
  correction_eff   =                0.0305 (74.8% ceil)         0.0236 (57.7% ceil)
2026-05-26 14:29:42 +00:36:49 -00:06:26 [INFO] iter=  8600  0.276s/iter  lr=4.85e-05  loss=0.001904
                                  K=1 (deploy)              K=5 (train)
  mean_violation   = 0.000128  ->  0.000016              0.000000
  illegal_pairs    = 1.08%      ->  0.49%                 0.06%
  legal_clouds     = 0.00%      ->  18.75%                 68.75%
  mean_nn_dist     = 0.050980  ->  0.055765              0.056436
  displacement     =                0.0036 (0.072x rd)   0.0048 (0.096x rd)
  correction_eff   =                0.0314 (76.9% ceil)         0.0265 (64.9% ceil)
2026-05-26 14:30:08 +00:37:15 -00:05:42 [INFO] iter=  8700  0.263s/iter  lr=4.21e-05  loss=0.001815
                                  K=1 (deploy)              K=5 (train)
  mean_violation   = 0.000128  ->  0.000015              0.000000
  illegal_pairs    = 1.08%      ->  0.52%                 0.06%
  legal_clouds     = 0.00%      ->  15.62%                 65.62%
  mean_nn_dist     = 0.050980  ->  0.055757              0.056430
  displacement     =                0.0036 (0.071x rd)   0.0049 (0.097x rd)
  correction_eff   =                0.0316 (77.3% ceil)         0.0262 (64.3% ceil)
2026-05-26 14:30:35 +00:37:41 -00:05:16 [INFO] iter=  8800  0.263s/iter  lr=3.61e-05  loss=0.001776
                                  K=1 (deploy)              K=5 (train)
  mean_violation   = 0.000128  ->  0.000015              0.000000
  illegal_pairs    = 1.08%      ->  0.51%                 0.05%
  legal_clouds     = 0.00%      ->  18.75%                 68.75%
  mean_nn_dist     = 0.050980  ->  0.055762              0.056429
  displacement     =                0.0036 (0.071x rd)   0.0047 (0.094x rd)
  correction_eff   =                0.0318 (77.9% ceil)         0.0271 (66.5% ceil)
2026-05-26 14:31:01 +00:38:08 -00:04:51 [INFO] iter=  8900  0.265s/iter  lr=3.05e-05  loss=0.001741
                                  K=1 (deploy)              K=5 (train)
  mean_violation   = 0.000128  ->  0.000015              0.000000
  illegal_pairs    = 1.08%      ->  0.49%                 0.05%
  legal_clouds     = 0.00%      ->  21.88%                 71.88%
  mean_nn_dist     = 0.050980  ->  0.055778              0.056446
  displacement     =                0.0035 (0.070x rd)   0.0045 (0.090x rd)
  correction_eff   =                0.0321 (78.6% ceil)         0.0285 (69.7% ceil)
2026-05-26 14:31:27 +00:38:34 -00:04:20 [INFO] iter=  9000  0.261s/iter  lr=2.54e-05  loss=0.001735
                                  K=1 (deploy)              K=5 (train)
  mean_violation   = 0.000128  ->  0.000015              0.000000
  illegal_pairs    = 1.08%      ->  0.52%                 0.06%
  legal_clouds     = 0.00%      ->  21.88%                 68.75%
  mean_nn_dist     = 0.050980  ->  0.055766              0.056430
  displacement     =                0.0035 (0.070x rd)   0.0043 (0.087x rd)
  correction_eff   =                0.0324 (79.5% ceil)         0.0294 (72.1% ceil)
2026-05-26 14:31:55 +00:39:02 -00:04:09 [INFO] iter=  9100  0.278s/iter  lr=2.08e-05  loss=0.001691
                                  K=1 (deploy)              K=5 (train)
  mean_violation   = 0.000128  ->  0.000015              0.000000
  illegal_pairs    = 1.08%      ->  0.52%                 0.06%
  legal_clouds     = 0.00%      ->  15.62%                 68.75%
  mean_nn_dist     = 0.050980  ->  0.055763              0.056425
  displacement     =                0.0035 (0.069x rd)   0.0043 (0.085x rd)
  correction_eff   =                0.0326 (79.9% ceil)         0.0299 (73.4% ceil)
2026-05-26 14:32:21 +00:39:28 -00:03:32 [INFO] iter=  9200  0.265s/iter  lr=1.67e-05  loss=0.001676
                                  K=1 (deploy)              K=5 (train)
  mean_violation   = 0.000128  ->  0.000015              0.000000
  illegal_pairs    = 1.08%      ->  0.51%                 0.06%
  legal_clouds     = 0.00%      ->  12.50%                 65.62%
  mean_nn_dist     = 0.050980  ->  0.055765              0.056421
  displacement     =                0.0034 (0.069x rd)   0.0041 (0.082x rd)
  correction_eff   =                0.0329 (80.5% ceil)         0.0311 (76.1% ceil)
2026-05-26 14:32:48 +00:39:55 -00:03:05 [INFO] iter=  9300  0.265s/iter  lr=1.30e-05  loss=0.001673
                                  K=1 (deploy)              K=5 (train)
  mean_violation   = 0.000128  ->  0.000015              0.000000
  illegal_pairs    = 1.08%      ->  0.50%                 0.07%
  legal_clouds     = 0.00%      ->  18.75%                 59.38%
  mean_nn_dist     = 0.050980  ->  0.055767              0.056415
  displacement     =                0.0034 (0.068x rd)   0.0039 (0.078x rd)
  correction_eff   =                0.0333 (81.5% ceil)         0.0327 (80.2% ceil)
2026-05-26 14:33:14 +00:40:21 -00:02:38 [INFO] iter=  9400  0.264s/iter  lr=9.85e-06  loss=0.001664
                                  K=1 (deploy)              K=5 (train)
  mean_violation   = 0.000128  ->  0.000015              0.000000
  illegal_pairs    = 1.08%      ->  0.49%                 0.08%
  legal_clouds     = 0.00%      ->  18.75%                 56.25%
  mean_nn_dist     = 0.050980  ->  0.055764              0.056418
  displacement     =                0.0034 (0.068x rd)   0.0038 (0.076x rd)
  correction_eff   =                0.0335 (82.0% ceil)         0.0336 (82.4% ceil)
2026-05-26 14:33:41 +00:40:48 -00:02:12 [INFO] iter=  9500  0.265s/iter  lr=7.15e-06  loss=0.001656
                                  K=1 (deploy)              K=5 (train)
  mean_violation   = 0.000128  ->  0.000015              0.000001
  illegal_pairs    = 1.08%      ->  0.51%                 0.08%
  legal_clouds     = 0.00%      ->  15.62%                 56.25%
  mean_nn_dist     = 0.050980  ->  0.055761              0.056403
  displacement     =                0.0034 (0.068x rd)   0.0040 (0.080x rd)
  correction_eff   =                0.0331 (81.2% ceil)         0.0321 (78.6% ceil)
2026-05-26 14:34:08 +00:41:15 -00:01:50 [INFO] iter=  9600  0.276s/iter  lr=4.94e-06  loss=0.001639
                                  K=1 (deploy)              K=5 (train)
  mean_violation   = 0.000128  ->  0.000015              0.000000
  illegal_pairs    = 1.08%      ->  0.49%                 0.07%
  legal_clouds     = 0.00%      ->  18.75%                 59.38%
  mean_nn_dist     = 0.050980  ->  0.055761              0.056409
  displacement     =                0.0034 (0.068x rd)   0.0038 (0.077x rd)
  correction_eff   =                0.0334 (81.9% ceil)         0.0333 (81.7% ceil)
2026-05-26 14:34:35 +00:41:42 -00:01:19 [INFO] iter=  9700  0.265s/iter  lr=3.22e-06  loss=0.001648
                                  K=1 (deploy)              K=5 (train)
  mean_violation   = 0.000128  ->  0.000015              0.000000
  illegal_pairs    = 1.08%      ->  0.50%                 0.08%
  legal_clouds     = 0.00%      ->  15.62%                 59.38%
  mean_nn_dist     = 0.050980  ->  0.055761              0.056410
  displacement     =                0.0034 (0.068x rd)   0.0038 (0.077x rd)
  correction_eff   =                0.0334 (81.9% ceil)         0.0334 (81.8% ceil)
2026-05-26 14:35:01 +00:42:08 -00:00:52 [INFO] iter=  9800  0.264s/iter  lr=1.99e-06  loss=0.001632
                                  K=1 (deploy)              K=5 (train)
  mean_violation   = 0.000128  ->  0.000015              0.000000
  illegal_pairs    = 1.08%      ->  0.49%                 0.07%
  legal_clouds     = 0.00%      ->  18.75%                 59.38%
  mean_nn_dist     = 0.050980  ->  0.055762              0.056412
  displacement     =                0.0034 (0.068x rd)   0.0038 (0.076x rd)
  correction_eff   =                0.0335 (82.0% ceil)         0.0335 (82.0% ceil)
2026-05-26 14:35:28 +00:42:34 -00:00:26 [INFO] iter=  9900  0.263s/iter  lr=1.25e-06  loss=0.001618
                                  K=1 (deploy)              K=5 (train)
  mean_violation   = 0.000128  ->  0.000015              0.000001
  illegal_pairs    = 1.08%      ->  0.48%                 0.08%
  legal_clouds     = 0.00%      ->  21.88%                 62.50%
  mean_nn_dist     = 0.050980  ->  0.055763              0.056413
  displacement     =                0.0034 (0.067x rd)   0.0037 (0.074x rd)
  correction_eff   =                0.0337 (82.7% ceil)         0.0347 (84.9% ceil)
2026-05-26 14:35:54 +00:43:01 -00:00:00 [INFO] iter= 10000  0.266s/iter  lr=1.00e-06  loss=0.001615
                                  K=1 (deploy)              K=5 (train)
  mean_violation   = 0.000128  ->  0.000015              0.000000
  illegal_pairs    = 1.08%      ->  0.48%                 0.07%
  legal_clouds     = 0.00%      ->  21.88%                 62.50%
  mean_nn_dist     = 0.050980  ->  0.055763              0.056412
  displacement     =                0.0034 (0.067x rd)   0.0037 (0.074x rd)
  correction_eff   =                0.0337 (82.6% ceil)         0.0346 (84.8% ceil)
2026-05-26 14:35:55 +00:43:02 -00:00:00 [INFO] Training complete. Model saved to training_artifacts\train_run_2026-05-26_13-52-53\model_final.pt
2026-05-26 14:35:56 +00:43:03 -00:00:00 [INFO] Evolution GIF saved to training_artifacts\train_run_2026-05-26_13-52-53\evolution.gif
