2026-05-26 16:22:46 +00:00:00 --:--:-- [INFO] Run directory: training_artifacts\train_run_2026-05-26_16-22-46
2026-05-26 16:22:46 +00:00:00 --:--:-- [INFO] Configs copied to run directory
2026-05-26 16:22:46 +00:00:00 --:--:-- [INFO] Using device: cuda
2026-05-26 16:22:46 +00:00:00 --:--:-- [INFO] Generating validation set (256 clouds)...
2026-05-26 16:22:47 +00:00:01 --:--:-- [INFO] Validation set saved
2026-05-26 16:22:47 +00:00:01 --:--:-- [INFO] Model built: 34,690 parameters
2026-05-26 16:22:48 +00:00:02 --:--:-- [INFO] Starting training for 10000 iterations
2026-05-26 16:23:12 +00:00:26 -00:38:55 [INFO] iter=   100  0.236s/iter  lr=1.00e-03  loss=0.020687
                                  K=1 (deploy)              K=3 (train)
  mean_violation   = 0.000128  ->  0.000161              0.000081
  illegal_pairs    = 1.08%      ->  1.01%                 0.49%
  viol_per_cloud   = 13.19       ->  12.34                  6.03
  viol_reduction   =                6.4%                    54.3%
  mean_nn_dist     = 0.050980  ->  0.055336              0.065289
  displacement     =                0.1114 (2.228x rd)   0.2377 (4.754x rd)
  correction_eff   =                -0.0003 (-0.7% ceil)         0.0002 (0.5% ceil)
2026-05-26 16:23:36 +00:00:50 -00:39:43 [INFO] iter=   200  0.243s/iter  lr=9.99e-04  loss=0.016257
                                  K=1 (deploy)              K=3 (train)
  mean_violation   = 0.000128  ->  0.000216              0.000170
  illegal_pairs    = 1.08%      ->  1.42%                 1.29%
  viol_per_cloud   = 13.19       ->  17.38                  15.75
  viol_reduction   =                -31.8%                    -19.4%
  mean_nn_dist     = 0.050980  ->  0.048523              0.054619
  displacement     =                0.0872 (1.743x rd)   0.2637 (5.275x rd)
  correction_eff   =                -0.0010 (-2.5% ceil)         -0.0002 (-0.4% ceil)
2026-05-26 16:24:00 +00:01:14 -00:39:17 [INFO] iter=   300  0.243s/iter  lr=9.98e-04  loss=0.018551
                                  K=1 (deploy)              K=3 (train)
  mean_violation   = 0.000128  ->  0.000050              0.000007
  illegal_pairs    = 1.08%      ->  0.46%                 0.08%
  viol_per_cloud   = 13.19       ->  5.66                  0.97
  viol_reduction   =                57.1%                    92.7%
  mean_nn_dist     = 0.050980  ->  0.059958              0.066554
  displacement     =                0.2417 (4.835x rd)   0.4230 (8.459x rd)
  correction_eff   =                0.0003 (0.8% ceil)         0.0003 (0.7% ceil)
2026-05-26 16:24:25 +00:01:38 -00:38:46 [INFO] iter=   400  0.242s/iter  lr=9.96e-04  loss=0.016651
                                  K=1 (deploy)              K=3 (train)
  mean_violation   = 0.000128  ->  0.000144              0.000180
  illegal_pairs    = 1.08%      ->  1.01%                 1.19%
  viol_per_cloud   = 13.19       ->  12.38                  14.56
  viol_reduction   =                6.2%                    -10.4%
  mean_nn_dist     = 0.050980  ->  0.050577              0.050744
  displacement     =                0.0237 (0.474x rd)   0.0506 (1.012x rd)
  correction_eff   =                -0.0007 (-1.6% ceil)         -0.0010 (-2.5% ceil)
2026-05-26 16:24:49 +00:02:02 -00:38:09 [INFO] iter=   500  0.241s/iter  lr=9.94e-04  loss=0.017503
                                  K=1 (deploy)              K=3 (train)
  mean_violation   = 0.000128  ->  0.000178              0.000129
  illegal_pairs    = 1.08%      ->  1.21%                 1.21%
  viol_per_cloud   = 13.19       ->  14.78                  14.81
  viol_reduction   =                -12.1%                    -12.3%
  mean_nn_dist     = 0.050980  ->  0.050430              0.056671
  displacement     =                0.0656 (1.312x rd)   0.1641 (3.281x rd)
  correction_eff   =                -0.0008 (-1.9% ceil)         -0.0000 (-0.0% ceil)
2026-05-26 16:25:16 +00:02:30 -00:42:58 [INFO] iter=   600  0.274s/iter  lr=9.91e-04  loss=0.014734
                                  K=1 (deploy)              K=3 (train)
  mean_violation   = 0.000128  ->  0.000108              0.000036
  illegal_pairs    = 1.08%      ->  0.83%                 0.39%
  viol_per_cloud   = 13.19       ->  10.22                  4.75
  viol_reduction   =                22.5%                    64.0%
  mean_nn_dist     = 0.050980  ->  0.055132              0.063592
  displacement     =                0.1029 (2.058x rd)   0.2188 (4.376x rd)
  correction_eff   =                0.0002 (0.5% ceil)         0.0004 (1.0% ceil)
2026-05-26 16:25:40 +00:02:54 -00:37:40 [INFO] iter=   700  0.243s/iter  lr=9.88e-04  loss=0.004736
                                  K=1 (deploy)              K=3 (train)
  mean_violation   = 0.000128  ->  0.000158              0.000173
  illegal_pairs    = 1.08%      ->  1.15%                 1.53%
  viol_per_cloud   = 13.19       ->  14.12                  18.75
  viol_reduction   =                -7.1%                    -42.2%
  mean_nn_dist     = 0.050980  ->  0.049124              0.050295
  displacement     =                0.0260 (0.519x rd)   0.0558 (1.117x rd)
  correction_eff   =                -0.0011 (-2.8% ceil)         -0.0008 (-2.0% ceil)
2026-05-26 16:26:05 +00:03:19 -00:37:17 [INFO] iter=   800  0.243s/iter  lr=9.84e-04  loss=0.010729
                                  K=1 (deploy)              K=3 (train)
  mean_violation   = 0.000128  ->  0.000135              0.000160
  illegal_pairs    = 1.08%      ->  1.09%                 1.27%
  viol_per_cloud   = 13.19       ->  13.31                  15.59
  viol_reduction   =                -0.9%                    -18.2%
  mean_nn_dist     = 0.050980  ->  0.050614              0.050754
  displacement     =                0.0241 (0.482x rd)   0.0495 (0.991x rd)
  correction_eff   =                -0.0003 (-0.7% ceil)         -0.0006 (-1.6% ceil)
2026-05-26 16:26:29 +00:03:43 -00:36:48 [INFO] iter=   900  0.243s/iter  lr=9.80e-04  loss=0.003636
                                  K=1 (deploy)              K=3 (train)
  mean_violation   = 0.000128  ->  0.000069              0.000050
  illegal_pairs    = 1.08%      ->  0.85%                 0.73%
  viol_per_cloud   = 13.19       ->  10.47                  9.00
  viol_reduction   =                20.6%                    31.8%
  mean_nn_dist     = 0.050980  ->  0.053279              0.054298
  displacement     =                0.0129 (0.258x rd)   0.0281 (0.563x rd)
  correction_eff   =                0.0046 (11.3% ceil)         0.0028 (6.8% ceil)
2026-05-26 16:26:53 +00:04:07 -00:36:25 [INFO] iter=  1000  0.243s/iter  lr=9.76e-04  loss=0.002809
                                  K=1 (deploy)              K=3 (train)
  mean_violation   = 0.000128  ->  0.000049              0.000027
  illegal_pairs    = 1.08%      ->  0.73%                 0.51%
  viol_per_cloud   = 13.19       ->  8.97                  6.28
  viol_reduction   =                32.0%                    52.4%
  mean_nn_dist     = 0.050980  ->  0.054248              0.055338
  displacement     =                0.0097 (0.193x rd)   0.0214 (0.427x rd)
  correction_eff   =                0.0082 (20.0% ceil)         0.0047 (11.6% ceil)
2026-05-26 16:27:19 +00:04:33 -00:38:39 [INFO] iter=  1100  0.261s/iter  lr=9.70e-04  loss=0.002342
                                  K=1 (deploy)              K=3 (train)
  mean_violation   = 0.000128  ->  0.000045              0.000023
  illegal_pairs    = 1.08%      ->  0.69%                 0.49%
  viol_per_cloud   = 13.19       ->  8.44                  6.03
  viol_reduction   =                36.0%                    54.3%
  mean_nn_dist     = 0.050980  ->  0.054445              0.055524
  displacement     =                0.0095 (0.189x rd)   0.0229 (0.457x rd)
  correction_eff   =                0.0088 (21.5% ceil)         0.0046 (11.3% ceil)
2026-05-26 16:27:44 +00:04:57 -00:35:43 [INFO] iter=  1200  0.244s/iter  lr=9.65e-04  loss=0.002216
                                  K=1 (deploy)              K=3 (train)
  mean_violation   = 0.000128  ->  0.000044              0.000021
  illegal_pairs    = 1.08%      ->  0.69%                 0.47%
  viol_per_cloud   = 13.19       ->  8.47                  5.81
  viol_reduction   =                35.8%                    55.9%
  mean_nn_dist     = 0.050980  ->  0.054479              0.055533
  displacement     =                0.0082 (0.163x rd)   0.0168 (0.336x rd)
  correction_eff   =                0.0103 (25.2% ceil)         0.0064 (15.7% ceil)
2026-05-26 16:28:08 +00:05:22 -00:35:11 [INFO] iter=  1300  0.243s/iter  lr=9.59e-04  loss=0.002122
                                  K=1 (deploy)              K=3 (train)
  mean_violation   = 0.000128  ->  0.000042              0.000019
  illegal_pairs    = 1.08%      ->  0.68%                 0.43%
  viol_per_cloud   = 13.19       ->  8.28                  5.28
  viol_reduction   =                37.2%                    60.0%
  mean_nn_dist     = 0.050980  ->  0.054641              0.055722
  displacement     =                0.0081 (0.163x rd)   0.0175 (0.351x rd)
  correction_eff   =                0.0105 (25.8% ceil)         0.0062 (15.3% ceil)
2026-05-26 16:28:32 +00:05:46 -00:34:53 [INFO] iter=  1400  0.243s/iter  lr=9.52e-04  loss=0.002099
                                  K=1 (deploy)              K=3 (train)
  mean_violation   = 0.000128  ->  0.000042              0.000018
  illegal_pairs    = 1.08%      ->  0.67%                 0.43%
  viol_per_cloud   = 13.19       ->  8.25                  5.22
  viol_reduction   =                37.4%                    60.4%
  mean_nn_dist     = 0.050980  ->  0.054656              0.055716
  displacement     =                0.0077 (0.155x rd)   0.0159 (0.318x rd)
  correction_eff   =                0.0111 (27.3% ceil)         0.0069 (16.9% ceil)
2026-05-26 16:28:57 +00:06:10 -00:34:23 [INFO] iter=  1500  0.243s/iter  lr=9.46e-04  loss=0.003585
                                  K=1 (deploy)              K=3 (train)
  mean_violation   = 0.000128  ->  0.000031              0.000007
  illegal_pairs    = 1.08%      ->  0.58%                 0.25%
  viol_per_cloud   = 13.19       ->  7.09                  3.06
  viol_reduction   =                46.2%                    76.8%
  mean_nn_dist     = 0.050980  ->  0.055415              0.056563
  displacement     =                0.0049 (0.098x rd)   0.0079 (0.158x rd)
  correction_eff   =                0.0199 (48.7% ceil)         0.0153 (37.5% ceil)
2026-05-26 16:29:25 +00:06:39 -00:39:24 [INFO] iter=  1600  0.282s/iter  lr=9.38e-04  loss=0.002461
                                  K=1 (deploy)              K=3 (train)
  mean_violation   = 0.000128  ->  0.000034              0.000009
  illegal_pairs    = 1.08%      ->  0.60%                 0.30%
  viol_per_cloud   = 13.19       ->  7.31                  3.62
  viol_reduction   =                44.5%                    72.5%
  mean_nn_dist     = 0.050980  ->  0.055127              0.056280
  displacement     =                0.0070 (0.139x rd)   0.0150 (0.301x rd)
  correction_eff   =                0.0135 (33.1% ceil)         0.0079 (19.4% ceil)
2026-05-26 16:29:49 +00:07:03 -00:33:43 [INFO] iter=  1700  0.244s/iter  lr=9.30e-04  loss=0.001667
                                  K=1 (deploy)              K=3 (train)
  mean_violation   = 0.000128  ->  0.000032              0.000008
  illegal_pairs    = 1.08%      ->  0.57%                 0.24%
  viol_per_cloud   = 13.19       ->  6.94                  2.91
  viol_reduction   =                47.4%                    78.0%
  mean_nn_dist     = 0.050980  ->  0.055345              0.056524
  displacement     =                0.0058 (0.115x rd)   0.0099 (0.198x rd)
  correction_eff   =                0.0168 (41.1% ceil)         0.0121 (29.7% ceil)
2026-05-26 16:30:13 +00:07:27 -00:33:19 [INFO] iter=  1800  0.244s/iter  lr=9.22e-04  loss=0.002043
                                  K=1 (deploy)              K=3 (train)
  mean_violation   = 0.000128  ->  0.000028              0.000006
  illegal_pairs    = 1.08%      ->  0.57%                 0.30%
  viol_per_cloud   = 13.19       ->  7.00                  3.66
  viol_reduction   =                46.9%                    72.3%
  mean_nn_dist     = 0.050980  ->  0.055279              0.056216
  displacement     =                0.0061 (0.122x rd)   0.0138 (0.276x rd)
  correction_eff   =                0.0165 (40.4% ceil)         0.0088 (21.6% ceil)
2026-05-26 16:30:38 +00:07:51 -00:32:40 [INFO] iter=  1900  0.242s/iter  lr=9.14e-04  loss=0.001743
                                  K=1 (deploy)              K=3 (train)
  mean_violation   = 0.000128  ->  0.000026              0.000007
  illegal_pairs    = 1.08%      ->  0.55%                 0.26%
  viol_per_cloud   = 13.19       ->  6.75                  3.22
  viol_reduction   =                48.8%                    75.6%
  mean_nn_dist     = 0.050980  ->  0.055363              0.056236
  displacement     =                0.0055 (0.110x rd)   0.0104 (0.209x rd)
  correction_eff   =                0.0186 (45.5% ceil)         0.0116 (28.5% ceil)
2026-05-26 16:31:02 +00:08:16 -00:32:11 [INFO] iter=  2000  0.241s/iter  lr=9.05e-04  loss=0.001551
                                  K=1 (deploy)              K=3 (train)
  mean_violation   = 0.000128  ->  0.000027              0.000005
  illegal_pairs    = 1.08%      ->  0.58%                 0.24%
  viol_per_cloud   = 13.19       ->  7.12                  2.94
  viol_reduction   =                46.0%                    77.7%
  mean_nn_dist     = 0.050980  ->  0.055478              0.056521
  displacement     =                0.0043 (0.086x rd)   0.0066 (0.131x rd)
  correction_eff   =                0.0236 (57.9% ceil)         0.0187 (45.8% ceil)
2026-05-26 16:31:28 +00:08:41 -00:33:58 [INFO] iter=  2100  0.258s/iter  lr=8.95e-04  loss=0.001351
                                  K=1 (deploy)              K=3 (train)
  mean_violation   = 0.000128  ->  0.000030              0.000017
  illegal_pairs    = 1.08%      ->  0.66%                 0.40%
  viol_per_cloud   = 13.19       ->  8.06                  4.88
  viol_reduction   =                38.9%                    63.0%
  mean_nn_dist     = 0.050980  ->  0.054943              0.055526
  displacement     =                0.0077 (0.154x rd)   0.0153 (0.305x rd)
  correction_eff   =                0.0127 (31.2% ceil)         0.0073 (17.9% ceil)
2026-05-26 16:31:52 +00:09:06 -00:31:36 [INFO] iter=  2200  0.243s/iter  lr=8.85e-04  loss=0.001399
                                  K=1 (deploy)              K=3 (train)
  mean_violation   = 0.000128  ->  0.000040              0.000026
  illegal_pairs    = 1.08%      ->  0.67%                 0.39%
  viol_per_cloud   = 13.19       ->  8.25                  4.72
  viol_reduction   =                37.4%                    64.2%
  mean_nn_dist     = 0.050980  ->  0.054769              0.055731
  displacement     =                0.0101 (0.202x rd)   0.0196 (0.392x rd)
  correction_eff   =                0.0087 (21.4% ceil)         0.0052 (12.8% ceil)
2026-05-26 16:32:16 +00:09:30 -00:31:10 [INFO] iter=  2300  0.243s/iter  lr=8.75e-04  loss=0.002580
                                  K=1 (deploy)              K=3 (train)
  mean_violation   = 0.000128  ->  0.000033              0.000020
  illegal_pairs    = 1.08%      ->  0.78%                 0.57%
  viol_per_cloud   = 13.19       ->  9.53                  6.94
  viol_reduction   =                27.7%                    47.4%
  mean_nn_dist     = 0.050980  ->  0.054864              0.055449
  displacement     =                0.0085 (0.170x rd)   0.0187 (0.374x rd)
  correction_eff   =                0.0112 (27.5% ceil)         0.0058 (14.1% ceil)
2026-05-26 16:32:41 +00:09:54 -00:30:47 [INFO] iter=  2400  0.243s/iter  lr=8.65e-04  loss=0.002128
                                  K=1 (deploy)              K=3 (train)
  mean_violation   = 0.000128  ->  0.000025              0.000008
  illegal_pairs    = 1.08%      ->  0.54%                 0.26%
  viol_per_cloud   = 13.19       ->  6.59                  3.16
  viol_reduction   =                50.0%                    76.1%
  mean_nn_dist     = 0.050980  ->  0.055414              0.056287
  displacement     =                0.0073 (0.146x rd)   0.0174 (0.347x rd)
  correction_eff   =                0.0142 (34.9% ceil)         0.0069 (16.9% ceil)
2026-05-26 16:33:05 +00:10:19 -00:30:17 [INFO] iter=  2500  0.242s/iter  lr=8.54e-04  loss=0.001905
                                  K=1 (deploy)              K=3 (train)
  mean_violation   = 0.000128  ->  0.000029              0.000009
  illegal_pairs    = 1.08%      ->  0.71%                 0.35%
  viol_per_cloud   = 13.19       ->  8.75                  4.31
  viol_reduction   =                33.6%                    67.3%
  mean_nn_dist     = 0.050980  ->  0.055237              0.056136
  displacement     =                0.0064 (0.127x rd)   0.0134 (0.269x rd)
  correction_eff   =                0.0156 (38.2% ceil)         0.0089 (21.8% ceil)
2026-05-26 16:33:31 +00:10:45 -00:32:31 [INFO] iter=  2600  0.264s/iter  lr=8.42e-04  loss=0.001134
                                  K=1 (deploy)              K=3 (train)
  mean_violation   = 0.000128  ->  0.000024              0.000008
  illegal_pairs    = 1.08%      ->  0.48%                 0.20%
  viol_per_cloud   = 13.19       ->  5.91                  2.50
  viol_reduction   =                55.2%                    81.0%
  mean_nn_dist     = 0.050980  ->  0.055672              0.056664
  displacement     =                0.0079 (0.158x rd)   0.0166 (0.333x rd)
  correction_eff   =                0.0132 (32.4% ceil)         0.0073 (17.8% ceil)
2026-05-26 16:33:55 +00:11:09 -00:29:22 [INFO] iter=  2700  0.241s/iter  lr=8.31e-04  loss=0.001289
                                  K=1 (deploy)              K=3 (train)
  mean_violation   = 0.000128  ->  0.000021              0.000006
  illegal_pairs    = 1.08%      ->  0.46%                 0.19%
  viol_per_cloud   = 13.19       ->  5.62                  2.31
  viol_reduction   =                57.3%                    82.5%
  mean_nn_dist     = 0.050980  ->  0.055577              0.056386
  displacement     =                0.0069 (0.138x rd)   0.0153 (0.306x rd)
  correction_eff   =                0.0155 (38.0% ceil)         0.0080 (19.6% ceil)
2026-05-26 16:34:19 +00:11:33 -00:29:00 [INFO] iter=  2800  0.242s/iter  lr=8.19e-04  loss=0.000923
                                  K=1 (deploy)              K=3 (train)
  mean_violation   = 0.000128  ->  0.000024              0.000009
  illegal_pairs    = 1.08%      ->  0.47%                 0.22%
  viol_per_cloud   = 13.19       ->  5.75                  2.69
  viol_reduction   =                56.4%                    79.6%
  mean_nn_dist     = 0.050980  ->  0.055735              0.056748
  displacement     =                0.0071 (0.142x rd)   0.0138 (0.275x rd)
  correction_eff   =                0.0147 (35.9% ceil)         0.0087 (21.3% ceil)
2026-05-26 16:34:44 +00:11:57 -00:28:30 [INFO] iter=  2900  0.241s/iter  lr=8.07e-04  loss=0.001112
                                  K=1 (deploy)              K=3 (train)
  mean_violation   = 0.000128  ->  0.000021              0.000004
  illegal_pairs    = 1.08%      ->  0.45%                 0.15%
  viol_per_cloud   = 13.19       ->  5.47                  1.84
  viol_reduction   =                58.5%                    86.0%
  mean_nn_dist     = 0.050980  ->  0.056027              0.056925
  displacement     =                0.0044 (0.087x rd)   0.0057 (0.114x rd)
  correction_eff   =                0.0246 (60.3% ceil)         0.0218 (53.4% ceil)
2026-05-26 16:35:08 +00:12:21 -00:28:07 [INFO] iter=  3000  0.241s/iter  lr=7.94e-04  loss=0.001784
                                  K=1 (deploy)              K=3 (train)
  mean_violation   = 0.000128  ->  0.000033              0.000016
  illegal_pairs    = 1.08%      ->  0.72%                 0.44%
  viol_per_cloud   = 13.19       ->  8.88                  5.38
  viol_reduction   =                32.7%                    59.2%
  mean_nn_dist     = 0.050980  ->  0.054820              0.055696
  displacement     =                0.0068 (0.137x rd)   0.0124 (0.248x rd)
  correction_eff   =                0.0140 (34.2% ceil)         0.0090 (22.2% ceil)
2026-05-26 16:35:33 +00:12:46 -00:28:42 [INFO] iter=  3100  0.250s/iter  lr=7.81e-04  loss=0.001006
                                  K=1 (deploy)              K=3 (train)
  mean_violation   = 0.000128  ->  0.000025              0.000010
  illegal_pairs    = 1.08%      ->  0.73%                 0.38%
  viol_per_cloud   = 13.19       ->  8.94                  4.62
  viol_reduction   =                32.2%                    64.9%
  mean_nn_dist     = 0.050980  ->  0.055140              0.055781
  displacement     =                0.0067 (0.133x rd)   0.0133 (0.266x rd)
  correction_eff   =                0.0155 (38.0% ceil)         0.0089 (21.8% ceil)
2026-05-26 16:35:57 +00:13:11 -00:27:20 [INFO] iter=  3200  0.241s/iter  lr=7.68e-04  loss=0.001656
                                  K=1 (deploy)              K=3 (train)
  mean_violation   = 0.000128  ->  0.000023              0.000006
  illegal_pairs    = 1.08%      ->  0.50%                 0.16%
  viol_per_cloud   = 13.19       ->  6.09                  1.91
  viol_reduction   =                53.8%                    85.5%
  mean_nn_dist     = 0.050980  ->  0.056296              0.057513
  displacement     =                0.0060 (0.120x rd)   0.0094 (0.188x rd)
  correction_eff   =                0.0175 (43.0% ceil)         0.0130 (31.7% ceil)
2026-05-26 16:36:21 +00:13:35 -00:26:59 [INFO] iter=  3300  0.242s/iter  lr=7.55e-04  loss=0.001547
                                  K=1 (deploy)              K=3 (train)
  mean_violation   = 0.000128  ->  0.000024              0.000010
  illegal_pairs    = 1.08%      ->  0.75%                 0.59%
  viol_per_cloud   = 13.19       ->  9.16                  7.22
  viol_reduction   =                30.6%                    45.3%
  mean_nn_dist     = 0.050980  ->  0.055299              0.055782
  displacement     =                0.0057 (0.114x rd)   0.0111 (0.221x rd)
  correction_eff   =                0.0183 (44.7% ceil)         0.0107 (26.1% ceil)
2026-05-26 16:36:45 +00:13:59 -00:26:30 [INFO] iter=  3400  0.241s/iter  lr=7.41e-04  loss=0.001403
                                  K=1 (deploy)              K=3 (train)
  mean_violation   = 0.000128  ->  0.000020              0.000005
  illegal_pairs    = 1.08%      ->  0.60%                 0.27%
  viol_per_cloud   = 13.19       ->  7.31                  3.28
  viol_reduction   =                44.5%                    75.1%
  mean_nn_dist     = 0.050980  ->  0.055428              0.056056
  displacement     =                0.0049 (0.097x rd)   0.0078 (0.155x rd)
  correction_eff   =                0.0223 (54.6% ceil)         0.0159 (38.8% ceil)
2026-05-26 16:37:09 +00:14:23 -00:26:03 [INFO] iter=  3500  0.241s/iter  lr=7.27e-04  loss=0.001095
                                  K=1 (deploy)              K=3 (train)
  mean_violation   = 0.000128  ->  0.000019              0.000004
  illegal_pairs    = 1.08%      ->  0.43%                 0.15%
  viol_per_cloud   = 13.19       ->  5.25                  1.84
  viol_reduction   =                60.2%                    86.0%
  mean_nn_dist     = 0.050980  ->  0.055943              0.056836
  displacement     =                0.0064 (0.128x rd)   0.0127 (0.253x rd)
  correction_eff   =                0.0171 (41.8% ceil)         0.0098 (24.1% ceil)
2026-05-26 16:37:34 +00:14:48 -00:26:52 [INFO] iter=  3600  0.252s/iter  lr=7.13e-04  loss=0.000982
                                  K=1 (deploy)              K=3 (train)
  mean_violation   = 0.000128  ->  0.000019              0.000004
  illegal_pairs    = 1.08%      ->  0.51%                 0.17%
  viol_per_cloud   = 13.19       ->  6.19                  2.12
  viol_reduction   =                53.1%                    83.9%
  mean_nn_dist     = 0.050980  ->  0.055656              0.056467
  displacement     =                0.0060 (0.119x rd)   0.0121 (0.241x rd)
  correction_eff   =                0.0184 (45.0% ceil)         0.0103 (25.3% ceil)
2026-05-26 16:37:58 +00:15:12 -00:25:25 [INFO] iter=  3700  0.242s/iter  lr=6.99e-04  loss=0.001237
                                  K=1 (deploy)              K=3 (train)
  mean_violation   = 0.000128  ->  0.000019              0.000003
  illegal_pairs    = 1.08%      ->  0.59%                 0.22%
  viol_per_cloud   = 13.19       ->  7.19                  2.66
  viol_reduction   =                45.5%                    79.9%
  mean_nn_dist     = 0.050980  ->  0.055485              0.056238
  displacement     =                0.0048 (0.097x rd)   0.0089 (0.177x rd)
  correction_eff   =                0.0226 (55.4% ceil)         0.0141 (34.6% ceil)
2026-05-26 16:38:23 +00:15:37 -00:25:17 [INFO] iter=  3800  0.245s/iter  lr=6.84e-04  loss=0.001616
                                  K=1 (deploy)              K=3 (train)
  mean_violation   = 0.000128  ->  0.000022              0.000005
  illegal_pairs    = 1.08%      ->  0.57%                 0.22%
  viol_per_cloud   = 13.19       ->  6.94                  2.69
  viol_reduction   =                47.4%                    79.6%
  mean_nn_dist     = 0.050980  ->  0.055506              0.056345
  displacement     =                0.0054 (0.108x rd)   0.0088 (0.177x rd)
  correction_eff   =                0.0198 (48.4% ceil)         0.0139 (34.1% ceil)
2026-05-26 16:38:46 +00:16:00 -00:23:27 [INFO] iter=  3900  0.231s/iter  lr=6.70e-04  loss=0.001252
                                  K=1 (deploy)              K=3 (train)
  mean_violation   = 0.000128  ->  0.000017              0.000003
  illegal_pairs    = 1.08%      ->  0.44%                 0.19%
  viol_per_cloud   = 13.19       ->  5.44                  2.31
  viol_reduction   =                58.8%                    82.5%
  mean_nn_dist     = 0.050980  ->  0.055799              0.056458
  displacement     =                0.0095 (0.190x rd)   0.0241 (0.482x rd)
  correction_eff   =                0.0117 (28.7% ceil)         0.0052 (12.7% ceil)
2026-05-26 16:39:11 +00:16:25 -00:24:44 [INFO] iter=  4000  0.247s/iter  lr=6.55e-04  loss=0.001204
                                  K=1 (deploy)              K=3 (train)
  mean_violation   = 0.000128  ->  0.000015              0.000002
  illegal_pairs    = 1.08%      ->  0.40%                 0.13%
  viol_per_cloud   = 13.19       ->  4.88                  1.62
  viol_reduction   =                63.0%                    87.7%
  mean_nn_dist     = 0.050980  ->  0.055885              0.056538
  displacement     =                0.0067 (0.133x rd)   0.0146 (0.292x rd)
  correction_eff   =                0.0169 (41.4% ceil)         0.0086 (21.1% ceil)
2026-05-26 16:39:36 +00:16:50 -00:25:00 [INFO] iter=  4100  0.254s/iter  lr=6.40e-04  loss=0.000952
                                  K=1 (deploy)              K=3 (train)
  mean_violation   = 0.000128  ->  0.000022              0.000008
  illegal_pairs    = 1.08%      ->  0.56%                 0.26%
  viol_per_cloud   = 13.19       ->  6.84                  3.12
  viol_reduction   =                48.1%                    76.3%
  mean_nn_dist     = 0.050980  ->  0.055297              0.055984
  displacement     =                0.0069 (0.139x rd)   0.0146 (0.292x rd)
  correction_eff   =                0.0153 (37.4% ceil)         0.0082 (20.1% ceil)
2026-05-26 16:40:00 +00:17:14 -00:23:22 [INFO] iter=  4200  0.242s/iter  lr=6.25e-04  loss=0.001113
                                  K=1 (deploy)              K=3 (train)
  mean_violation   = 0.000128  ->  0.000020              0.000007
  illegal_pairs    = 1.08%      ->  0.45%                 0.17%
  viol_per_cloud   = 13.19       ->  5.50                  2.12
  viol_reduction   =                58.3%                    83.9%
  mean_nn_dist     = 0.050980  ->  0.055777              0.056474
  displacement     =                0.0063 (0.127x rd)   0.0112 (0.223x rd)
  correction_eff   =                0.0171 (41.9% ceil)         0.0109 (26.7% ceil)
2026-05-26 16:40:24 +00:17:38 -00:22:33 [INFO] iter=  4300  0.237s/iter  lr=6.09e-04  loss=0.000847
                                  K=1 (deploy)              K=3 (train)
  mean_violation   = 0.000128  ->  0.000014              0.000003
  illegal_pairs    = 1.08%      ->  0.45%                 0.15%
  viol_per_cloud   = 13.19       ->  5.56                  1.88
  viol_reduction   =                57.8%                    85.8%
  mean_nn_dist     = 0.050980  ->  0.055790              0.056427
  displacement     =                0.0044 (0.088x rd)   0.0066 (0.131x rd)
  correction_eff   =                0.0259 (63.4% ceil)         0.0192 (46.9% ceil)
2026-05-26 16:40:48 +00:18:02 -00:22:13 [INFO] iter=  4400  0.238s/iter  lr=5.94e-04  loss=0.000975
                                  K=1 (deploy)              K=3 (train)
  mean_violation   = 0.000128  ->  0.000018              0.000003
  illegal_pairs    = 1.08%      ->  0.43%                 0.11%
  viol_per_cloud   = 13.19       ->  5.31                  1.38
  viol_reduction   =                59.7%                    89.6%
  mean_nn_dist     = 0.050980  ->  0.056291              0.057230
  displacement     =                0.0057 (0.113x rd)   0.0090 (0.180x rd)
  correction_eff   =                0.0196 (48.0% ceil)         0.0139 (34.0% ceil)
2026-05-26 16:41:12 +00:18:26 -00:22:11 [INFO] iter=  4500  0.242s/iter  lr=5.79e-04  loss=0.000824
                                  K=1 (deploy)              K=3 (train)
  mean_violation   = 0.000128  ->  0.000014              0.000002
  illegal_pairs    = 1.08%      ->  0.37%                 0.12%
  viol_per_cloud   = 13.19       ->  4.53                  1.47
  viol_reduction   =                65.6%                    88.9%
  mean_nn_dist     = 0.050980  ->  0.056044              0.056652
  displacement     =                0.0045 (0.089x rd)   0.0062 (0.125x rd)
  correction_eff   =                0.0256 (62.7% ceil)         0.0202 (49.4% ceil)
2026-05-26 16:41:37 +00:18:51 -00:22:24 [INFO] iter=  4600  0.249s/iter  lr=5.63e-04  loss=0.000919
                                  K=1 (deploy)              K=3 (train)
  mean_violation   = 0.000128  ->  0.000017              0.000006
  illegal_pairs    = 1.08%      ->  0.57%                 0.32%
  viol_per_cloud   = 13.19       ->  7.03                  3.97
  viol_reduction   =                46.7%                    69.9%
  mean_nn_dist     = 0.050980  ->  0.055722              0.056244
  displacement     =                0.0060 (0.121x rd)   0.0120 (0.239x rd)
  correction_eff   =                0.0184 (45.1% ceil)         0.0102 (25.1% ceil)
2026-05-26 16:42:01 +00:19:15 -00:21:22 [INFO] iter=  4700  0.242s/iter  lr=5.48e-04  loss=0.001242
                                  K=1 (deploy)              K=3 (train)
  mean_violation   = 0.000128  ->  0.000016              0.000004
  illegal_pairs    = 1.08%      ->  0.41%                 0.16%
  viol_per_cloud   = 13.19       ->  5.03                  1.91
  viol_reduction   =                61.8%                    85.5%
  mean_nn_dist     = 0.050980  ->  0.055816              0.056510
  displacement     =                0.0055 (0.110x rd)   0.0098 (0.196x rd)
  correction_eff   =                0.0204 (50.1% ceil)         0.0127 (31.2% ceil)
2026-05-26 16:42:25 +00:19:39 -00:20:59 [INFO] iter=  4800  0.242s/iter  lr=5.32e-04  loss=0.000847
                                  K=1 (deploy)              K=3 (train)
  mean_violation   = 0.000128  ->  0.000015              0.000003
  illegal_pairs    = 1.08%      ->  0.44%                 0.16%
  viol_per_cloud   = 13.19       ->  5.34                  2.00
  viol_reduction   =                59.5%                    84.8%
  mean_nn_dist     = 0.050980  ->  0.055814              0.056483
  displacement     =                0.0048 (0.096x rd)   0.0077 (0.155x rd)
  correction_eff   =                0.0234 (57.3% ceil)         0.0162 (39.7% ceil)
2026-05-26 16:42:50 +00:20:03 -00:20:27 [INFO] iter=  4900  0.241s/iter  lr=5.16e-04  loss=0.000930
                                  K=1 (deploy)              K=3 (train)
  mean_violation   = 0.000128  ->  0.000015              0.000003
  illegal_pairs    = 1.08%      ->  0.41%                 0.13%
  viol_per_cloud   = 13.19       ->  4.97                  1.59
  viol_reduction   =                62.3%                    87.9%
  mean_nn_dist     = 0.050980  ->  0.055898              0.056524
  displacement     =                0.0044 (0.089x rd)   0.0063 (0.127x rd)
  correction_eff   =                0.0256 (62.7% ceil)         0.0198 (48.5% ceil)
2026-05-26 16:43:14 +00:20:28 -00:20:11 [INFO] iter=  5000  0.242s/iter  lr=5.01e-04  loss=0.000878
                                  K=1 (deploy)              K=3 (train)
  mean_violation   = 0.000128  ->  0.000014              0.000002
  illegal_pairs    = 1.08%      ->  0.46%                 0.13%
  viol_per_cloud   = 13.19       ->  5.66                  1.62
  viol_reduction   =                57.1%                    87.7%
  mean_nn_dist     = 0.050980  ->  0.055844              0.056475
  displacement     =                0.0050 (0.100x rd)   0.0085 (0.170x rd)
  correction_eff   =                0.0227 (55.7% ceil)         0.0148 (36.2% ceil)
2026-05-26 16:43:39 +00:20:53 -00:20:45 [INFO] iter=  5100  0.254s/iter  lr=4.85e-04  loss=0.000733
                                  K=1 (deploy)              K=3 (train)
  mean_violation   = 0.000128  ->  0.000013              0.000002
  illegal_pairs    = 1.08%      ->  0.43%                 0.14%
  viol_per_cloud   = 13.19       ->  5.25                  1.69
  viol_reduction   =                60.2%                    87.2%
  mean_nn_dist     = 0.050980  ->  0.055885              0.056485
  displacement     =                0.0048 (0.095x rd)   0.0081 (0.162x rd)
  correction_eff   =                0.0242 (59.3% ceil)         0.0155 (38.1% ceil)
2026-05-26 16:44:04 +00:21:18 -00:19:48 [INFO] iter=  5200  0.248s/iter  lr=4.69e-04  loss=0.000850
                                  K=1 (deploy)              K=3 (train)
  mean_violation   = 0.000128  ->  0.000016              0.000003
  illegal_pairs    = 1.08%      ->  0.46%                 0.15%
  viol_per_cloud   = 13.19       ->  5.62                  1.78
  viol_reduction   =                57.3%                    86.5%
  mean_nn_dist     = 0.050980  ->  0.055906              0.056605
  displacement     =                0.0057 (0.114x rd)   0.0100 (0.201x rd)
  correction_eff   =                0.0197 (48.3% ceil)         0.0124 (30.5% ceil)
2026-05-26 16:44:28 +00:21:42 -00:19:12 [INFO] iter=  5300  0.245s/iter  lr=4.53e-04  loss=0.000663
                                  K=1 (deploy)              K=3 (train)
  mean_violation   = 0.000128  ->  0.000015              0.000003
  illegal_pairs    = 1.08%      ->  0.56%                 0.20%
  viol_per_cloud   = 13.19       ->  6.91                  2.50
  viol_reduction   =                47.6%                    81.0%
  mean_nn_dist     = 0.050980  ->  0.055589              0.056184
  displacement     =                0.0052 (0.103x rd)   0.0091 (0.183x rd)
  correction_eff   =                0.0219 (53.7% ceil)         0.0136 (33.4% ceil)
2026-05-26 16:44:53 +00:22:06 -00:18:32 [INFO] iter=  5400  0.242s/iter  lr=4.38e-04  loss=0.000877
                                  K=1 (deploy)              K=3 (train)
  mean_violation   = 0.000128  ->  0.000017              0.000006
  illegal_pairs    = 1.08%      ->  0.68%                 0.28%
  viol_per_cloud   = 13.19       ->  8.28                  3.38
  viol_reduction   =                37.2%                    74.4%
  mean_nn_dist     = 0.050980  ->  0.055492              0.056042
  displacement     =                0.0049 (0.099x rd)   0.0081 (0.163x rd)
  correction_eff   =                0.0224 (54.8% ceil)         0.0151 (36.9% ceil)
2026-05-26 16:45:17 +00:22:31 -00:18:12 [INFO] iter=  5500  0.243s/iter  lr=4.22e-04  loss=0.000832
                                  K=1 (deploy)              K=3 (train)
  mean_violation   = 0.000128  ->  0.000013              0.000002
  illegal_pairs    = 1.08%      ->  0.47%                 0.14%
  viol_per_cloud   = 13.19       ->  5.75                  1.75
  viol_reduction   =                56.4%                    86.7%
  mean_nn_dist     = 0.050980  ->  0.055800              0.056330
  displacement     =                0.0047 (0.095x rd)   0.0080 (0.159x rd)
  correction_eff   =                0.0244 (59.7% ceil)         0.0158 (38.7% ceil)
2026-05-26 16:45:42 +00:22:56 -00:18:29 [INFO] iter=  5600  0.252s/iter  lr=4.07e-04  loss=0.001052
                                  K=1 (deploy)              K=3 (train)
  mean_violation   = 0.000128  ->  0.000015              0.000003
  illegal_pairs    = 1.08%      ->  0.47%                 0.15%
  viol_per_cloud   = 13.19       ->  5.78                  1.84
  viol_reduction   =                56.2%                    86.0%
  mean_nn_dist     = 0.050980  ->  0.055724              0.056346
  displacement     =                0.0044 (0.088x rd)   0.0071 (0.142x rd)
  correction_eff   =                0.0256 (62.8% ceil)         0.0177 (43.4% ceil)
2026-05-26 16:46:07 +00:23:20 -00:17:29 [INFO] iter=  5700  0.244s/iter  lr=3.92e-04  loss=0.000842
                                  K=1 (deploy)              K=3 (train)
  mean_violation   = 0.000128  ->  0.000014              0.000003
  illegal_pairs    = 1.08%      ->  0.56%                 0.19%
  viol_per_cloud   = 13.19       ->  6.88                  2.34
  viol_reduction   =                47.9%                    82.2%
  mean_nn_dist     = 0.050980  ->  0.055717              0.056333
  displacement     =                0.0044 (0.088x rd)   0.0069 (0.138x rd)
  correction_eff   =                0.0259 (63.4% ceil)         0.0182 (44.5% ceil)
2026-05-26 16:46:31 +00:23:45 -00:17:03 [INFO] iter=  5800  0.244s/iter  lr=3.76e-04  loss=0.000644
                                  K=1 (deploy)              K=3 (train)
  mean_violation   = 0.000128  ->  0.000013              0.000002
  illegal_pairs    = 1.08%      ->  0.37%                 0.14%
  viol_per_cloud   = 13.19       ->  4.50                  1.75
  viol_reduction   =                65.9%                    86.7%
  mean_nn_dist     = 0.050980  ->  0.055886              0.056396
  displacement     =                0.0046 (0.092x rd)   0.0072 (0.144x rd)
  correction_eff   =                0.0251 (61.6% ceil)         0.0174 (42.7% ceil)
2026-05-26 16:46:55 +00:24:09 -00:16:35 [INFO] iter=  5900  0.243s/iter  lr=3.61e-04  loss=0.000773
                                  K=1 (deploy)              K=3 (train)
  mean_violation   = 0.000128  ->  0.000013              0.000002
  illegal_pairs    = 1.08%      ->  0.41%                 0.15%
  viol_per_cloud   = 13.19       ->  5.06                  1.81
  viol_reduction   =                61.6%                    86.3%
  mean_nn_dist     = 0.050980  ->  0.055833              0.056383
  displacement     =                0.0044 (0.088x rd)   0.0067 (0.135x rd)
  correction_eff   =                0.0262 (64.2% ceil)         0.0187 (45.9% ceil)
2026-05-26 16:47:20 +00:24:33 -00:16:14 [INFO] iter=  6000  0.244s/iter  lr=3.46e-04  loss=0.000766
                                  K=1 (deploy)              K=3 (train)
  mean_violation   = 0.000128  ->  0.000015              0.000002
  illegal_pairs    = 1.08%      ->  0.44%                 0.11%
  viol_per_cloud   = 13.19       ->  5.34                  1.38
  viol_reduction   =                59.5%                    89.6%
  mean_nn_dist     = 0.050980  ->  0.055908              0.056557
  displacement     =                0.0043 (0.087x rd)   0.0066 (0.132x rd)
  correction_eff   =                0.0262 (64.1% ceil)         0.0192 (47.1% ceil)
2026-05-26 16:47:43 +00:24:57 -00:15:26 [INFO] iter=  6100  0.238s/iter  lr=3.31e-04  loss=0.000594
                                  K=1 (deploy)              K=3 (train)
  mean_violation   = 0.000128  ->  0.000014              0.000003
  illegal_pairs    = 1.08%      ->  0.57%                 0.21%
  viol_per_cloud   = 13.19       ->  6.94                  2.53
  viol_reduction   =                47.4%                    80.8%
  mean_nn_dist     = 0.050980  ->  0.055688              0.056210
  displacement     =                0.0045 (0.090x rd)   0.0070 (0.140x rd)
  correction_eff   =                0.0255 (62.5% ceil)         0.0179 (43.8% ceil)
2026-05-26 16:48:07 +00:25:21 -00:14:52 [INFO] iter=  6200  0.235s/iter  lr=3.17e-04  loss=0.000637
                                  K=1 (deploy)              K=3 (train)
  mean_violation   = 0.000128  ->  0.000012              0.000003
  illegal_pairs    = 1.08%      ->  0.36%                 0.14%
  viol_per_cloud   = 13.19       ->  4.41                  1.66
  viol_reduction   =                66.6%                    87.4%
  mean_nn_dist     = 0.050980  ->  0.055954              0.056417
  displacement     =                0.0046 (0.091x rd)   0.0066 (0.133x rd)
  correction_eff   =                0.0254 (62.2% ceil)         0.0189 (46.2% ceil)
2026-05-26 16:48:31 +00:25:45 -00:14:48 [INFO] iter=  6300  0.240s/iter  lr=3.02e-04  loss=0.000673
                                  K=1 (deploy)              K=3 (train)
  mean_violation   = 0.000128  ->  0.000012              0.000002
  illegal_pairs    = 1.08%      ->  0.49%                 0.17%
  viol_per_cloud   = 13.19       ->  5.97                  2.03
  viol_reduction   =                54.7%                    84.6%
  mean_nn_dist     = 0.050980  ->  0.055800              0.056335
  displacement     =                0.0041 (0.081x rd)   0.0056 (0.113x rd)
  correction_eff   =                0.0284 (69.7% ceil)         0.0225 (55.0% ceil)
2026-05-26 16:48:55 +00:26:09 -00:14:28 [INFO] iter=  6400  0.241s/iter  lr=2.88e-04  loss=0.000635
                                  K=1 (deploy)              K=3 (train)
  mean_violation   = 0.000128  ->  0.000013              0.000003
  illegal_pairs    = 1.08%      ->  0.47%                 0.18%
  viol_per_cloud   = 13.19       ->  5.81                  2.25
  viol_reduction   =                55.9%                    82.9%
  mean_nn_dist     = 0.050980  ->  0.055810              0.056308
  displacement     =                0.0046 (0.093x rd)   0.0071 (0.143x rd)
  correction_eff   =                0.0248 (60.8% ceil)         0.0175 (43.0% ceil)
2026-05-26 16:49:19 +00:26:33 -00:14:06 [INFO] iter=  6500  0.242s/iter  lr=2.74e-04  loss=0.000731
                                  K=1 (deploy)              K=3 (train)
  mean_violation   = 0.000128  ->  0.000013              0.000002
  illegal_pairs    = 1.08%      ->  0.51%                 0.16%
  viol_per_cloud   = 13.19       ->  6.25                  1.97
  viol_reduction   =                52.6%                    85.1%
  mean_nn_dist     = 0.050980  ->  0.055801              0.056339
  displacement     =                0.0044 (0.088x rd)   0.0068 (0.137x rd)
  correction_eff   =                0.0263 (64.4% ceil)         0.0184 (45.2% ceil)
2026-05-26 16:49:44 +00:26:58 -00:14:06 [INFO] iter=  6600  0.249s/iter  lr=2.60e-04  loss=0.000636
                                  K=1 (deploy)              K=3 (train)
  mean_violation   = 0.000128  ->  0.000012              0.000002
  illegal_pairs    = 1.08%      ->  0.36%                 0.11%
  viol_per_cloud   = 13.19       ->  4.38                  1.41
  viol_reduction   =                66.8%                    89.3%
  mean_nn_dist     = 0.050980  ->  0.055887              0.056363
  displacement     =                0.0040 (0.081x rd)   0.0054 (0.108x rd)
  correction_eff   =                0.0289 (70.9% ceil)         0.0234 (57.4% ceil)
2026-05-26 16:50:08 +00:27:22 -00:13:20 [INFO] iter=  6700  0.243s/iter  lr=2.46e-04  loss=0.000709
                                  K=1 (deploy)              K=3 (train)
  mean_violation   = 0.000128  ->  0.000012              0.000002
  illegal_pairs    = 1.08%      ->  0.39%                 0.10%
  viol_per_cloud   = 13.19       ->  4.72                  1.22
  viol_reduction   =                64.2%                    90.8%
  mean_nn_dist     = 0.050980  ->  0.055952              0.056485
  displacement     =                0.0044 (0.087x rd)   0.0062 (0.124x rd)
  correction_eff   =                0.0265 (64.9% ceil)         0.0203 (49.6% ceil)
2026-05-26 16:50:32 +00:27:46 -00:12:54 [INFO] iter=  6800  0.242s/iter  lr=2.33e-04  loss=0.000815
                                  K=1 (deploy)              K=3 (train)
  mean_violation   = 0.000128  ->  0.000012              0.000002
  illegal_pairs    = 1.08%      ->  0.43%                 0.15%
  viol_per_cloud   = 13.19       ->  5.22                  1.81
  viol_reduction   =                60.4%                    86.3%
  mean_nn_dist     = 0.050980  ->  0.055880              0.056374
  displacement     =                0.0045 (0.089x rd)   0.0066 (0.132x rd)
  correction_eff   =                0.0259 (63.5% ceil)         0.0190 (46.6% ceil)
2026-05-26 16:50:57 +00:28:11 -00:12:30 [INFO] iter=  6900  0.242s/iter  lr=2.20e-04  loss=0.000603
                                  K=1 (deploy)              K=3 (train)
  mean_violation   = 0.000128  ->  0.000012              0.000002
  illegal_pairs    = 1.08%      ->  0.38%                 0.13%
  viol_per_cloud   = 13.19       ->  4.69                  1.56
  viol_reduction   =                64.5%                    88.2%
  mean_nn_dist     = 0.050980  ->  0.055919              0.056404
  displacement     =                0.0044 (0.088x rd)   0.0065 (0.130x rd)
  correction_eff   =                0.0266 (65.1% ceil)         0.0194 (47.5% ceil)
2026-05-26 16:51:21 +00:28:35 -00:12:05 [INFO] iter=  7000  0.242s/iter  lr=2.07e-04  loss=0.000618
                                  K=1 (deploy)              K=3 (train)
  mean_violation   = 0.000128  ->  0.000012              0.000002
  illegal_pairs    = 1.08%      ->  0.55%                 0.16%
  viol_per_cloud   = 13.19       ->  6.72                  2.00
  viol_reduction   =                49.1%                    84.8%
  mean_nn_dist     = 0.050980  ->  0.055742              0.056287
  displacement     =                0.0041 (0.081x rd)   0.0056 (0.112x rd)
  correction_eff   =                0.0286 (70.0% ceil)         0.0225 (55.1% ceil)
2026-05-26 16:51:46 +00:29:00 -00:12:03 [INFO] iter=  7100  0.249s/iter  lr=1.94e-04  loss=0.000570
                                  K=1 (deploy)              K=3 (train)
  mean_violation   = 0.000128  ->  0.000011              0.000002
  illegal_pairs    = 1.08%      ->  0.37%                 0.12%
  viol_per_cloud   = 13.19       ->  4.56                  1.50
  viol_reduction   =                65.4%                    88.6%
  mean_nn_dist     = 0.050980  ->  0.055981              0.056465
  displacement     =                0.0043 (0.085x rd)   0.0059 (0.119x rd)
  correction_eff   =                0.0275 (67.3% ceil)         0.0213 (52.1% ceil)
2026-05-26 16:52:09 +00:29:23 -00:10:58 [INFO] iter=  7200  0.235s/iter  lr=1.82e-04  loss=0.000663
                                  K=1 (deploy)              K=3 (train)
  mean_violation   = 0.000128  ->  0.000012              0.000002
  illegal_pairs    = 1.08%      ->  0.39%                 0.13%
  viol_per_cloud   = 13.19       ->  4.81                  1.59
  viol_reduction   =                63.5%                    87.9%
  mean_nn_dist     = 0.050980  ->  0.055935              0.056466
  displacement     =                0.0037 (0.074x rd)   0.0042 (0.084x rd)
  correction_eff   =                0.0312 (76.5% ceil)         0.0303 (74.1% ceil)
2026-05-26 16:52:34 +00:29:47 -00:10:53 [INFO] iter=  7300  0.242s/iter  lr=1.70e-04  loss=0.000590
                                  K=1 (deploy)              K=3 (train)
  mean_violation   = 0.000128  ->  0.000011              0.000002
  illegal_pairs    = 1.08%      ->  0.36%                 0.11%
  viol_per_cloud   = 13.19       ->  4.38                  1.38
  viol_reduction   =                66.8%                    89.6%
  mean_nn_dist     = 0.050980  ->  0.056004              0.056475
  displacement     =                0.0040 (0.080x rd)   0.0050 (0.100x rd)
  correction_eff   =                0.0292 (71.6% ceil)         0.0254 (62.1% ceil)
2026-05-26 16:52:58 +00:30:11 -00:10:27 [INFO] iter=  7400  0.241s/iter  lr=1.59e-04  loss=0.000562
                                  K=1 (deploy)              K=3 (train)
  mean_violation   = 0.000128  ->  0.000011              0.000002
  illegal_pairs    = 1.08%      ->  0.37%                 0.14%
  viol_per_cloud   = 13.19       ->  4.56                  1.75
  viol_reduction   =                65.4%                    86.7%
  mean_nn_dist     = 0.050980  ->  0.055924              0.056372
  displacement     =                0.0040 (0.081x rd)   0.0053 (0.105x rd)
  correction_eff   =                0.0290 (71.1% ceil)         0.0240 (58.7% ceil)
2026-05-26 16:53:22 +00:30:36 -00:10:04 [INFO] iter=  7500  0.242s/iter  lr=1.47e-04  loss=0.000585
                                  K=1 (deploy)              K=3 (train)
  mean_violation   = 0.000128  ->  0.000011              0.000002
  illegal_pairs    = 1.08%      ->  0.44%                 0.15%
  viol_per_cloud   = 13.19       ->  5.44                  1.84
  viol_reduction   =                58.8%                    86.0%
  mean_nn_dist     = 0.050980  ->  0.055883              0.056335
  displacement     =                0.0038 (0.075x rd)   0.0046 (0.092x rd)
  correction_eff   =                0.0311 (76.2% ceil)         0.0274 (67.2% ceil)
2026-05-26 16:53:47 +00:31:01 -00:09:56 [INFO] iter=  7600  0.249s/iter  lr=1.36e-04  loss=0.000524
                                  K=1 (deploy)              K=3 (train)
  mean_violation   = 0.000128  ->  0.000011              0.000002
  illegal_pairs    = 1.08%      ->  0.47%                 0.17%
  viol_per_cloud   = 13.19       ->  5.75                  2.09
  viol_reduction   =                56.4%                    84.1%
  mean_nn_dist     = 0.050980  ->  0.055872              0.056324
  displacement     =                0.0039 (0.079x rd)   0.0052 (0.104x rd)
  correction_eff   =                0.0297 (72.8% ceil)         0.0243 (59.5% ceil)
2026-05-26 16:54:11 +00:31:25 -00:09:15 [INFO] iter=  7700  0.242s/iter  lr=1.26e-04  loss=0.000543
                                  K=1 (deploy)              K=3 (train)
  mean_violation   = 0.000128  ->  0.000011              0.000002
  illegal_pairs    = 1.08%      ->  0.39%                 0.14%
  viol_per_cloud   = 13.19       ->  4.81                  1.69
  viol_reduction   =                63.5%                    87.2%
  mean_nn_dist     = 0.050980  ->  0.055876              0.056310
  displacement     =                0.0038 (0.077x rd)   0.0048 (0.096x rd)
  correction_eff   =                0.0306 (75.0% ceil)         0.0263 (64.3% ceil)
2026-05-26 16:54:35 +00:31:49 -00:08:51 [INFO] iter=  7800  0.242s/iter  lr=1.16e-04  loss=0.000548
                                  K=1 (deploy)              K=3 (train)
  mean_violation   = 0.000128  ->  0.000011              0.000002
  illegal_pairs    = 1.08%      ->  0.49%                 0.16%
  viol_per_cloud   = 13.19       ->  6.00                  1.91
  viol_reduction   =                54.5%                    85.5%
  mean_nn_dist     = 0.050980  ->  0.055857              0.056313
  displacement     =                0.0038 (0.076x rd)   0.0048 (0.096x rd)
  correction_eff   =                0.0307 (75.2% ceil)         0.0263 (64.5% ceil)
2026-05-26 16:54:59 +00:32:13 -00:08:25 [INFO] iter=  7900  0.241s/iter  lr=1.06e-04  loss=0.000498
                                  K=1 (deploy)              K=3 (train)
  mean_violation   = 0.000128  ->  0.000011              0.000002
  illegal_pairs    = 1.08%      ->  0.45%                 0.15%
  viol_per_cloud   = 13.19       ->  5.56                  1.88
  viol_reduction   =                57.8%                    85.8%
  mean_nn_dist     = 0.050980  ->  0.055847              0.056293
  displacement     =                0.0041 (0.082x rd)   0.0058 (0.115x rd)
  correction_eff   =                0.0287 (70.3% ceil)         0.0220 (53.8% ceil)
2026-05-26 16:55:23 +00:32:37 -00:08:03 [INFO] iter=  8000  0.242s/iter  lr=9.64e-05  loss=0.000544
                                  K=1 (deploy)              K=3 (train)
  mean_violation   = 0.000128  ->  0.000011              0.000002
  illegal_pairs    = 1.08%      ->  0.40%                 0.11%
  viol_per_cloud   = 13.19       ->  4.84                  1.41
  viol_reduction   =                63.3%                    89.3%
  mean_nn_dist     = 0.050980  ->  0.055850              0.056323
  displacement     =                0.0038 (0.075x rd)   0.0045 (0.090x rd)
  correction_eff   =                0.0310 (76.0% ceil)         0.0280 (68.7% ceil)
2026-05-26 16:55:48 +00:33:02 -00:07:51 [INFO] iter=  8100  0.248s/iter  lr=8.74e-05  loss=0.000519
                                  K=1 (deploy)              K=3 (train)
  mean_violation   = 0.000128  ->  0.000011              0.000002
  illegal_pairs    = 1.08%      ->  0.42%                 0.15%
  viol_per_cloud   = 13.19       ->  5.09                  1.81
  viol_reduction   =                61.4%                    86.3%
  mean_nn_dist     = 0.050980  ->  0.055850              0.056300
  displacement     =                0.0036 (0.073x rd)   0.0043 (0.085x rd)
  correction_eff   =                0.0323 (79.3% ceil)         0.0296 (72.6% ceil)
2026-05-26 16:56:12 +00:33:26 -00:07:14 [INFO] iter=  8200  0.241s/iter  lr=7.88e-05  loss=0.000508
                                  K=1 (deploy)              K=3 (train)
  mean_violation   = 0.000128  ->  0.000011              0.000002
  illegal_pairs    = 1.08%      ->  0.42%                 0.17%
  viol_per_cloud   = 13.19       ->  5.09                  2.09
  viol_reduction   =                61.4%                    84.1%
  mean_nn_dist     = 0.050980  ->  0.055873              0.056303
  displacement     =                0.0036 (0.071x rd)   0.0041 (0.082x rd)
  correction_eff   =                0.0329 (80.6% ceil)         0.0309 (75.7% ceil)
2026-05-26 16:56:36 +00:33:50 -00:06:49 [INFO] iter=  8300  0.241s/iter  lr=7.06e-05  loss=0.000496
                                  K=1 (deploy)              K=3 (train)
  mean_violation   = 0.000128  ->  0.000011              0.000002
  illegal_pairs    = 1.08%      ->  0.35%                 0.15%
  viol_per_cloud   = 13.19       ->  4.31                  1.81
  viol_reduction   =                67.3%                    86.3%
  mean_nn_dist     = 0.050980  ->  0.055897              0.056311
  displacement     =                0.0036 (0.071x rd)   0.0040 (0.079x rd)
  correction_eff   =                0.0331 (81.0% ceil)         0.0320 (78.4% ceil)
2026-05-26 16:57:00 +00:34:14 -00:06:15 [INFO] iter=  8400  0.235s/iter  lr=6.28e-05  loss=0.000497
                                  K=1 (deploy)              K=3 (train)
  mean_violation   = 0.000128  ->  0.000011              0.000002
  illegal_pairs    = 1.08%      ->  0.38%                 0.15%
  viol_per_cloud   = 13.19       ->  4.62                  1.81
  viol_reduction   =                64.9%                    86.3%
  mean_nn_dist     = 0.050980  ->  0.055870              0.056290
  displacement     =                0.0036 (0.072x rd)   0.0041 (0.082x rd)
  correction_eff   =                0.0328 (80.4% ceil)         0.0310 (75.8% ceil)
2026-05-26 16:57:24 +00:34:38 -00:06:00 [INFO] iter=  8500  0.240s/iter  lr=5.54e-05  loss=0.000499
                                  K=1 (deploy)              K=3 (train)
  mean_violation   = 0.000128  ->  0.000011              0.000002
  illegal_pairs    = 1.08%      ->  0.40%                 0.16%
  viol_per_cloud   = 13.19       ->  4.94                  2.00
  viol_reduction   =                62.6%                    84.8%
  mean_nn_dist     = 0.050980  ->  0.055869              0.056286
  displacement     =                0.0036 (0.071x rd)   0.0040 (0.081x rd)
  correction_eff   =                0.0331 (81.1% ceil)         0.0314 (76.9% ceil)
2026-05-26 16:57:49 +00:35:03 -00:05:53 [INFO] iter=  8600  0.252s/iter  lr=4.85e-05  loss=0.000501
                                  K=1 (deploy)              K=3 (train)
  mean_violation   = 0.000128  ->  0.000011              0.000002
  illegal_pairs    = 1.08%      ->  0.36%                 0.17%
  viol_per_cloud   = 13.19       ->  4.41                  2.06
  viol_reduction   =                66.6%                    84.4%
  mean_nn_dist     = 0.050980  ->  0.055877              0.056286
  displacement     =                0.0036 (0.072x rd)   0.0041 (0.082x rd)
  correction_eff   =                0.0328 (80.4% ceil)         0.0307 (75.3% ceil)
2026-05-26 16:58:13 +00:35:27 -00:05:15 [INFO] iter=  8700  0.242s/iter  lr=4.21e-05  loss=0.000487
                                  K=1 (deploy)              K=3 (train)
  mean_violation   = 0.000128  ->  0.000011              0.000002
  illegal_pairs    = 1.08%      ->  0.38%                 0.17%
  viol_per_cloud   = 13.19       ->  4.66                  2.06
  viol_reduction   =                64.7%                    84.4%
  mean_nn_dist     = 0.050980  ->  0.055864              0.056272
  displacement     =                0.0035 (0.069x rd)   0.0038 (0.076x rd)
  correction_eff   =                0.0339 (83.1% ceil)         0.0333 (81.5% ceil)
2026-05-26 16:58:37 +00:35:50 -00:04:38 [INFO] iter=  8800  0.232s/iter  lr=3.61e-05  loss=0.000484
                                  K=1 (deploy)              K=3 (train)
  mean_violation   = 0.000128  ->  0.000010              0.000002
  illegal_pairs    = 1.08%      ->  0.34%                 0.15%
  viol_per_cloud   = 13.19       ->  4.22                  1.88
  viol_reduction   =                68.0%                    85.8%
  mean_nn_dist     = 0.050980  ->  0.055894              0.056295
  displacement     =                0.0035 (0.070x rd)   0.0039 (0.077x rd)
  correction_eff   =                0.0335 (82.1% ceil)         0.0328 (80.3% ceil)
2026-05-26 16:59:01 +00:36:15 -00:04:25 [INFO] iter=  8900  0.241s/iter  lr=3.05e-05  loss=0.000479
                                  K=1 (deploy)              K=3 (train)
  mean_violation   = 0.000128  ->  0.000010              0.000002
  illegal_pairs    = 1.08%      ->  0.40%                 0.16%
  viol_per_cloud   = 13.19       ->  4.84                  2.00
  viol_reduction   =                63.3%                    84.8%
  mean_nn_dist     = 0.050980  ->  0.055852              0.056258
  displacement     =                0.0035 (0.069x rd)   0.0038 (0.075x rd)
  correction_eff   =                0.0340 (83.4% ceil)         0.0335 (82.0% ceil)
2026-05-26 16:59:25 +00:36:39 -00:04:02 [INFO] iter=  9000  0.243s/iter  lr=2.54e-05  loss=0.000480
                                  K=1 (deploy)              K=3 (train)
  mean_violation   = 0.000128  ->  0.000011              0.000002
  illegal_pairs    = 1.08%      ->  0.41%                 0.17%
  viol_per_cloud   = 13.19       ->  5.00                  2.09
  viol_reduction   =                62.1%                    84.1%
  mean_nn_dist     = 0.050980  ->  0.055855              0.056267
  displacement     =                0.0034 (0.069x rd)   0.0037 (0.074x rd)
  correction_eff   =                0.0342 (83.8% ceil)         0.0340 (83.2% ceil)
2026-05-26 16:59:50 +00:37:04 -00:03:43 [INFO] iter=  9100  0.249s/iter  lr=2.08e-05  loss=0.000475
                                  K=1 (deploy)              K=3 (train)
  mean_violation   = 0.000128  ->  0.000010              0.000002
  illegal_pairs    = 1.08%      ->  0.40%                 0.17%
  viol_per_cloud   = 13.19       ->  4.88                  2.06
  viol_reduction   =                63.0%                    84.4%
  mean_nn_dist     = 0.050980  ->  0.055850              0.056259
  displacement     =                0.0034 (0.069x rd)   0.0037 (0.074x rd)
  correction_eff   =                0.0343 (84.1% ceil)         0.0342 (83.8% ceil)
2026-05-26 17:00:14 +00:37:28 -00:03:13 [INFO] iter=  9200  0.241s/iter  lr=1.67e-05  loss=0.000475
                                  K=1 (deploy)              K=3 (train)
  mean_violation   = 0.000128  ->  0.000010              0.000002
  illegal_pairs    = 1.08%      ->  0.39%                 0.16%
  viol_per_cloud   = 13.19       ->  4.72                  1.94
  viol_reduction   =                64.2%                    85.3%
  mean_nn_dist     = 0.050980  ->  0.055858              0.056267
  displacement     =                0.0034 (0.069x rd)   0.0037 (0.074x rd)
  correction_eff   =                0.0343 (84.0% ceil)         0.0343 (83.9% ceil)
2026-05-26 17:00:38 +00:37:52 -00:02:48 [INFO] iter=  9300  0.241s/iter  lr=1.30e-05  loss=0.000472
                                  K=1 (deploy)              K=3 (train)
  mean_violation   = 0.000128  ->  0.000010              0.000002
  illegal_pairs    = 1.08%      ->  0.34%                 0.16%
  viol_per_cloud   = 13.19       ->  4.12                  1.91
  viol_reduction   =                68.7%                    85.5%
  mean_nn_dist     = 0.050980  ->  0.055862              0.056259
  displacement     =                0.0035 (0.069x rd)   0.0037 (0.075x rd)
  correction_eff   =                0.0341 (83.5% ceil)         0.0337 (82.7% ceil)
2026-05-26 17:01:01 +00:38:15 -00:02:17 [INFO] iter=  9400  0.229s/iter  lr=9.85e-06  loss=0.000475
                                  K=1 (deploy)              K=3 (train)
  mean_violation   = 0.000128  ->  0.000010              0.000002
  illegal_pairs    = 1.08%      ->  0.37%                 0.17%
  viol_per_cloud   = 13.19       ->  4.50                  2.09
  viol_reduction   =                65.9%                    84.1%
  mean_nn_dist     = 0.050980  ->  0.055862              0.056259
  displacement     =                0.0035 (0.070x rd)   0.0039 (0.078x rd)
  correction_eff   =                0.0336 (82.4% ceil)         0.0326 (79.9% ceil)
2026-05-26 17:01:25 +00:38:38 -00:01:58 [INFO] iter=  9500  0.236s/iter  lr=7.15e-06  loss=0.000477
                                  K=1 (deploy)              K=3 (train)
  mean_violation   = 0.000128  ->  0.000010              0.000002
  illegal_pairs    = 1.08%      ->  0.38%                 0.16%
  viol_per_cloud   = 13.19       ->  4.69                  1.91
  viol_reduction   =                64.5%                    85.5%
  mean_nn_dist     = 0.050980  ->  0.055851              0.056259
  displacement     =                0.0035 (0.070x rd)   0.0038 (0.077x rd)
  correction_eff   =                0.0339 (83.0% ceil)         0.0330 (80.9% ceil)
2026-05-26 17:01:50 +00:39:03 -00:01:40 [INFO] iter=  9600  0.251s/iter  lr=4.94e-06  loss=0.000473
                                  K=1 (deploy)              K=3 (train)
  mean_violation   = 0.000128  ->  0.000010              0.000002
  illegal_pairs    = 1.08%      ->  0.36%                 0.17%
  viol_per_cloud   = 13.19       ->  4.47                  2.03
  viol_reduction   =                66.1%                    84.6%
  mean_nn_dist     = 0.050980  ->  0.055857              0.056247
  displacement     =                0.0035 (0.069x rd)   0.0037 (0.075x rd)
  correction_eff   =                0.0341 (83.6% ceil)         0.0337 (82.6% ceil)
2026-05-26 17:02:14 +00:39:28 -00:01:12 [INFO] iter=  9700  0.242s/iter  lr=3.22e-06  loss=0.000469
                                  K=1 (deploy)              K=3 (train)
  mean_violation   = 0.000128  ->  0.000010              0.000002
  illegal_pairs    = 1.08%      ->  0.37%                 0.15%
  viol_per_cloud   = 13.19       ->  4.50                  1.81
  viol_reduction   =                65.9%                    86.3%
  mean_nn_dist     = 0.050980  ->  0.055850              0.056250
  displacement     =                0.0034 (0.068x rd)   0.0036 (0.072x rd)
  correction_eff   =                0.0347 (85.0% ceil)         0.0352 (86.3% ceil)
2026-05-26 17:02:38 +00:39:52 -00:00:48 [INFO] iter=  9800  0.241s/iter  lr=1.99e-06  loss=0.000468
                                  K=1 (deploy)              K=3 (train)
  mean_violation   = 0.000128  ->  0.000010              0.000002
  illegal_pairs    = 1.08%      ->  0.36%                 0.16%
  viol_per_cloud   = 13.19       ->  4.47                  1.91
  viol_reduction   =                66.1%                    85.5%
  mean_nn_dist     = 0.050980  ->  0.055852              0.056245
  displacement     =                0.0034 (0.068x rd)   0.0036 (0.072x rd)
  correction_eff   =                0.0347 (84.9% ceil)         0.0351 (86.0% ceil)
2026-05-26 17:03:02 +00:40:16 -00:00:24 [INFO] iter=  9900  0.241s/iter  lr=1.25e-06  loss=0.000467
                                  K=1 (deploy)              K=3 (train)
  mean_violation   = 0.000128  ->  0.000010              0.000002
  illegal_pairs    = 1.08%      ->  0.38%                 0.16%
  viol_per_cloud   = 13.19       ->  4.62                  1.94
  viol_reduction   =                64.9%                    85.3%
  mean_nn_dist     = 0.050980  ->  0.055851              0.056246
  displacement     =                0.0034 (0.068x rd)   0.0036 (0.071x rd)
  correction_eff   =                0.0348 (85.2% ceil)         0.0353 (86.5% ceil)
2026-05-26 17:03:26 +00:40:40 -00:00:00 [INFO] iter= 10000  0.242s/iter  lr=1.00e-06  loss=0.000467
                                  K=1 (deploy)              K=3 (train)
  mean_violation   = 0.000128  ->  0.000010              0.000002
  illegal_pairs    = 1.08%      ->  0.37%                 0.16%
  viol_per_cloud   = 13.19       ->  4.59                  1.97
  viol_reduction   =                65.2%                    85.1%
  mean_nn_dist     = 0.050980  ->  0.055852              0.056250
  displacement     =                0.0034 (0.068x rd)   0.0036 (0.072x rd)
  correction_eff   =                0.0347 (85.1% ceil)         0.0352 (86.3% ceil)
2026-05-26 17:03:27 +00:40:41 -00:00:00 [INFO] Training complete. Model saved to training_artifacts\train_run_2026-05-26_16-22-46\model_final.pt
2026-05-26 17:03:28 +00:40:42 -00:00:00 [INFO] Evolution GIF saved to training_artifacts\train_run_2026-05-26_16-22-46\evolution.gif
