2026-05-28 12:00:16 +00:00:00 --:--:-- [INFO] Run directory: training_artifacts\train_run_2026-05-28_12-00-16
2026-05-28 12:00:16 +00:00:00 --:--:-- [INFO] Configs copied to run directory
2026-05-28 12:00:16 +00:00:00 --:--:-- [INFO] Using device: cuda
2026-05-28 12:00:16 +00:00:00 --:--:-- [INFO] Generating validation set (256 clouds)...
2026-05-28 12:00:17 +00:00:01 --:--:-- [INFO] Validation set saved
2026-05-28 12:00:18 +00:00:01 --:--:-- [INFO] Model built: 51,714 parameters
2026-05-28 12:00:18 +00:00:02 --:--:-- [INFO] Starting training for 10000 iterations
2026-05-28 12:00:42 +00:00:26 -00:39:41 [INFO] iter=   100  0.241s/iter  lr=1.00e-03  loss=0.001299
                                  K=1 (deploy)              K=3 (train)
  mean_violation   = 0.000128  ->  0.000031              0.000005
  illegal_pairs    = 1.08%      ->  0.58%                 0.24%
  viol_per_cloud   = 13.19       ->  7.06                  2.91
  viol_reduction   =                46.4%                    78.0%
  mean_nn_dist     = 0.050980  ->  0.055806              0.057391
  displacement     =                0.0042 (0.085x rd)   0.0064 (0.127x rd)
  correction_eff   =                0.0229 (56.2% ceil)         0.0193 (47.3% ceil)
2026-05-28 12:01:07 +00:00:51 -00:41:05 [INFO] iter=   200  0.252s/iter  lr=9.99e-04  loss=0.001119
                                  K=1 (deploy)              K=3 (train)
  mean_violation   = 0.000128  ->  0.000029              0.000004
  illegal_pairs    = 1.08%      ->  0.54%                 0.19%
  viol_per_cloud   = 13.19       ->  6.62                  2.38
  viol_reduction   =                49.8%                    82.0%
  mean_nn_dist     = 0.050980  ->  0.055529              0.056782
  displacement     =                0.0042 (0.084x rd)   0.0064 (0.127x rd)
  correction_eff   =                0.0236 (57.9% ceil)         0.0195 (47.8% ceil)
2026-05-28 12:01:33 +00:01:16 -00:40:56 [INFO] iter=   300  0.253s/iter  lr=9.98e-04  loss=0.001634
                                  K=1 (deploy)              K=3 (train)
  mean_violation   = 0.000128  ->  0.000046              0.000008
  illegal_pairs    = 1.08%      ->  0.71%                 0.24%
  viol_per_cloud   = 13.19       ->  8.66                  2.91
  viol_reduction   =                34.4%                    78.0%
  mean_nn_dist     = 0.050980  ->  0.055185              0.057328
  displacement     =                0.0040 (0.079x rd)   0.0070 (0.140x rd)
  correction_eff   =                0.0208 (51.0% ceil)         0.0173 (42.3% ceil)
2026-05-28 12:01:58 +00:01:42 -00:40:45 [INFO] iter=   400  0.255s/iter  lr=9.96e-04  loss=0.000953
                                  K=1 (deploy)              K=3 (train)
  mean_violation   = 0.000128  ->  0.000025              0.000003
  illegal_pairs    = 1.08%      ->  0.54%                 0.17%
  viol_per_cloud   = 13.19       ->  6.56                  2.06
  viol_reduction   =                50.2%                    84.4%
  mean_nn_dist     = 0.050980  ->  0.055573              0.056765
  displacement     =                0.0038 (0.076x rd)   0.0054 (0.107x rd)
  correction_eff   =                0.0272 (66.7% ceil)         0.0234 (57.4% ceil)
2026-05-28 12:02:24 +00:02:07 -00:40:21 [INFO] iter=   500  0.255s/iter  lr=9.94e-04  loss=0.000969
                                  K=1 (deploy)              K=3 (train)
  mean_violation   = 0.000128  ->  0.000026              0.000003
  illegal_pairs    = 1.08%      ->  0.54%                 0.19%
  viol_per_cloud   = 13.19       ->  6.66                  2.34
  viol_reduction   =                49.5%                    82.2%
  mean_nn_dist     = 0.050980  ->  0.055530              0.056779
  displacement     =                0.0039 (0.078x rd)   0.0057 (0.113x rd)
  correction_eff   =                0.0262 (64.3% ceil)         0.0221 (54.2% ceil)
2026-05-28 12:02:49 +00:02:33 -00:40:07 [INFO] iter=   600  0.256s/iter  lr=9.91e-04  loss=0.000759
                                  K=1 (deploy)              K=3 (train)
  mean_violation   = 0.000128  ->  0.000019              0.000002
  illegal_pairs    = 1.08%      ->  0.56%                 0.19%
  viol_per_cloud   = 13.19       ->  6.81                  2.28
  viol_reduction   =                48.3%                    82.7%
  mean_nn_dist     = 0.050980  ->  0.055781              0.056693
  displacement     =                0.0039 (0.078x rd)   0.0055 (0.109x rd)
  correction_eff   =                0.0281 (68.9% ceil)         0.0231 (56.6% ceil)
2026-05-28 12:03:15 +00:02:59 -00:39:40 [INFO] iter=   700  0.256s/iter  lr=9.88e-04  loss=0.000713
                                  K=1 (deploy)              K=3 (train)
  mean_violation   = 0.000128  ->  0.000017              0.000002
  illegal_pairs    = 1.08%      ->  0.47%                 0.11%
  viol_per_cloud   = 13.19       ->  5.72                  1.38
  viol_reduction   =                56.6%                    89.6%
  mean_nn_dist     = 0.050980  ->  0.055954              0.056904
  displacement     =                0.0039 (0.079x rd)   0.0052 (0.104x rd)
  correction_eff   =                0.0283 (69.3% ceil)         0.0245 (59.9% ceil)
2026-05-28 12:03:41 +00:03:24 -00:39:27 [INFO] iter=   800  0.257s/iter  lr=9.84e-04  loss=0.000766
                                  K=1 (deploy)              K=3 (train)
  mean_violation   = 0.000128  ->  0.000014              0.000002
  illegal_pairs    = 1.08%      ->  0.41%                 0.08%
  viol_per_cloud   = 13.19       ->  5.00                  1.00
  viol_reduction   =                62.1%                    92.4%
  mean_nn_dist     = 0.050980  ->  0.056419              0.057409
  displacement     =                0.0043 (0.086x rd)   0.0057 (0.114x rd)
  correction_eff   =                0.0267 (65.4% ceil)         0.0222 (54.4% ceil)
2026-05-28 12:04:06 +00:03:50 -00:38:50 [INFO] iter=   900  0.256s/iter  lr=9.80e-04  loss=0.000557
                                  K=1 (deploy)              K=3 (train)
  mean_violation   = 0.000128  ->  0.000012              0.000001
  illegal_pairs    = 1.08%      ->  0.39%                 0.08%
  viol_per_cloud   = 13.19       ->  4.75                  0.94
  viol_reduction   =                64.0%                    92.9%
  mean_nn_dist     = 0.050980  ->  0.056449              0.057192
  displacement     =                0.0042 (0.084x rd)   0.0050 (0.101x rd)
  correction_eff   =                0.0274 (67.1% ceil)         0.0252 (61.7% ceil)
2026-05-28 12:04:32 +00:04:16 -00:38:26 [INFO] iter=  1000  0.256s/iter  lr=9.76e-04  loss=0.000561
                                  K=1 (deploy)              K=3 (train)
  mean_violation   = 0.000128  ->  0.000013              0.000001
  illegal_pairs    = 1.08%      ->  0.43%                 0.09%
  viol_per_cloud   = 13.19       ->  5.31                  1.06
  viol_reduction   =                59.7%                    91.9%
  mean_nn_dist     = 0.050980  ->  0.056027              0.056756
  displacement     =                0.0039 (0.079x rd)   0.0050 (0.100x rd)
  correction_eff   =                0.0292 (71.6% ceil)         0.0253 (61.9% ceil)
2026-05-28 12:04:59 +00:04:42 -00:39:40 [INFO] iter=  1100  0.267s/iter  lr=9.70e-04  loss=0.000486
                                  K=1 (deploy)              K=3 (train)
  mean_violation   = 0.000128  ->  0.000009              0.000001
  illegal_pairs    = 1.08%      ->  0.39%                 0.09%
  viol_per_cloud   = 13.19       ->  4.81                  1.06
  viol_reduction   =                63.5%                    91.9%
  mean_nn_dist     = 0.050980  ->  0.056133              0.056727
  displacement     =                0.0038 (0.075x rd)   0.0045 (0.091x rd)
  correction_eff   =                0.0316 (77.5% ceil)         0.0281 (68.8% ceil)
2026-05-28 12:05:24 +00:05:08 -00:37:27 [INFO] iter=  1200  0.255s/iter  lr=9.65e-04  loss=0.000461
                                  K=1 (deploy)              K=3 (train)
  mean_violation   = 0.000128  ->  0.000009              0.000001
  illegal_pairs    = 1.08%      ->  0.33%                 0.08%
  viol_per_cloud   = 13.19       ->  4.06                  1.03
  viol_reduction   =                69.2%                    92.2%
  mean_nn_dist     = 0.050980  ->  0.056176              0.056616
  displacement     =                0.0037 (0.075x rd)   0.0043 (0.086x rd)
  correction_eff   =                0.0320 (78.3% ceil)         0.0297 (72.9% ceil)
2026-05-28 12:05:50 +00:05:33 -00:37:00 [INFO] iter=  1300  0.255s/iter  lr=9.59e-04  loss=0.000433
                                  K=1 (deploy)              K=3 (train)
  mean_violation   = 0.000128  ->  0.000009              0.000001
  illegal_pairs    = 1.08%      ->  0.36%                 0.06%
  viol_per_cloud   = 13.19       ->  4.47                  0.72
  viol_reduction   =                66.1%                    94.5%
  mean_nn_dist     = 0.050980  ->  0.056308              0.056878
  displacement     =                0.0040 (0.079x rd)   0.0046 (0.091x rd)
  correction_eff   =                0.0302 (74.0% ceil)         0.0280 (68.6% ceil)
2026-05-28 12:06:16 +00:05:59 -00:37:08 [INFO] iter=  1400  0.259s/iter  lr=9.52e-04  loss=0.000431
                                  K=1 (deploy)              K=3 (train)
  mean_violation   = 0.000128  ->  0.000007              0.000001
  illegal_pairs    = 1.08%      ->  0.26%                 0.05%
  viol_per_cloud   = 13.19       ->  3.19                  0.66
  viol_reduction   =                75.8%                    95.0%
  mean_nn_dist     = 0.050980  ->  0.056488              0.056948
  displacement     =                0.0041 (0.081x rd)   0.0047 (0.094x rd)
  correction_eff   =                0.0299 (73.2% ceil)         0.0272 (66.7% ceil)
2026-05-28 12:06:41 +00:06:25 -00:36:19 [INFO] iter=  1500  0.256s/iter  lr=9.46e-04  loss=0.000365
                                  K=1 (deploy)              K=3 (train)
  mean_violation   = 0.000128  ->  0.000006              0.000001
  illegal_pairs    = 1.08%      ->  0.33%                 0.07%
  viol_per_cloud   = 13.19       ->  4.06                  0.81
  viol_reduction   =                69.2%                    93.8%
  mean_nn_dist     = 0.050980  ->  0.056167              0.056550
  displacement     =                0.0038 (0.076x rd)   0.0044 (0.088x rd)
  correction_eff   =                0.0321 (78.8% ceil)         0.0289 (70.8% ceil)
2026-05-28 12:07:07 +00:06:51 -00:36:20 [INFO] iter=  1600  0.260s/iter  lr=9.38e-04  loss=0.000344
                                  K=1 (deploy)              K=3 (train)
  mean_violation   = 0.000128  ->  0.000006              0.000000
  illegal_pairs    = 1.08%      ->  0.32%                 0.06%
  viol_per_cloud   = 13.19       ->  3.97                  0.69
  viol_reduction   =                69.9%                    94.8%
  mean_nn_dist     = 0.050980  ->  0.056223              0.056625
  displacement     =                0.0038 (0.076x rd)   0.0044 (0.087x rd)
  correction_eff   =                0.0320 (78.4% ceil)         0.0293 (71.8% ceil)
2026-05-28 12:07:33 +00:07:17 -00:35:39 [INFO] iter=  1700  0.258s/iter  lr=9.30e-04  loss=0.000314
                                  K=1 (deploy)              K=3 (train)
  mean_violation   = 0.000128  ->  0.000006              0.000001
  illegal_pairs    = 1.08%      ->  0.31%                 0.08%
  viol_per_cloud   = 13.19       ->  3.81                  1.00
  viol_reduction   =                71.1%                    92.4%
  mean_nn_dist     = 0.050980  ->  0.056242              0.056612
  displacement     =                0.0037 (0.075x rd)   0.0043 (0.086x rd)
  correction_eff   =                0.0328 (80.4% ceil)         0.0298 (73.1% ceil)
2026-05-28 12:07:59 +00:07:42 -00:35:03 [INFO] iter=  1800  0.257s/iter  lr=9.22e-04  loss=0.000353
                                  K=1 (deploy)              K=3 (train)
  mean_violation   = 0.000128  ->  0.000006              0.000001
  illegal_pairs    = 1.08%      ->  0.26%                 0.05%
  viol_per_cloud   = 13.19       ->  3.16                  0.56
  viol_reduction   =                76.1%                    95.7%
  mean_nn_dist     = 0.050980  ->  0.056388              0.056750
  displacement     =                0.0039 (0.078x rd)   0.0044 (0.088x rd)
  correction_eff   =                0.0314 (77.0% ceil)         0.0289 (70.9% ceil)
2026-05-28 12:08:24 +00:08:08 -00:34:41 [INFO] iter=  1900  0.257s/iter  lr=9.14e-04  loss=0.000329
                                  K=1 (deploy)              K=3 (train)
  mean_violation   = 0.000128  ->  0.000006              0.000000
  illegal_pairs    = 1.08%      ->  0.29%                 0.07%
  viol_per_cloud   = 13.19       ->  3.50                  0.84
  viol_reduction   =                73.5%                    93.6%
  mean_nn_dist     = 0.050980  ->  0.056277              0.056618
  displacement     =                0.0037 (0.074x rd)   0.0041 (0.082x rd)
  correction_eff   =                0.0330 (80.8% ceil)         0.0313 (76.7% ceil)
2026-05-28 12:08:50 +00:08:34 -00:34:06 [INFO] iter=  2000  0.256s/iter  lr=9.05e-04  loss=0.000339
                                  K=1 (deploy)              K=3 (train)
  mean_violation   = 0.000128  ->  0.000005              0.000000
  illegal_pairs    = 1.08%      ->  0.26%                 0.03%
  viol_per_cloud   = 13.19       ->  3.19                  0.31
  viol_reduction   =                75.8%                    97.6%
  mean_nn_dist     = 0.050980  ->  0.056535              0.056919
  displacement     =                0.0040 (0.081x rd)   0.0044 (0.087x rd)
  correction_eff   =                0.0304 (74.5% ceil)         0.0293 (71.7% ceil)
2026-05-28 12:09:17 +00:09:00 -00:35:19 [INFO] iter=  2100  0.268s/iter  lr=8.95e-04  loss=0.000361
                                  K=1 (deploy)              K=3 (train)
  mean_violation   = 0.000128  ->  0.000007              0.000001
  illegal_pairs    = 1.08%      ->  0.31%                 0.06%
  viol_per_cloud   = 13.19       ->  3.78                  0.72
  viol_reduction   =                71.3%                    94.5%
  mean_nn_dist     = 0.050980  ->  0.056261              0.056653
  displacement     =                0.0037 (0.074x rd)   0.0042 (0.084x rd)
  correction_eff   =                0.0328 (80.4% ceil)         0.0304 (74.5% ceil)
2026-05-28 12:09:42 +00:09:26 -00:33:10 [INFO] iter=  2200  0.255s/iter  lr=8.85e-04  loss=0.000292
                                  K=1 (deploy)              K=3 (train)
  mean_violation   = 0.000128  ->  0.000006              0.000000
  illegal_pairs    = 1.08%      ->  0.39%                 0.08%
  viol_per_cloud   = 13.19       ->  4.81                  1.00
  viol_reduction   =                63.5%                    92.4%
  mean_nn_dist     = 0.050980  ->  0.056102              0.056357
  displacement     =                0.0035 (0.070x rd)   0.0038 (0.076x rd)
  correction_eff   =                0.0349 (85.5% ceil)         0.0337 (82.5% ceil)
2026-05-28 12:10:08 +00:09:52 -00:32:51 [INFO] iter=  2300  0.256s/iter  lr=8.75e-04  loss=0.000300
                                  K=1 (deploy)              K=3 (train)
  mean_violation   = 0.000128  ->  0.000005              0.000000
  illegal_pairs    = 1.08%      ->  0.29%                 0.04%
  viol_per_cloud   = 13.19       ->  3.59                  0.47
  viol_reduction   =                72.7%                    96.4%
  mean_nn_dist     = 0.050980  ->  0.056306              0.056651
  displacement     =                0.0037 (0.074x rd)   0.0041 (0.082x rd)
  correction_eff   =                0.0332 (81.5% ceil)         0.0314 (76.9% ceil)
2026-05-28 12:10:34 +00:10:17 -00:32:27 [INFO] iter=  2400  0.256s/iter  lr=8.65e-04  loss=0.000300
                                  K=1 (deploy)              K=3 (train)
  mean_violation   = 0.000128  ->  0.000005              0.000000
  illegal_pairs    = 1.08%      ->  0.31%                 0.06%
  viol_per_cloud   = 13.19       ->  3.84                  0.72
  viol_reduction   =                70.9%                    94.5%
  mean_nn_dist     = 0.050980  ->  0.056243              0.056553
  displacement     =                0.0037 (0.073x rd)   0.0039 (0.078x rd)
  correction_eff   =                0.0337 (82.6% ceil)         0.0327 (80.2% ceil)
2026-05-28 12:10:59 +00:10:43 -00:32:05 [INFO] iter=  2500  0.257s/iter  lr=8.54e-04  loss=0.000288
                                  K=1 (deploy)              K=3 (train)
  mean_violation   = 0.000128  ->  0.000007              0.000001
  illegal_pairs    = 1.08%      ->  0.54%                 0.09%
  viol_per_cloud   = 13.19       ->  6.59                  1.12
  viol_reduction   =                50.0%                    91.5%
  mean_nn_dist     = 0.050980  ->  0.055977              0.056396
  displacement     =                0.0035 (0.069x rd)   0.0039 (0.079x rd)
  correction_eff   =                0.0351 (85.9% ceil)         0.0325 (79.5% ceil)
2026-05-28 12:11:26 +00:11:10 -00:33:05 [INFO] iter=  2600  0.268s/iter  lr=8.42e-04  loss=0.000397
                                  K=1 (deploy)              K=3 (train)
  mean_violation   = 0.000128  ->  0.000005              0.000000
  illegal_pairs    = 1.08%      ->  0.26%                 0.04%
  viol_per_cloud   = 13.19       ->  3.19                  0.44
  viol_reduction   =                75.8%                    96.7%
  mean_nn_dist     = 0.050980  ->  0.056620              0.057000
  displacement     =                0.0040 (0.080x rd)   0.0044 (0.087x rd)
  correction_eff   =                0.0306 (75.0% ceil)         0.0293 (71.9% ceil)
2026-05-28 12:11:52 +00:11:35 -00:31:14 [INFO] iter=  2700  0.257s/iter  lr=8.31e-04  loss=0.000317
                                  K=1 (deploy)              K=3 (train)
  mean_violation   = 0.000128  ->  0.000004              0.000000
  illegal_pairs    = 1.08%      ->  0.27%                 0.06%
  viol_per_cloud   = 13.19       ->  3.34                  0.72
  viol_reduction   =                74.6%                    94.5%
  mean_nn_dist     = 0.050980  ->  0.056344              0.056601
  displacement     =                0.0037 (0.073x rd)   0.0039 (0.079x rd)
  correction_eff   =                0.0337 (82.5% ceil)         0.0325 (79.5% ceil)
2026-05-28 12:12:18 +00:12:01 -00:30:56 [INFO] iter=  2800  0.258s/iter  lr=8.19e-04  loss=0.000298
                                  K=1 (deploy)              K=3 (train)
  mean_violation   = 0.000128  ->  0.000005              0.000000
  illegal_pairs    = 1.08%      ->  0.28%                 0.04%
  viol_per_cloud   = 13.19       ->  3.44                  0.50
  viol_reduction   =                73.9%                    96.2%
  mean_nn_dist     = 0.050980  ->  0.056318              0.056614
  displacement     =                0.0037 (0.074x rd)   0.0040 (0.079x rd)
  correction_eff   =                0.0335 (82.0% ceil)         0.0323 (79.1% ceil)
2026-05-28 12:12:43 +00:12:27 -00:30:12 [INFO] iter=  2900  0.255s/iter  lr=8.07e-04  loss=0.000286
                                  K=1 (deploy)              K=3 (train)
  mean_violation   = 0.000128  ->  0.000004              0.000000
  illegal_pairs    = 1.08%      ->  0.24%                 0.05%
  viol_per_cloud   = 13.19       ->  2.91                  0.56
  viol_reduction   =                78.0%                    95.7%
  mean_nn_dist     = 0.050980  ->  0.056324              0.056582
  displacement     =                0.0038 (0.075x rd)   0.0042 (0.083x rd)
  correction_eff   =                0.0330 (80.8% ceil)         0.0308 (75.4% ceil)
2026-05-28 12:13:09 +00:12:52 -00:29:43 [INFO] iter=  3000  0.255s/iter  lr=7.94e-04  loss=0.000310
                                  K=1 (deploy)              K=3 (train)
  mean_violation   = 0.000128  ->  0.000005              0.000000
  illegal_pairs    = 1.08%      ->  0.25%                 0.03%
  viol_per_cloud   = 13.19       ->  3.09                  0.34
  viol_reduction   =                76.5%                    97.4%
  mean_nn_dist     = 0.050980  ->  0.056549              0.056896
  displacement     =                0.0039 (0.078x rd)   0.0041 (0.083x rd)
  correction_eff   =                0.0317 (77.7% ceil)         0.0310 (76.0% ceil)
2026-05-28 12:13:35 +00:13:19 -00:30:35 [INFO] iter=  3100  0.266s/iter  lr=7.81e-04  loss=0.000315
                                  K=1 (deploy)              K=3 (train)
  mean_violation   = 0.000128  ->  0.000006              0.000001
  illegal_pairs    = 1.08%      ->  0.35%                 0.07%
  viol_per_cloud   = 13.19       ->  4.31                  0.91
  viol_reduction   =                67.3%                    93.1%
  mean_nn_dist     = 0.050980  ->  0.056128              0.056440
  displacement     =                0.0035 (0.070x rd)   0.0038 (0.077x rd)
  correction_eff   =                0.0350 (85.8% ceil)         0.0333 (81.6% ceil)
2026-05-28 12:14:01 +00:13:44 -00:28:55 [INFO] iter=  3200  0.255s/iter  lr=7.68e-04  loss=0.000315
                                  K=1 (deploy)              K=3 (train)
  mean_violation   = 0.000128  ->  0.000005              0.000001
  illegal_pairs    = 1.08%      ->  0.27%                 0.05%
  viol_per_cloud   = 13.19       ->  3.34                  0.62
  viol_reduction   =                74.6%                    95.3%
  mean_nn_dist     = 0.050980  ->  0.056480              0.056793
  displacement     =                0.0039 (0.078x rd)   0.0042 (0.085x rd)
  correction_eff   =                0.0315 (77.1% ceil)         0.0301 (73.8% ceil)
2026-05-28 12:14:26 +00:14:10 -00:28:35 [INFO] iter=  3300  0.256s/iter  lr=7.55e-04  loss=0.000286
                                  K=1 (deploy)              K=3 (train)
  mean_violation   = 0.000128  ->  0.000004              0.000000
  illegal_pairs    = 1.08%      ->  0.30%                 0.06%
  viol_per_cloud   = 13.19       ->  3.66                  0.72
  viol_reduction   =                72.3%                    94.5%
  mean_nn_dist     = 0.050980  ->  0.056262              0.056536
  displacement     =                0.0037 (0.074x rd)   0.0041 (0.081x rd)
  correction_eff   =                0.0338 (82.7% ceil)         0.0315 (77.1% ceil)
2026-05-28 12:14:52 +00:14:36 -00:28:16 [INFO] iter=  3400  0.257s/iter  lr=7.41e-04  loss=0.000295
                                  K=1 (deploy)              K=3 (train)
  mean_violation   = 0.000128  ->  0.000004              0.000000
  illegal_pairs    = 1.08%      ->  0.25%                 0.04%
  viol_per_cloud   = 13.19       ->  3.06                  0.50
  viol_reduction   =                76.8%                    96.2%
  mean_nn_dist     = 0.050980  ->  0.056407              0.056680
  displacement     =                0.0038 (0.075x rd)   0.0040 (0.080x rd)
  correction_eff   =                0.0329 (80.5% ceil)         0.0319 (78.1% ceil)
2026-05-28 12:15:18 +00:15:01 -00:27:57 [INFO] iter=  3500  0.258s/iter  lr=7.27e-04  loss=0.000299
                                  K=1 (deploy)              K=3 (train)
  mean_violation   = 0.000128  ->  0.000004              0.000000
  illegal_pairs    = 1.08%      ->  0.24%                 0.03%
  viol_per_cloud   = 13.19       ->  2.91                  0.34
  viol_reduction   =                78.0%                    97.4%
  mean_nn_dist     = 0.050980  ->  0.056520              0.056829
  displacement     =                0.0039 (0.078x rd)   0.0042 (0.084x rd)
  correction_eff   =                0.0317 (77.7% ceil)         0.0304 (74.6% ceil)
2026-05-28 12:15:44 +00:15:28 -00:27:55 [INFO] iter=  3600  0.262s/iter  lr=7.13e-04  loss=0.000263
                                  K=1 (deploy)              K=3 (train)
  mean_violation   = 0.000128  ->  0.000004              0.000000
  illegal_pairs    = 1.08%      ->  0.29%                 0.08%
  viol_per_cloud   = 13.19       ->  3.59                  0.97
  viol_reduction   =                72.7%                    92.7%
  mean_nn_dist     = 0.050980  ->  0.056206              0.056438
  displacement     =                0.0036 (0.071x rd)   0.0039 (0.079x rd)
  correction_eff   =                0.0348 (85.3% ceil)         0.0325 (79.6% ceil)
2026-05-28 12:16:10 +00:15:53 -00:26:57 [INFO] iter=  3700  0.257s/iter  lr=6.99e-04  loss=0.000268
                                  K=1 (deploy)              K=3 (train)
  mean_violation   = 0.000128  ->  0.000004              0.000000
  illegal_pairs    = 1.08%      ->  0.26%                 0.05%
  viol_per_cloud   = 13.19       ->  3.19                  0.62
  viol_reduction   =                75.8%                    95.3%
  mean_nn_dist     = 0.050980  ->  0.056315              0.056533
  displacement     =                0.0037 (0.073x rd)   0.0039 (0.078x rd)
  correction_eff   =                0.0340 (83.3% ceil)         0.0326 (80.0% ceil)
2026-05-28 12:16:35 +00:16:19 -00:26:27 [INFO] iter=  3800  0.256s/iter  lr=6.84e-04  loss=0.000262
                                  K=1 (deploy)              K=3 (train)
  mean_violation   = 0.000128  ->  0.000004              0.000000
  illegal_pairs    = 1.08%      ->  0.34%                 0.07%
  viol_per_cloud   = 13.19       ->  4.16                  0.88
  viol_reduction   =                68.5%                    93.4%
  mean_nn_dist     = 0.050980  ->  0.056172              0.056392
  displacement     =                0.0036 (0.071x rd)   0.0039 (0.077x rd)
  correction_eff   =                0.0348 (85.3% ceil)         0.0330 (80.9% ceil)
2026-05-28 12:17:01 +00:16:44 -00:25:49 [INFO] iter=  3900  0.254s/iter  lr=6.70e-04  loss=0.000306
                                  K=1 (deploy)              K=3 (train)
  mean_violation   = 0.000128  ->  0.000006              0.000000
  illegal_pairs    = 1.08%      ->  0.37%                 0.06%
  viol_per_cloud   = 13.19       ->  4.53                  0.69
  viol_reduction   =                65.6%                    94.8%
  mean_nn_dist     = 0.050980  ->  0.056191              0.056553
  displacement     =                0.0035 (0.071x rd)   0.0039 (0.078x rd)
  correction_eff   =                0.0347 (84.9% ceil)         0.0328 (80.4% ceil)
2026-05-28 12:17:26 +00:17:10 -00:25:26 [INFO] iter=  4000  0.254s/iter  lr=6.55e-04  loss=0.000287
                                  K=1 (deploy)              K=3 (train)
  mean_violation   = 0.000128  ->  0.000005              0.000001
  illegal_pairs    = 1.08%      ->  0.45%                 0.08%
  viol_per_cloud   = 13.19       ->  5.47                  1.00
  viol_reduction   =                58.5%                    92.4%
  mean_nn_dist     = 0.050980  ->  0.056054              0.056376
  displacement     =                0.0034 (0.069x rd)   0.0038 (0.076x rd)
  correction_eff   =                0.0358 (87.8% ceil)         0.0337 (82.6% ceil)
2026-05-28 12:17:53 +00:17:36 -00:26:19 [INFO] iter=  4100  0.268s/iter  lr=6.40e-04  loss=0.000269
                                  K=1 (deploy)              K=3 (train)
  mean_violation   = 0.000128  ->  0.000005              0.000001
  illegal_pairs    = 1.08%      ->  0.36%                 0.08%
  viol_per_cloud   = 13.19       ->  4.47                  1.00
  viol_reduction   =                66.1%                    92.4%
  mean_nn_dist     = 0.050980  ->  0.056209              0.056460
  displacement     =                0.0036 (0.071x rd)   0.0039 (0.077x rd)
  correction_eff   =                0.0347 (85.1% ceil)         0.0331 (81.0% ceil)
2026-05-28 12:18:18 +00:18:02 -00:24:33 [INFO] iter=  4200  0.254s/iter  lr=6.25e-04  loss=0.000272
                                  K=1 (deploy)              K=3 (train)
  mean_violation   = 0.000128  ->  0.000005              0.000001
  illegal_pairs    = 1.08%      ->  0.47%                 0.08%
  viol_per_cloud   = 13.19       ->  5.78                  1.00
  viol_reduction   =                56.2%                    92.4%
  mean_nn_dist     = 0.050980  ->  0.056094              0.056423
  displacement     =                0.0035 (0.070x rd)   0.0038 (0.076x rd)
  correction_eff   =                0.0352 (86.3% ceil)         0.0336 (82.2% ceil)
2026-05-28 12:18:44 +00:18:27 -00:24:17 [INFO] iter=  4300  0.256s/iter  lr=6.09e-04  loss=0.000262
                                  K=1 (deploy)              K=3 (train)
  mean_violation   = 0.000128  ->  0.000003              0.000000
  illegal_pairs    = 1.08%      ->  0.26%                 0.04%
  viol_per_cloud   = 13.19       ->  3.12                  0.47
  viol_reduction   =                76.3%                    96.4%
  mean_nn_dist     = 0.050980  ->  0.056383              0.056615
  displacement     =                0.0038 (0.076x rd)   0.0041 (0.081x rd)
  correction_eff   =                0.0330 (80.9% ceil)         0.0316 (77.3% ceil)
2026-05-28 12:19:09 +00:18:53 -00:23:44 [INFO] iter=  4400  0.254s/iter  lr=5.94e-04  loss=0.000244
                                  K=1 (deploy)              K=3 (train)
  mean_violation   = 0.000128  ->  0.000003              0.000000
  illegal_pairs    = 1.08%      ->  0.24%                 0.05%
  viol_per_cloud   = 13.19       ->  2.91                  0.66
  viol_reduction   =                78.0%                    95.0%
  mean_nn_dist     = 0.050980  ->  0.056300              0.056496
  displacement     =                0.0037 (0.073x rd)   0.0039 (0.078x rd)
  correction_eff   =                0.0343 (84.0% ceil)         0.0327 (80.1% ceil)
2026-05-28 12:19:35 +00:19:19 -00:23:33 [INFO] iter=  4500  0.257s/iter  lr=5.79e-04  loss=0.000241
                                  K=1 (deploy)              K=3 (train)
  mean_violation   = 0.000128  ->  0.000003              0.000000
  illegal_pairs    = 1.08%      ->  0.31%                 0.06%
  viol_per_cloud   = 13.19       ->  3.78                  0.78
  viol_reduction   =                71.3%                    94.1%
  mean_nn_dist     = 0.050980  ->  0.056293              0.056513
  displacement     =                0.0037 (0.074x rd)   0.0039 (0.078x rd)
  correction_eff   =                0.0339 (83.0% ceil)         0.0328 (80.4% ceil)
2026-05-28 12:20:01 +00:19:45 -00:23:50 [INFO] iter=  4600  0.265s/iter  lr=5.63e-04  loss=0.000260
                                  K=1 (deploy)              K=3 (train)
  mean_violation   = 0.000128  ->  0.000004              0.000000
  illegal_pairs    = 1.08%      ->  0.27%                 0.06%
  viol_per_cloud   = 13.19       ->  3.28                  0.72
  viol_reduction   =                75.1%                    94.5%
  mean_nn_dist     = 0.050980  ->  0.056319              0.056546
  displacement     =                0.0037 (0.073x rd)   0.0039 (0.078x rd)
  correction_eff   =                0.0339 (83.1% ceil)         0.0327 (80.0% ceil)
2026-05-28 12:20:27 +00:20:11 -00:22:40 [INFO] iter=  4700  0.257s/iter  lr=5.48e-04  loss=0.000250
                                  K=1 (deploy)              K=3 (train)
  mean_violation   = 0.000128  ->  0.000003              0.000000
  illegal_pairs    = 1.08%      ->  0.24%                 0.05%
  viol_per_cloud   = 13.19       ->  3.00                  0.59
  viol_reduction   =                77.3%                    95.5%
  mean_nn_dist     = 0.050980  ->  0.056300              0.056486
  displacement     =                0.0036 (0.073x rd)   0.0039 (0.077x rd)
  correction_eff   =                0.0344 (84.2% ceil)         0.0332 (81.3% ceil)
2026-05-28 12:20:53 +00:20:36 -00:22:02 [INFO] iter=  4800  0.254s/iter  lr=5.32e-04  loss=0.000230
                                  K=1 (deploy)              K=3 (train)
  mean_violation   = 0.000128  ->  0.000003              0.000000
  illegal_pairs    = 1.08%      ->  0.34%                 0.06%
  viol_per_cloud   = 13.19       ->  4.12                  0.78
  viol_reduction   =                68.7%                    94.1%
  mean_nn_dist     = 0.050980  ->  0.056220              0.056419
  displacement     =                0.0036 (0.071x rd)   0.0038 (0.075x rd)
  correction_eff   =                0.0352 (86.2% ceil)         0.0339 (83.1% ceil)
2026-05-28 12:21:18 +00:21:01 -00:21:29 [INFO] iter=  4900  0.253s/iter  lr=5.16e-04  loss=0.000233
                                  K=1 (deploy)              K=3 (train)
  mean_violation   = 0.000128  ->  0.000003              0.000000
  illegal_pairs    = 1.08%      ->  0.25%                 0.05%
  viol_per_cloud   = 13.19       ->  3.09                  0.56
  viol_reduction   =                76.5%                    95.7%
  mean_nn_dist     = 0.050980  ->  0.056300              0.056477
  displacement     =                0.0037 (0.073x rd)   0.0039 (0.078x rd)
  correction_eff   =                0.0342 (83.8% ceil)         0.0330 (80.9% ceil)
2026-05-28 12:21:43 +00:21:27 -00:21:14 [INFO] iter=  5000  0.255s/iter  lr=5.01e-04  loss=0.000235
                                  K=1 (deploy)              K=3 (train)
  mean_violation   = 0.000128  ->  0.000003              0.000000
  illegal_pairs    = 1.08%      ->  0.28%                 0.05%
  viol_per_cloud   = 13.19       ->  3.38                  0.59
  viol_reduction   =                74.4%                    95.5%
  mean_nn_dist     = 0.050980  ->  0.056266              0.056437
  displacement     =                0.0036 (0.072x rd)   0.0038 (0.076x rd)
  correction_eff   =                0.0348 (85.2% ceil)         0.0338 (82.8% ceil)
2026-05-28 12:22:10 +00:21:54 -00:21:41 [INFO] iter=  5100  0.266s/iter  lr=4.85e-04  loss=0.000230
                                  K=1 (deploy)              K=3 (train)
  mean_violation   = 0.000128  ->  0.000003              0.000000
  illegal_pairs    = 1.08%      ->  0.29%                 0.05%
  viol_per_cloud   = 13.19       ->  3.53                  0.66
  viol_reduction   =                73.2%                    95.0%
  mean_nn_dist     = 0.050980  ->  0.056219              0.056387
  displacement     =                0.0036 (0.072x rd)   0.0037 (0.075x rd)
  correction_eff   =                0.0351 (85.9% ceil)         0.0342 (83.7% ceil)
2026-05-28 12:22:35 +00:22:19 -00:20:22 [INFO] iter=  5200  0.255s/iter  lr=4.69e-04  loss=0.000231
                                  K=1 (deploy)              K=3 (train)
  mean_violation   = 0.000128  ->  0.000003              0.000000
  illegal_pairs    = 1.08%      ->  0.27%                 0.06%
  viol_per_cloud   = 13.19       ->  3.25                  0.69
  viol_reduction   =                75.4%                    94.8%
  mean_nn_dist     = 0.050980  ->  0.056283              0.056442
  displacement     =                0.0036 (0.073x rd)   0.0038 (0.076x rd)
  correction_eff   =                0.0344 (84.4% ceil)         0.0335 (82.2% ceil)
2026-05-28 12:23:01 +00:22:44 -00:19:52 [INFO] iter=  5300  0.254s/iter  lr=4.53e-04  loss=0.000226
                                  K=1 (deploy)              K=3 (train)
  mean_violation   = 0.000128  ->  0.000002              0.000000
  illegal_pairs    = 1.08%      ->  0.22%                 0.04%
  viol_per_cloud   = 13.19       ->  2.72                  0.44
  viol_reduction   =                79.4%                    96.7%
  mean_nn_dist     = 0.050980  ->  0.056293              0.056457
  displacement     =                0.0036 (0.073x rd)   0.0038 (0.076x rd)
  correction_eff   =                0.0345 (84.5% ceil)         0.0335 (82.1% ceil)
2026-05-28 12:23:26 +00:23:10 -00:19:25 [INFO] iter=  5400  0.253s/iter  lr=4.38e-04  loss=0.000220
                                  K=1 (deploy)              K=3 (train)
  mean_violation   = 0.000128  ->  0.000003              0.000000
  illegal_pairs    = 1.08%      ->  0.33%                 0.05%
  viol_per_cloud   = 13.19       ->  4.03                  0.56
  viol_reduction   =                69.4%                    95.7%
  mean_nn_dist     = 0.050980  ->  0.056235              0.056411
  displacement     =                0.0036 (0.072x rd)   0.0038 (0.076x rd)
  correction_eff   =                0.0347 (85.0% ceil)         0.0335 (82.1% ceil)
2026-05-28 12:23:52 +00:23:35 -00:19:09 [INFO] iter=  5500  0.255s/iter  lr=4.22e-04  loss=0.000223
                                  K=1 (deploy)              K=3 (train)
  mean_violation   = 0.000128  ->  0.000003              0.000000
  illegal_pairs    = 1.08%      ->  0.30%                 0.06%
  viol_per_cloud   = 13.19       ->  3.72                  0.72
  viol_reduction   =                71.8%                    94.5%
  mean_nn_dist     = 0.050980  ->  0.056237              0.056399
  displacement     =                0.0036 (0.072x rd)   0.0038 (0.075x rd)
  correction_eff   =                0.0350 (85.9% ceil)         0.0339 (83.1% ceil)
2026-05-28 12:24:19 +00:24:02 -00:19:44 [INFO] iter=  5600  0.269s/iter  lr=4.07e-04  loss=0.000219
                                  K=1 (deploy)              K=3 (train)
  mean_violation   = 0.000128  ->  0.000002              0.000000
  illegal_pairs    = 1.08%      ->  0.22%                 0.02%
  viol_per_cloud   = 13.19       ->  2.75                  0.28
  viol_reduction   =                79.1%                    97.9%
  mean_nn_dist     = 0.050980  ->  0.056340              0.056505
  displacement     =                0.0037 (0.074x rd)   0.0039 (0.078x rd)
  correction_eff   =                0.0339 (83.1% ceil)         0.0330 (80.8% ceil)
2026-05-28 12:24:44 +00:24:28 -00:18:12 [INFO] iter=  5700  0.254s/iter  lr=3.92e-04  loss=0.000221
                                  K=1 (deploy)              K=3 (train)
  mean_violation   = 0.000128  ->  0.000003              0.000000
  illegal_pairs    = 1.08%      ->  0.33%                 0.06%
  viol_per_cloud   = 13.19       ->  4.03                  0.72
  viol_reduction   =                69.4%                    94.5%
  mean_nn_dist     = 0.050980  ->  0.056216              0.056390
  displacement     =                0.0036 (0.072x rd)   0.0038 (0.076x rd)
  correction_eff   =                0.0349 (85.4% ceil)         0.0335 (82.2% ceil)
2026-05-28 12:25:09 +00:24:53 -00:17:52 [INFO] iter=  5800  0.255s/iter  lr=3.76e-04  loss=0.000213
                                  K=1 (deploy)              K=3 (train)
  mean_violation   = 0.000128  ->  0.000002              0.000000
  illegal_pairs    = 1.08%      ->  0.26%                 0.05%
  viol_per_cloud   = 13.19       ->  3.16                  0.59
  viol_reduction   =                76.1%                    95.5%
  mean_nn_dist     = 0.050980  ->  0.056250              0.056389
  displacement     =                0.0036 (0.072x rd)   0.0037 (0.075x rd)
  correction_eff   =                0.0351 (86.1% ceil)         0.0343 (84.1% ceil)
2026-05-28 12:25:35 +00:25:19 -00:17:23 [INFO] iter=  5900  0.255s/iter  lr=3.61e-04  loss=0.000214
                                  K=1 (deploy)              K=3 (train)
  mean_violation   = 0.000128  ->  0.000002              0.000000
  illegal_pairs    = 1.08%      ->  0.27%                 0.05%
  viol_per_cloud   = 13.19       ->  3.34                  0.66
  viol_reduction   =                74.6%                    95.0%
  mean_nn_dist     = 0.050980  ->  0.056251              0.056403
  displacement     =                0.0036 (0.072x rd)   0.0038 (0.076x rd)
  correction_eff   =                0.0349 (85.4% ceil)         0.0337 (82.5% ceil)
2026-05-28 12:26:01 +00:25:44 -00:17:06 [INFO] iter=  6000  0.257s/iter  lr=3.46e-04  loss=0.000211
                                  K=1 (deploy)              K=3 (train)
  mean_violation   = 0.000128  ->  0.000002              0.000000
  illegal_pairs    = 1.08%      ->  0.31%                 0.05%
  viol_per_cloud   = 13.19       ->  3.75                  0.66
  viol_reduction   =                71.6%                    95.0%
  mean_nn_dist     = 0.050980  ->  0.056213              0.056356
  displacement     =                0.0036 (0.071x rd)   0.0038 (0.075x rd)
  correction_eff   =                0.0353 (86.4% ceil)         0.0341 (83.5% ceil)
2026-05-28 12:26:27 +00:26:11 -00:17:14 [INFO] iter=  6100  0.265s/iter  lr=3.31e-04  loss=0.000211
                                  K=1 (deploy)              K=3 (train)
  mean_violation   = 0.000128  ->  0.000002              0.000000
  illegal_pairs    = 1.08%      ->  0.29%                 0.05%
  viol_per_cloud   = 13.19       ->  3.53                  0.62
  viol_reduction   =                73.2%                    95.3%
  mean_nn_dist     = 0.050980  ->  0.056232              0.056374
  displacement     =                0.0036 (0.072x rd)   0.0038 (0.076x rd)
  correction_eff   =                0.0350 (85.7% ceil)         0.0338 (82.8% ceil)
2026-05-28 12:26:53 +00:26:36 -00:16:11 [INFO] iter=  6200  0.256s/iter  lr=3.17e-04  loss=0.000221
                                  K=1 (deploy)              K=3 (train)
  mean_violation   = 0.000128  ->  0.000002              0.000000
  illegal_pairs    = 1.08%      ->  0.19%                 0.04%
  viol_per_cloud   = 13.19       ->  2.28                  0.44
  viol_reduction   =                82.7%                    96.7%
  mean_nn_dist     = 0.050980  ->  0.056286              0.056407
  displacement     =                0.0036 (0.073x rd)   0.0038 (0.076x rd)
  correction_eff   =                0.0346 (84.9% ceil)         0.0338 (82.8% ceil)
2026-05-28 12:27:18 +00:27:02 -00:15:39 [INFO] iter=  6300  0.254s/iter  lr=3.02e-04  loss=0.000210
                                  K=1 (deploy)              K=3 (train)
  mean_violation   = 0.000128  ->  0.000002              0.000000
  illegal_pairs    = 1.08%      ->  0.28%                 0.05%
  viol_per_cloud   = 13.19       ->  3.47                  0.62
  viol_reduction   =                73.7%                    95.3%
  mean_nn_dist     = 0.050980  ->  0.056231              0.056373
  displacement     =                0.0036 (0.072x rd)   0.0037 (0.075x rd)
  correction_eff   =                0.0351 (86.0% ceil)         0.0342 (83.8% ceil)
2026-05-28 12:27:44 +00:27:27 -00:15:21 [INFO] iter=  6400  0.256s/iter  lr=2.88e-04  loss=0.000220
                                  K=1 (deploy)              K=3 (train)
  mean_violation   = 0.000128  ->  0.000002              0.000000
  illegal_pairs    = 1.08%      ->  0.31%                 0.05%
  viol_per_cloud   = 13.19       ->  3.78                  0.66
  viol_reduction   =                71.3%                    95.0%
  mean_nn_dist     = 0.050980  ->  0.056234              0.056383
  displacement     =                0.0036 (0.072x rd)   0.0038 (0.077x rd)
  correction_eff   =                0.0349 (85.5% ceil)         0.0334 (81.9% ceil)
2026-05-28 12:28:09 +00:27:53 -00:14:50 [INFO] iter=  6500  0.254s/iter  lr=2.74e-04  loss=0.000212
                                  K=1 (deploy)              K=3 (train)
  mean_violation   = 0.000128  ->  0.000002              0.000000
  illegal_pairs    = 1.08%      ->  0.21%                 0.03%
  viol_per_cloud   = 13.19       ->  2.53                  0.34
  viol_reduction   =                80.8%                    97.4%
  mean_nn_dist     = 0.050980  ->  0.056282              0.056409
  displacement     =                0.0036 (0.073x rd)   0.0037 (0.075x rd)
  correction_eff   =                0.0347 (85.1% ceil)         0.0342 (83.9% ceil)
2026-05-28 12:28:36 +00:28:19 -00:15:04 [INFO] iter=  6600  0.266s/iter  lr=2.60e-04  loss=0.000206
                                  K=1 (deploy)              K=3 (train)
  mean_violation   = 0.000128  ->  0.000002              0.000000
  illegal_pairs    = 1.08%      ->  0.26%                 0.04%
  viol_per_cloud   = 13.19       ->  3.16                  0.44
  viol_reduction   =                76.1%                    96.7%
  mean_nn_dist     = 0.050980  ->  0.056225              0.056360
  displacement     =                0.0036 (0.072x rd)   0.0037 (0.074x rd)
  correction_eff   =                0.0353 (86.4% ceil)         0.0346 (84.7% ceil)
2026-05-28 12:29:01 +00:28:45 -00:13:56 [INFO] iter=  6700  0.253s/iter  lr=2.46e-04  loss=0.000207
                                  K=1 (deploy)              K=3 (train)
  mean_violation   = 0.000128  ->  0.000002              0.000000
  illegal_pairs    = 1.08%      ->  0.21%                 0.03%
  viol_per_cloud   = 13.19       ->  2.53                  0.41
  viol_reduction   =                80.8%                    96.9%
  mean_nn_dist     = 0.050980  ->  0.056266              0.056380
  displacement     =                0.0036 (0.072x rd)   0.0037 (0.074x rd)
  correction_eff   =                0.0349 (85.6% ceil)         0.0344 (84.2% ceil)
2026-05-28 12:29:26 +00:29:10 -00:13:24 [INFO] iter=  6800  0.251s/iter  lr=2.33e-04  loss=0.000215
                                  K=1 (deploy)              K=3 (train)
  mean_violation   = 0.000128  ->  0.000002              0.000000
  illegal_pairs    = 1.08%      ->  0.22%                 0.05%
  viol_per_cloud   = 13.19       ->  2.69                  0.56
  viol_reduction   =                79.6%                    95.7%
  mean_nn_dist     = 0.050980  ->  0.056269              0.056395
  displacement     =                0.0036 (0.072x rd)   0.0037 (0.074x rd)
  correction_eff   =                0.0349 (85.5% ceil)         0.0344 (84.2% ceil)
2026-05-28 12:29:52 +00:29:35 -00:13:08 [INFO] iter=  6900  0.254s/iter  lr=2.20e-04  loss=0.000211
                                  K=1 (deploy)              K=3 (train)
  mean_violation   = 0.000128  ->  0.000002              0.000000
  illegal_pairs    = 1.08%      ->  0.27%                 0.04%
  viol_per_cloud   = 13.19       ->  3.31                  0.50
  viol_reduction   =                74.9%                    96.2%
  mean_nn_dist     = 0.050980  ->  0.056247              0.056386
  displacement     =                0.0036 (0.072x rd)   0.0038 (0.075x rd)
  correction_eff   =                0.0349 (85.6% ceil)         0.0339 (83.1% ceil)
2026-05-28 12:30:17 +00:30:01 -00:12:43 [INFO] iter=  7000  0.255s/iter  lr=2.07e-04  loss=0.000207
                                  K=1 (deploy)              K=3 (train)
  mean_violation   = 0.000128  ->  0.000002              0.000000
  illegal_pairs    = 1.08%      ->  0.26%                 0.04%
  viol_per_cloud   = 13.19       ->  3.22                  0.47
  viol_reduction   =                75.6%                    96.4%
  mean_nn_dist     = 0.050980  ->  0.056237              0.056366
  displacement     =                0.0036 (0.072x rd)   0.0037 (0.074x rd)
  correction_eff   =                0.0352 (86.3% ceil)         0.0345 (84.5% ceil)
2026-05-28 12:30:44 +00:30:27 -00:12:54 [INFO] iter=  7100  0.267s/iter  lr=1.94e-04  loss=0.000208
                                  K=1 (deploy)              K=3 (train)
  mean_violation   = 0.000128  ->  0.000002              0.000000
  illegal_pairs    = 1.08%      ->  0.20%                 0.04%
  viol_per_cloud   = 13.19       ->  2.47                  0.47
  viol_reduction   =                81.3%                    96.4%
  mean_nn_dist     = 0.050980  ->  0.056258              0.056370
  displacement     =                0.0036 (0.072x rd)   0.0037 (0.074x rd)
  correction_eff   =                0.0351 (86.0% ceil)         0.0346 (84.7% ceil)
2026-05-28 12:31:09 +00:30:53 -00:11:51 [INFO] iter=  7200  0.254s/iter  lr=1.82e-04  loss=0.000202
                                  K=1 (deploy)              K=3 (train)
  mean_violation   = 0.000128  ->  0.000002              0.000000
  illegal_pairs    = 1.08%      ->  0.26%                 0.04%
  viol_per_cloud   = 13.19       ->  3.19                  0.47
  viol_reduction   =                75.8%                    96.4%
  mean_nn_dist     = 0.050980  ->  0.056224              0.056355
  displacement     =                0.0036 (0.071x rd)   0.0037 (0.074x rd)
  correction_eff   =                0.0354 (86.6% ceil)         0.0346 (84.8% ceil)
2026-05-28 12:31:35 +00:31:18 -00:11:29 [INFO] iter=  7300  0.255s/iter  lr=1.70e-04  loss=0.000204
                                  K=1 (deploy)              K=3 (train)
  mean_violation   = 0.000128  ->  0.000002              0.000000
  illegal_pairs    = 1.08%      ->  0.23%                 0.05%
  viol_per_cloud   = 13.19       ->  2.81                  0.62
  viol_reduction   =                78.7%                    95.3%
  mean_nn_dist     = 0.050980  ->  0.056238              0.056351
  displacement     =                0.0036 (0.072x rd)   0.0037 (0.074x rd)
  correction_eff   =                0.0353 (86.4% ceil)         0.0347 (85.0% ceil)
2026-05-28 12:32:00 +00:31:44 -00:11:03 [INFO] iter=  7400  0.255s/iter  lr=1.59e-04  loss=0.000204
                                  K=1 (deploy)              K=3 (train)
  mean_violation   = 0.000128  ->  0.000002              0.000000
  illegal_pairs    = 1.08%      ->  0.22%                 0.04%
  viol_per_cloud   = 13.19       ->  2.66                  0.53
  viol_reduction   =                79.9%                    96.0%
  mean_nn_dist     = 0.050980  ->  0.056255              0.056369
  displacement     =                0.0036 (0.072x rd)   0.0037 (0.074x rd)
  correction_eff   =                0.0351 (86.0% ceil)         0.0346 (84.7% ceil)
2026-05-28 12:32:26 +00:32:09 -00:10:37 [INFO] iter=  7500  0.255s/iter  lr=1.47e-04  loss=0.000207
                                  K=1 (deploy)              K=3 (train)
  mean_violation   = 0.000128  ->  0.000002              0.000000
  illegal_pairs    = 1.08%      ->  0.25%                 0.05%
  viol_per_cloud   = 13.19       ->  3.06                  0.62
  viol_reduction   =                76.8%                    95.3%
  mean_nn_dist     = 0.050980  ->  0.056232              0.056346
  displacement     =                0.0036 (0.072x rd)   0.0037 (0.074x rd)
  correction_eff   =                0.0353 (86.4% ceil)         0.0346 (84.9% ceil)
2026-05-28 12:32:52 +00:32:36 -00:10:34 [INFO] iter=  7600  0.264s/iter  lr=1.36e-04  loss=0.000206
                                  K=1 (deploy)              K=3 (train)
  mean_violation   = 0.000128  ->  0.000002              0.000000
  illegal_pairs    = 1.08%      ->  0.25%                 0.06%
  viol_per_cloud   = 13.19       ->  3.03                  0.78
  viol_reduction   =                77.0%                    94.1%
  mean_nn_dist     = 0.050980  ->  0.056229              0.056344
  displacement     =                0.0036 (0.072x rd)   0.0037 (0.074x rd)
  correction_eff   =                0.0353 (86.6% ceil)         0.0347 (85.0% ceil)
2026-05-28 12:33:18 +00:33:01 -00:09:44 [INFO] iter=  7700  0.254s/iter  lr=1.26e-04  loss=0.000203
                                  K=1 (deploy)              K=3 (train)
  mean_violation   = 0.000128  ->  0.000002              0.000000
  illegal_pairs    = 1.08%      ->  0.27%                 0.05%
  viol_per_cloud   = 13.19       ->  3.34                  0.62
  viol_reduction   =                74.6%                    95.3%
  mean_nn_dist     = 0.050980  ->  0.056211              0.056339
  displacement     =                0.0036 (0.071x rd)   0.0037 (0.074x rd)
  correction_eff   =                0.0355 (87.0% ceil)         0.0348 (85.2% ceil)
2026-05-28 12:33:43 +00:33:26 -00:09:16 [INFO] iter=  7800  0.253s/iter  lr=1.16e-04  loss=0.000202
                                  K=1 (deploy)              K=3 (train)
  mean_violation   = 0.000128  ->  0.000002              0.000000
  illegal_pairs    = 1.08%      ->  0.24%                 0.05%
  viol_per_cloud   = 13.19       ->  3.00                  0.62
  viol_reduction   =                77.3%                    95.3%
  mean_nn_dist     = 0.050980  ->  0.056232              0.056347
  displacement     =                0.0036 (0.072x rd)   0.0037 (0.074x rd)
  correction_eff   =                0.0353 (86.5% ceil)         0.0347 (85.1% ceil)
2026-05-28 12:34:08 +00:33:52 -00:08:57 [INFO] iter=  7900  0.256s/iter  lr=1.06e-04  loss=0.000203
                                  K=1 (deploy)              K=3 (train)
  mean_violation   = 0.000128  ->  0.000002              0.000000
  illegal_pairs    = 1.08%      ->  0.21%                 0.05%
  viol_per_cloud   = 13.19       ->  2.59                  0.62
  viol_reduction   =                80.3%                    95.3%
  mean_nn_dist     = 0.050980  ->  0.056234              0.056342
  displacement     =                0.0036 (0.072x rd)   0.0037 (0.074x rd)
  correction_eff   =                0.0354 (86.6% ceil)         0.0348 (85.2% ceil)
2026-05-28 12:34:34 +00:34:18 -00:08:32 [INFO] iter=  8000  0.256s/iter  lr=9.64e-05  loss=0.000203
                                  K=1 (deploy)              K=3 (train)
  mean_violation   = 0.000128  ->  0.000002              0.000000
  illegal_pairs    = 1.08%      ->  0.27%                 0.06%
  viol_per_cloud   = 13.19       ->  3.31                  0.69
  viol_reduction   =                74.9%                    94.8%
  mean_nn_dist     = 0.050980  ->  0.056215              0.056340
  displacement     =                0.0036 (0.071x rd)   0.0037 (0.074x rd)
  correction_eff   =                0.0355 (87.0% ceil)         0.0348 (85.3% ceil)
2026-05-28 12:35:01 +00:34:44 -00:08:24 [INFO] iter=  8100  0.265s/iter  lr=8.74e-05  loss=0.000205
                                  K=1 (deploy)              K=3 (train)
  mean_violation   = 0.000128  ->  0.000002              0.000000
  illegal_pairs    = 1.08%      ->  0.24%                 0.05%
  viol_per_cloud   = 13.19       ->  2.97                  0.66
  viol_reduction   =                77.5%                    95.0%
  mean_nn_dist     = 0.050980  ->  0.056229              0.056340
  displacement     =                0.0036 (0.072x rd)   0.0037 (0.074x rd)
  correction_eff   =                0.0353 (86.6% ceil)         0.0348 (85.2% ceil)
2026-05-28 12:35:26 +00:35:10 -00:07:37 [INFO] iter=  8200  0.254s/iter  lr=7.88e-05  loss=0.000200
                                  K=1 (deploy)              K=3 (train)
  mean_violation   = 0.000128  ->  0.000002              0.000000
  illegal_pairs    = 1.08%      ->  0.23%                 0.05%
  viol_per_cloud   = 13.19       ->  2.78                  0.56
  viol_reduction   =                78.9%                    95.7%
  mean_nn_dist     = 0.050980  ->  0.056225              0.056330
  displacement     =                0.0036 (0.071x rd)   0.0037 (0.073x rd)
  correction_eff   =                0.0354 (86.8% ceil)         0.0349 (85.4% ceil)
2026-05-28 12:35:52 +00:35:35 -00:07:17 [INFO] iter=  8300  0.257s/iter  lr=7.06e-05  loss=0.000201
                                  K=1 (deploy)              K=3 (train)
  mean_violation   = 0.000128  ->  0.000002              0.000000
  illegal_pairs    = 1.08%      ->  0.26%                 0.05%
  viol_per_cloud   = 13.19       ->  3.22                  0.66
  viol_reduction   =                75.6%                    95.0%
  mean_nn_dist     = 0.050980  ->  0.056218              0.056338
  displacement     =                0.0036 (0.071x rd)   0.0037 (0.073x rd)
  correction_eff   =                0.0355 (87.0% ceil)         0.0349 (85.5% ceil)
2026-05-28 12:36:17 +00:36:01 -00:06:48 [INFO] iter=  8400  0.255s/iter  lr=6.28e-05  loss=0.000200
                                  K=1 (deploy)              K=3 (train)
  mean_violation   = 0.000128  ->  0.000002              0.000000
  illegal_pairs    = 1.08%      ->  0.22%                 0.05%
  viol_per_cloud   = 13.19       ->  2.66                  0.59
  viol_reduction   =                79.9%                    95.5%
  mean_nn_dist     = 0.050980  ->  0.056234              0.056339
  displacement     =                0.0036 (0.072x rd)   0.0037 (0.073x rd)
  correction_eff   =                0.0354 (86.7% ceil)         0.0349 (85.5% ceil)
2026-05-28 12:36:43 +00:36:26 -00:06:19 [INFO] iter=  8500  0.253s/iter  lr=5.54e-05  loss=0.000200
                                  K=1 (deploy)              K=3 (train)
  mean_violation   = 0.000128  ->  0.000002              0.000000
  illegal_pairs    = 1.08%      ->  0.26%                 0.06%
  viol_per_cloud   = 13.19       ->  3.12                  0.78
  viol_reduction   =                76.3%                    94.1%
  mean_nn_dist     = 0.050980  ->  0.056219              0.056325
  displacement     =                0.0036 (0.071x rd)   0.0037 (0.073x rd)
  correction_eff   =                0.0355 (87.0% ceil)         0.0349 (85.4% ceil)
2026-05-28 12:37:09 +00:36:53 -00:06:11 [INFO] iter=  8600  0.265s/iter  lr=4.85e-05  loss=0.000200
                                  K=1 (deploy)              K=3 (train)
  mean_violation   = 0.000128  ->  0.000002              0.000000
  illegal_pairs    = 1.08%      ->  0.25%                 0.06%
  viol_per_cloud   = 13.19       ->  3.06                  0.72
  viol_reduction   =                76.8%                    94.5%
  mean_nn_dist     = 0.050980  ->  0.056224              0.056337
  displacement     =                0.0036 (0.071x rd)   0.0037 (0.073x rd)
  correction_eff   =                0.0355 (86.9% ceil)         0.0349 (85.4% ceil)
2026-05-28 12:37:34 +00:37:18 -00:05:29 [INFO] iter=  8700  0.253s/iter  lr=4.21e-05  loss=0.000198
                                  K=1 (deploy)              K=3 (train)
  mean_violation   = 0.000128  ->  0.000002              0.000000
  illegal_pairs    = 1.08%      ->  0.27%                 0.05%
  viol_per_cloud   = 13.19       ->  3.28                  0.59
  viol_reduction   =                75.1%                    95.5%
  mean_nn_dist     = 0.050980  ->  0.056217              0.056330
  displacement     =                0.0036 (0.071x rd)   0.0037 (0.073x rd)
  correction_eff   =                0.0355 (87.0% ceil)         0.0349 (85.5% ceil)
2026-05-28 12:38:00 +00:37:43 -00:05:04 [INFO] iter=  8800  0.254s/iter  lr=3.61e-05  loss=0.000199
                                  K=1 (deploy)              K=3 (train)
  mean_violation   = 0.000128  ->  0.000002              0.000000
  illegal_pairs    = 1.08%      ->  0.24%                 0.06%
  viol_per_cloud   = 13.19       ->  3.00                  0.78
  viol_reduction   =                77.3%                    94.1%
  mean_nn_dist     = 0.050980  ->  0.056214              0.056322
  displacement     =                0.0036 (0.071x rd)   0.0037 (0.073x rd)
  correction_eff   =                0.0356 (87.1% ceil)         0.0349 (85.6% ceil)
2026-05-28 12:38:25 +00:38:09 -00:04:41 [INFO] iter=  8900  0.256s/iter  lr=3.05e-05  loss=0.000200
                                  K=1 (deploy)              K=3 (train)
  mean_violation   = 0.000128  ->  0.000002              0.000000
  illegal_pairs    = 1.08%      ->  0.27%                 0.06%
  viol_per_cloud   = 13.19       ->  3.31                  0.69
  viol_reduction   =                74.9%                    94.8%
  mean_nn_dist     = 0.050980  ->  0.056214              0.056327
  displacement     =                0.0036 (0.071x rd)   0.0037 (0.073x rd)
  correction_eff   =                0.0355 (87.1% ceil)         0.0349 (85.5% ceil)
2026-05-28 12:38:51 +00:38:35 -00:04:15 [INFO] iter=  9000  0.256s/iter  lr=2.54e-05  loss=0.000201
                                  K=1 (deploy)              K=3 (train)
  mean_violation   = 0.000128  ->  0.000002              0.000000
  illegal_pairs    = 1.08%      ->  0.24%                 0.07%
  viol_per_cloud   = 13.19       ->  2.97                  0.81
  viol_reduction   =                77.5%                    93.8%
  mean_nn_dist     = 0.050980  ->  0.056216              0.056318
  displacement     =                0.0036 (0.071x rd)   0.0037 (0.073x rd)
  correction_eff   =                0.0355 (87.1% ceil)         0.0350 (85.7% ceil)
2026-05-28 12:39:17 +00:39:00 -00:03:52 [INFO] iter=  9100  0.258s/iter  lr=2.08e-05  loss=0.000204
                                  K=1 (deploy)              K=3 (train)
  mean_violation   = 0.000128  ->  0.000002              0.000000
  illegal_pairs    = 1.08%      ->  0.24%                 0.06%
  viol_per_cloud   = 13.19       ->  2.94                  0.75
  viol_reduction   =                77.7%                    94.3%
  mean_nn_dist     = 0.050980  ->  0.056216              0.056322
  displacement     =                0.0036 (0.071x rd)   0.0037 (0.073x rd)
  correction_eff   =                0.0355 (87.0% ceil)         0.0349 (85.6% ceil)
2026-05-28 12:39:42 +00:39:26 -00:03:24 [INFO] iter=  9200  0.255s/iter  lr=1.67e-05  loss=0.000202
                                  K=1 (deploy)              K=3 (train)
  mean_violation   = 0.000128  ->  0.000002              0.000000
  illegal_pairs    = 1.08%      ->  0.23%                 0.07%
  viol_per_cloud   = 13.19       ->  2.81                  0.88
  viol_reduction   =                78.7%                    93.4%
  mean_nn_dist     = 0.050980  ->  0.056218              0.056318
  displacement     =                0.0036 (0.071x rd)   0.0037 (0.073x rd)
  correction_eff   =                0.0355 (87.0% ceil)         0.0350 (85.7% ceil)
2026-05-28 12:40:08 +00:39:52 -00:02:59 [INFO] iter=  9300  0.257s/iter  lr=1.30e-05  loss=0.000198
                                  K=1 (deploy)              K=3 (train)
  mean_violation   = 0.000128  ->  0.000002              0.000000
  illegal_pairs    = 1.08%      ->  0.29%                 0.07%
  viol_per_cloud   = 13.19       ->  3.56                  0.81
  viol_reduction   =                73.0%                    93.8%
  mean_nn_dist     = 0.050980  ->  0.056213              0.056326
  displacement     =                0.0036 (0.071x rd)   0.0037 (0.073x rd)
  correction_eff   =                0.0356 (87.2% ceil)         0.0349 (85.5% ceil)
2026-05-28 12:40:33 +00:40:17 -00:02:33 [INFO] iter=  9400  0.256s/iter  lr=9.85e-06  loss=0.000203
                                  K=1 (deploy)              K=3 (train)
  mean_violation   = 0.000128  ->  0.000002              0.000000
  illegal_pairs    = 1.08%      ->  0.26%                 0.07%
  viol_per_cloud   = 13.19       ->  3.19                  0.88
  viol_reduction   =                75.8%                    93.4%
  mean_nn_dist     = 0.050980  ->  0.056212              0.056322
  displacement     =                0.0036 (0.071x rd)   0.0037 (0.073x rd)
  correction_eff   =                0.0356 (87.2% ceil)         0.0349 (85.5% ceil)
2026-05-28 12:40:59 +00:40:42 -00:02:06 [INFO] iter=  9500  0.254s/iter  lr=7.15e-06  loss=0.000201
                                  K=1 (deploy)              K=3 (train)
  mean_violation   = 0.000128  ->  0.000002              0.000000
  illegal_pairs    = 1.08%      ->  0.22%                 0.09%
  viol_per_cloud   = 13.19       ->  2.72                  1.09
  viol_reduction   =                79.4%                    91.7%
  mean_nn_dist     = 0.050980  ->  0.056214              0.056317
  displacement     =                0.0036 (0.071x rd)   0.0037 (0.073x rd)
  correction_eff   =                0.0356 (87.1% ceil)         0.0350 (85.8% ceil)
2026-05-28 12:41:25 +00:41:09 -00:01:45 [INFO] iter=  9600  0.263s/iter  lr=4.94e-06  loss=0.000200
                                  K=1 (deploy)              K=3 (train)
  mean_violation   = 0.000128  ->  0.000002              0.000000
  illegal_pairs    = 1.08%      ->  0.22%                 0.09%
  viol_per_cloud   = 13.19       ->  2.66                  1.09
  viol_reduction   =                79.9%                    91.7%
  mean_nn_dist     = 0.050980  ->  0.056214              0.056310
  displacement     =                0.0036 (0.071x rd)   0.0037 (0.073x rd)
  correction_eff   =                0.0356 (87.1% ceil)         0.0350 (85.8% ceil)
2026-05-28 12:41:51 +00:41:34 -00:01:16 [INFO] iter=  9700  0.254s/iter  lr=3.22e-06  loss=0.000201
                                  K=1 (deploy)              K=3 (train)
  mean_violation   = 0.000128  ->  0.000002              0.000000
  illegal_pairs    = 1.08%      ->  0.23%                 0.08%
  viol_per_cloud   = 13.19       ->  2.78                  1.03
  viol_reduction   =                78.9%                    92.2%
  mean_nn_dist     = 0.050980  ->  0.056213              0.056319
  displacement     =                0.0036 (0.071x rd)   0.0037 (0.073x rd)
  correction_eff   =                0.0356 (87.2% ceil)         0.0350 (85.7% ceil)
2026-05-28 12:42:16 +00:42:00 -00:00:51 [INFO] iter=  9800  0.255s/iter  lr=1.99e-06  loss=0.000200
                                  K=1 (deploy)              K=3 (train)
  mean_violation   = 0.000128  ->  0.000002              0.000000
  illegal_pairs    = 1.08%      ->  0.26%                 0.10%
  viol_per_cloud   = 13.19       ->  3.19                  1.19
  viol_reduction   =                75.8%                    91.0%
  mean_nn_dist     = 0.050980  ->  0.056212              0.056327
  displacement     =                0.0036 (0.071x rd)   0.0037 (0.073x rd)
  correction_eff   =                0.0356 (87.2% ceil)         0.0349 (85.5% ceil)
2026-05-28 12:42:42 +00:42:25 -00:00:25 [INFO] iter=  9900  0.256s/iter  lr=1.25e-06  loss=0.000202
                                  K=1 (deploy)              K=3 (train)
  mean_violation   = 0.000128  ->  0.000002              0.000000
  illegal_pairs    = 1.08%      ->  0.26%                 0.07%
  viol_per_cloud   = 13.19       ->  3.12                  0.84
  viol_reduction   =                76.3%                    93.6%
  mean_nn_dist     = 0.050980  ->  0.056212              0.056330
  displacement     =                0.0036 (0.071x rd)   0.0037 (0.073x rd)
  correction_eff   =                0.0356 (87.2% ceil)         0.0349 (85.5% ceil)
2026-05-28 12:43:07 +00:42:51 -00:00:00 [INFO] iter= 10000  0.255s/iter  lr=1.00e-06  loss=0.000200
                                  K=1 (deploy)              K=3 (train)
  mean_violation   = 0.000128  ->  0.000002              0.000000
  illegal_pairs    = 1.08%      ->  0.27%                 0.07%
  viol_per_cloud   = 13.19       ->  3.27                  0.91
  viol_reduction   =                75.2%                    93.1%
  mean_nn_dist     = 0.050980  ->  0.056212              0.056330
  displacement     =                0.0036 (0.071x rd)   0.0037 (0.073x rd)
  correction_eff   =                0.0356 (87.2% ceil)         0.0348 (85.4% ceil)
2026-05-28 12:43:08 +00:42:52 -00:00:00 [INFO] Training complete. Model saved to training_artifacts\train_run_2026-05-28_12-00-16\model_final.pt
2026-05-28 12:43:09 +00:42:53 -00:00:00 [INFO] Evolution GIF saved to training_artifacts\train_run_2026-05-28_12-00-16\evolution.gif
