2026-05-28 12:51:14 +00:00:00 --:--:-- [INFO] Run directory: training_artifacts\train_run_2026-05-28_12-51-14
2026-05-28 12:51:14 +00:00:00 --:--:-- [INFO] Configs copied to run directory
2026-05-28 12:51:14 +00:00:00 --:--:-- [INFO] Using device: cuda
2026-05-28 12:51:14 +00:00:00 --:--:-- [INFO] Packed dataset: packedness=0.9, N_target=416, rd=0.05
2026-05-28 12:51:14 +00:00:00 --:--:-- [INFO] Generating validation set (19 clouds)...
2026-05-28 12:51:15 +00:00:01 --:--:-- [INFO] Validation set saved
2026-05-28 12:51:15 +00:00:01 --:--:-- [INFO] Model built: 268,034 parameters
2026-05-28 12:51:16 +00:00:02 --:--:-- [INFO] Starting training for 10000 iterations
2026-05-28 12:51:50 +00:00:36 -00:56:53 [INFO] iter=   100  0.345s/iter  lr=9.90e-04  loss=0.001506
                                  K=1 (deploy)              K=3 (train)
  mean_violation   = 0.000036  ->  0.000010              0.000003
  illegal_pairs    = 0.34%      ->  0.19%                 0.10%
  viol_per_cloud   = 103.50       ->  56.75                  31.00
  viol_reduction   =                45.2%                    70.0%
  mean_nn_dist     = 0.045358  ->  0.051707              0.054911
  displacement     =                0.0764 (1.527x rd)   0.2340 (4.680x rd)
  correction_eff   =                0.0003 (4.2% ceil)         0.0001 (1.7% ceil)
2026-05-28 12:52:24 +00:01:10 -00:55:37 [INFO] iter=   200  0.341s/iter  lr=9.80e-04  loss=0.001585
                                  K=1 (deploy)              K=3 (train)
  mean_violation   = 0.000036  ->  0.000029              0.000027
  illegal_pairs    = 0.34%      ->  0.35%                 0.39%
  viol_per_cloud   = 103.50       ->  107.50                  118.00
  viol_reduction   =                -3.9%                    -14.0%
  mean_nn_dist     = 0.045358  ->  0.047030              0.047840
  displacement     =                0.0609 (1.217x rd)   0.1805 (3.611x rd)
  correction_eff   =                0.0001 (1.4% ceil)         0.0001 (0.7% ceil)
2026-05-28 12:52:58 +00:01:44 -00:54:56 [INFO] iter=   300  0.340s/iter  lr=9.70e-04  loss=0.000493
                                  K=1 (deploy)              K=3 (train)
  mean_violation   = 0.000036  ->  0.000011              0.000003
  illegal_pairs    = 0.34%      ->  0.23%                 0.09%
  viol_per_cloud   = 103.50       ->  68.75                  27.25
  viol_reduction   =                33.6%                    73.7%
  mean_nn_dist     = 0.045358  ->  0.051381              0.054406
  displacement     =                0.0083 (0.165x rd)   0.0210 (0.420x rd)
  correction_eff   =                0.0031 (37.9% ceil)         0.0016 (19.5% ceil)
2026-05-28 12:53:32 +00:02:18 -00:54:21 [INFO] iter=   400  0.340s/iter  lr=9.60e-04  loss=0.000296
                                  K=1 (deploy)              K=3 (train)
  mean_violation   = 0.000036  ->  0.000007              0.000001
  illegal_pairs    = 0.34%      ->  0.18%                 0.07%
  viol_per_cloud   = 103.50       ->  55.50                  21.00
  viol_reduction   =                46.4%                    79.7%
  mean_nn_dist     = 0.045358  ->  0.051819              0.053760
  displacement     =                0.0055 (0.110x rd)   0.0087 (0.174x rd)
  correction_eff   =                0.0052 (64.5% ceil)         0.0040 (49.3% ceil)
2026-05-28 12:54:06 +00:02:52 -00:54:04 [INFO] iter=   500  0.342s/iter  lr=9.50e-04  loss=0.000249
                                  K=1 (deploy)              K=3 (train)
  mean_violation   = 0.000036  ->  0.000007              0.000001
  illegal_pairs    = 0.34%      ->  0.17%                 0.05%
  viol_per_cloud   = 103.50       ->  51.50                  14.75
  viol_reduction   =                50.2%                    85.7%
  mean_nn_dist     = 0.045358  ->  0.052036              0.053853
  displacement     =                0.0054 (0.109x rd)   0.0076 (0.151x rd)
  correction_eff   =                0.0054 (66.2% ceil)         0.0047 (57.3% ceil)
2026-05-28 12:54:44 +00:03:30 -00:59:56 [INFO] iter=   600  0.383s/iter  lr=9.40e-04  loss=0.000242
                                  K=1 (deploy)              K=3 (train)
  mean_violation   = 0.000036  ->  0.000006              0.000001
  illegal_pairs    = 0.34%      ->  0.16%                 0.05%
  viol_per_cloud   = 103.50       ->  47.75                  16.50
  viol_reduction   =                53.9%                    84.1%
  mean_nn_dist     = 0.045358  ->  0.052161              0.053782
  displacement     =                0.0056 (0.113x rd)   0.0076 (0.151x rd)
  correction_eff   =                0.0053 (65.3% ceil)         0.0046 (56.9% ceil)
2026-05-28 12:55:19 +00:04:05 -00:52:55 [INFO] iter=   700  0.341s/iter  lr=9.30e-04  loss=0.000238
                                  K=1 (deploy)              K=3 (train)
  mean_violation   = 0.000036  ->  0.000006              0.000001
  illegal_pairs    = 0.34%      ->  0.17%                 0.05%
  viol_per_cloud   = 103.50       ->  51.00                  14.50
  viol_reduction   =                50.7%                    86.0%
  mean_nn_dist     = 0.045358  ->  0.051998              0.053474
  displacement     =                0.0050 (0.099x rd)   0.0062 (0.123x rd)
  correction_eff   =                0.0061 (74.8% ceil)         0.0058 (70.8% ceil)
2026-05-28 12:55:53 +00:04:39 -00:52:32 [INFO] iter=   800  0.343s/iter  lr=9.20e-04  loss=0.000207
                                  K=1 (deploy)              K=3 (train)
  mean_violation   = 0.000036  ->  0.000007              0.000001
  illegal_pairs    = 0.34%      ->  0.20%                 0.08%
  viol_per_cloud   = 103.50       ->  59.75                  24.25
  viol_reduction   =                42.3%                    76.6%
  mean_nn_dist     = 0.045358  ->  0.051646              0.053075
  displacement     =                0.0046 (0.093x rd)   0.0060 (0.119x rd)
  correction_eff   =                0.0063 (77.5% ceil)         0.0059 (72.6% ceil)
2026-05-28 12:56:27 +00:05:13 -00:51:57 [INFO] iter=   900  0.343s/iter  lr=9.10e-04  loss=0.000189
                                  K=1 (deploy)              K=3 (train)
  mean_violation   = 0.000036  ->  0.000005              0.000001
  illegal_pairs    = 0.34%      ->  0.15%                 0.05%
  viol_per_cloud   = 103.50       ->  46.00                  15.50
  viol_reduction   =                55.6%                    85.0%
  mean_nn_dist     = 0.045358  ->  0.052204              0.053305
  displacement     =                0.0051 (0.103x rd)   0.0061 (0.122x rd)
  correction_eff   =                0.0062 (75.8% ceil)         0.0059 (72.1% ceil)
2026-05-28 12:57:01 +00:05:47 -00:51:10 [INFO] iter=  1000  0.341s/iter  lr=9.00e-04  loss=0.000172
                                  K=1 (deploy)              K=3 (train)
  mean_violation   = 0.000036  ->  0.000005              0.000001
  illegal_pairs    = 0.34%      ->  0.16%                 0.06%
  viol_per_cloud   = 103.50       ->  48.25                  19.25
  viol_reduction   =                53.4%                    81.4%
  mean_nn_dist     = 0.045358  ->  0.052069              0.053134
  displacement     =                0.0049 (0.099x rd)   0.0058 (0.116x rd)
  correction_eff   =                0.0064 (78.6% ceil)         0.0062 (75.7% ceil)
2026-05-28 12:57:39 +00:06:25 -00:56:32 [INFO] iter=  1100  0.381s/iter  lr=8.90e-04  loss=0.000165
                                  K=1 (deploy)              K=3 (train)
  mean_violation   = 0.000036  ->  0.000005              0.000001
  illegal_pairs    = 0.34%      ->  0.19%                 0.09%
  viol_per_cloud   = 103.50       ->  58.75                  27.75
  viol_reduction   =                43.2%                    73.2%
  mean_nn_dist     = 0.045358  ->  0.051843              0.052822
  displacement     =                0.0049 (0.099x rd)   0.0059 (0.118x rd)
  correction_eff   =                0.0063 (77.5% ceil)         0.0060 (73.6% ceil)
2026-05-28 12:58:14 +00:06:59 -00:50:07 [INFO] iter=  1200  0.342s/iter  lr=8.80e-04  loss=0.000186
                                  K=1 (deploy)              K=3 (train)
  mean_violation   = 0.000036  ->  0.000005              0.000001
  illegal_pairs    = 0.34%      ->  0.18%                 0.06%
  viol_per_cloud   = 103.50       ->  54.25                  18.00
  viol_reduction   =                47.6%                    82.6%
  mean_nn_dist     = 0.045358  ->  0.052012              0.053140
  displacement     =                0.0048 (0.096x rd)   0.0058 (0.116x rd)
  correction_eff   =                0.0065 (79.6% ceil)         0.0061 (75.2% ceil)
2026-05-28 12:58:48 +00:07:34 -00:49:33 [INFO] iter=  1300  0.342s/iter  lr=8.70e-04  loss=0.000179
                                  K=1 (deploy)              K=3 (train)
  mean_violation   = 0.000036  ->  0.000005              0.000001
  illegal_pairs    = 0.34%      ->  0.15%                 0.05%
  viol_per_cloud   = 103.50       ->  46.25                  15.25
  viol_reduction   =                55.3%                    85.3%
  mean_nn_dist     = 0.045358  ->  0.052270              0.053424
  displacement     =                0.0052 (0.104x rd)   0.0060 (0.120x rd)
  correction_eff   =                0.0061 (74.9% ceil)         0.0059 (73.1% ceil)
2026-05-28 12:59:22 +00:08:08 -00:48:55 [INFO] iter=  1400  0.341s/iter  lr=8.60e-04  loss=0.000159
                                  K=1 (deploy)              K=3 (train)
  mean_violation   = 0.000036  ->  0.000004              0.000001
  illegal_pairs    = 0.34%      ->  0.14%                 0.05%
  viol_per_cloud   = 103.50       ->  42.00                  15.25
  viol_reduction   =                59.4%                    85.3%
  mean_nn_dist     = 0.045358  ->  0.052206              0.053155
  displacement     =                0.0050 (0.100x rd)   0.0056 (0.113x rd)
  correction_eff   =                0.0064 (79.0% ceil)         0.0063 (77.8% ceil)
2026-05-28 12:59:56 +00:08:42 -00:48:30 [INFO] iter=  1500  0.342s/iter  lr=8.50e-04  loss=0.000165
                                  K=1 (deploy)              K=3 (train)
  mean_violation   = 0.000036  ->  0.000004              0.000001
  illegal_pairs    = 0.34%      ->  0.14%                 0.05%
  viol_per_cloud   = 103.50       ->  42.25                  14.75
  viol_reduction   =                59.2%                    85.7%
  mean_nn_dist     = 0.045358  ->  0.052259              0.053156
  displacement     =                0.0051 (0.102x rd)   0.0057 (0.115x rd)
  correction_eff   =                0.0064 (78.1% ceil)         0.0062 (76.3% ceil)
2026-05-28 13:00:34 +00:09:20 -00:53:37 [INFO] iter=  1600  0.383s/iter  lr=8.40e-04  loss=0.000157
                                  K=1 (deploy)              K=3 (train)
  mean_violation   = 0.000036  ->  0.000004              0.000001
  illegal_pairs    = 0.34%      ->  0.15%                 0.06%
  viol_per_cloud   = 103.50       ->  47.00                  16.75
  viol_reduction   =                54.6%                    83.8%
  mean_nn_dist     = 0.045358  ->  0.052199              0.053129
  displacement     =                0.0049 (0.097x rd)   0.0056 (0.112x rd)
  correction_eff   =                0.0067 (81.9% ceil)         0.0064 (78.5% ceil)
2026-05-28 13:01:09 +00:09:55 -00:47:15 [INFO] iter=  1700  0.342s/iter  lr=8.30e-04  loss=0.000139
                                  K=1 (deploy)              K=3 (train)
  mean_violation   = 0.000036  ->  0.000005              0.000001
  illegal_pairs    = 0.34%      ->  0.20%                 0.07%
  viol_per_cloud   = 103.50       ->  60.50                  22.25
  viol_reduction   =                41.5%                    78.5%
  mean_nn_dist     = 0.045358  ->  0.051869              0.052917
  displacement     =                0.0046 (0.093x rd)   0.0055 (0.110x rd)
  correction_eff   =                0.0069 (84.6% ceil)         0.0065 (79.5% ceil)
2026-05-28 13:01:43 +00:10:29 -00:46:51 [INFO] iter=  1800  0.343s/iter  lr=8.20e-04  loss=0.000140
                                  K=1 (deploy)              K=3 (train)
  mean_violation   = 0.000036  ->  0.000004              0.000001
  illegal_pairs    = 0.34%      ->  0.15%                 0.05%
  viol_per_cloud   = 103.50       ->  45.50                  14.50
  viol_reduction   =                56.0%                    86.0%
  mean_nn_dist     = 0.045358  ->  0.052297              0.053309
  displacement     =                0.0049 (0.098x rd)   0.0058 (0.116x rd)
  correction_eff   =                0.0066 (81.4% ceil)         0.0062 (75.8% ceil)
2026-05-28 13:02:17 +00:11:03 -00:46:16 [INFO] iter=  1900  0.343s/iter  lr=8.10e-04  loss=0.000134
                                  K=1 (deploy)              K=3 (train)
  mean_violation   = 0.000036  ->  0.000003              0.000001
  illegal_pairs    = 0.34%      ->  0.12%                 0.04%
  viol_per_cloud   = 103.50       ->  37.25                  11.75
  viol_reduction   =                64.0%                    88.6%
  mean_nn_dist     = 0.045358  ->  0.052533              0.053379
  displacement     =                0.0051 (0.103x rd)   0.0057 (0.115x rd)
  correction_eff   =                0.0064 (79.2% ceil)         0.0062 (76.7% ceil)
2026-05-28 13:02:51 +00:11:37 -00:45:33 [INFO] iter=  2000  0.342s/iter  lr=8.00e-04  loss=0.000125
                                  K=1 (deploy)              K=3 (train)
  mean_violation   = 0.000036  ->  0.000003              0.000000
  illegal_pairs    = 0.34%      ->  0.12%                 0.04%
  viol_per_cloud   = 103.50       ->  36.50                  12.50
  viol_reduction   =                64.7%                    87.9%
  mean_nn_dist     = 0.045358  ->  0.052482              0.053246
  displacement     =                0.0051 (0.102x rd)   0.0056 (0.113x rd)
  correction_eff   =                0.0066 (80.7% ceil)         0.0064 (78.4% ceil)
2026-05-28 13:03:29 +00:12:15 -00:50:13 [INFO] iter=  2100  0.381s/iter  lr=7.90e-04  loss=0.000126
                                  K=1 (deploy)              K=3 (train)
  mean_violation   = 0.000036  ->  0.000003              0.000001
  illegal_pairs    = 0.34%      ->  0.12%                 0.05%
  viol_per_cloud   = 103.50       ->  37.75                  14.25
  viol_reduction   =                63.5%                    86.2%
  mean_nn_dist     = 0.045358  ->  0.052348              0.053103
  displacement     =                0.0050 (0.100x rd)   0.0056 (0.111x rd)
  correction_eff   =                0.0066 (81.0% ceil)         0.0064 (79.2% ceil)
2026-05-28 13:04:04 +00:12:50 -00:44:32 [INFO] iter=  2200  0.343s/iter  lr=7.80e-04  loss=0.000132
                                  K=1 (deploy)              K=3 (train)
  mean_violation   = 0.000036  ->  0.000003              0.000000
  illegal_pairs    = 0.34%      ->  0.12%                 0.03%
  viol_per_cloud   = 103.50       ->  36.25                  10.25
  viol_reduction   =                65.0%                    90.1%
  mean_nn_dist     = 0.045358  ->  0.052577              0.053416
  displacement     =                0.0053 (0.106x rd)   0.0059 (0.117x rd)
  correction_eff   =                0.0063 (77.3% ceil)         0.0061 (75.4% ceil)
2026-05-28 13:04:38 +00:13:24 -00:43:59 [INFO] iter=  2300  0.343s/iter  lr=7.70e-04  loss=0.000130
                                  K=1 (deploy)              K=3 (train)
  mean_violation   = 0.000036  ->  0.000003              0.000000
  illegal_pairs    = 0.34%      ->  0.10%                 0.04%
  viol_per_cloud   = 103.50       ->  31.50                  12.75
  viol_reduction   =                69.6%                    87.7%
  mean_nn_dist     = 0.045358  ->  0.052481              0.053146
  displacement     =                0.0051 (0.102x rd)   0.0056 (0.111x rd)
  correction_eff   =                0.0065 (80.6% ceil)         0.0064 (79.3% ceil)
2026-05-28 13:05:12 +00:13:58 -00:43:17 [INFO] iter=  2400  0.342s/iter  lr=7.60e-04  loss=0.000129
                                  K=1 (deploy)              K=3 (train)
  mean_violation   = 0.000036  ->  0.000003              0.000000
  illegal_pairs    = 0.34%      ->  0.11%                 0.04%
  viol_per_cloud   = 103.50       ->  34.25                  12.00
  viol_reduction   =                66.9%                    88.4%
  mean_nn_dist     = 0.045358  ->  0.052480              0.053195
  displacement     =                0.0051 (0.102x rd)   0.0056 (0.112x rd)
  correction_eff   =                0.0065 (80.3% ceil)         0.0064 (78.7% ceil)
2026-05-28 13:05:47 +00:14:32 -00:42:57 [INFO] iter=  2500  0.344s/iter  lr=7.50e-04  loss=0.000132
                                  K=1 (deploy)              K=3 (train)
  mean_violation   = 0.000036  ->  0.000003              0.000001
  illegal_pairs    = 0.34%      ->  0.11%                 0.04%
  viol_per_cloud   = 103.50       ->  34.75                  12.00
  viol_reduction   =                66.4%                    88.4%
  mean_nn_dist     = 0.045358  ->  0.052539              0.053245
  displacement     =                0.0052 (0.103x rd)   0.0058 (0.115x rd)
  correction_eff   =                0.0065 (79.6% ceil)         0.0062 (76.5% ceil)
2026-05-28 13:06:25 +00:15:11 -00:47:16 [INFO] iter=  2600  0.383s/iter  lr=7.40e-04  loss=0.000117
                                  K=1 (deploy)              K=3 (train)
  mean_violation   = 0.000036  ->  0.000003              0.000000
  illegal_pairs    = 0.34%      ->  0.14%                 0.04%
  viol_per_cloud   = 103.50       ->  43.75                  13.25
  viol_reduction   =                57.7%                    87.2%
  mean_nn_dist     = 0.045358  ->  0.052360              0.053143
  displacement     =                0.0050 (0.099x rd)   0.0056 (0.112x rd)
  correction_eff   =                0.0067 (82.8% ceil)         0.0064 (78.8% ceil)
2026-05-28 13:06:59 +00:15:45 -00:41:37 [INFO] iter=  2700  0.342s/iter  lr=7.30e-04  loss=0.000115
                                  K=1 (deploy)              K=3 (train)
  mean_violation   = 0.000036  ->  0.000003              0.000000
  illegal_pairs    = 0.34%      ->  0.11%                 0.04%
  viol_per_cloud   = 103.50       ->  33.25                  11.25
  viol_reduction   =                67.9%                    89.1%
  mean_nn_dist     = 0.045358  ->  0.052596              0.053294
  displacement     =                0.0052 (0.104x rd)   0.0057 (0.115x rd)
  correction_eff   =                0.0064 (79.3% ceil)         0.0063 (77.1% ceil)
2026-05-28 13:07:33 +00:16:19 -00:40:54 [INFO] iter=  2800  0.341s/iter  lr=7.20e-04  loss=0.000121
                                  K=1 (deploy)              K=3 (train)
  mean_violation   = 0.000036  ->  0.000003              0.000001
  illegal_pairs    = 0.34%      ->  0.12%                 0.05%
  viol_per_cloud   = 103.50       ->  37.50                  15.75
  viol_reduction   =                63.8%                    84.8%
  mean_nn_dist     = 0.045358  ->  0.052369              0.053085
  displacement     =                0.0050 (0.100x rd)   0.0056 (0.112x rd)
  correction_eff   =                0.0067 (82.4% ceil)         0.0064 (78.4% ceil)
2026-05-28 13:08:07 +00:16:53 -00:40:25 [INFO] iter=  2900  0.342s/iter  lr=7.10e-04  loss=0.000112
                                  K=1 (deploy)              K=3 (train)
  mean_violation   = 0.000036  ->  0.000002              0.000000
  illegal_pairs    = 0.34%      ->  0.10%                 0.04%
  viol_per_cloud   = 103.50       ->  30.75                  11.25
  viol_reduction   =                70.3%                    89.1%
  mean_nn_dist     = 0.045358  ->  0.052695              0.053368
  displacement     =                0.0053 (0.106x rd)   0.0058 (0.117x rd)
  correction_eff   =                0.0064 (78.8% ceil)         0.0062 (75.6% ceil)
2026-05-28 13:08:41 +00:17:27 -00:39:50 [INFO] iter=  3000  0.342s/iter  lr=7.00e-04  loss=0.000106
                                  K=1 (deploy)              K=3 (train)
  mean_violation   = 0.000036  ->  0.000003              0.000000
  illegal_pairs    = 0.34%      ->  0.10%                 0.03%
  viol_per_cloud   = 103.50       ->  31.75                  9.50
  viol_reduction   =                69.3%                    90.8%
  mean_nn_dist     = 0.045358  ->  0.052616              0.053289
  displacement     =                0.0052 (0.105x rd)   0.0058 (0.116x rd)
  correction_eff   =                0.0064 (79.2% ceil)         0.0062 (76.3% ceil)
2026-05-28 13:09:20 +00:18:06 -00:43:48 [INFO] iter=  3100  0.381s/iter  lr=6.90e-04  loss=0.000109
                                  K=1 (deploy)              K=3 (train)
  mean_violation   = 0.000036  ->  0.000003              0.000000
  illegal_pairs    = 0.34%      ->  0.09%                 0.03%
  viol_per_cloud   = 103.50       ->  28.50                  10.25
  viol_reduction   =                72.5%                    90.1%
  mean_nn_dist     = 0.045358  ->  0.052795              0.053459
  displacement     =                0.0054 (0.109x rd)   0.0059 (0.118x rd)
  correction_eff   =                0.0062 (76.4% ceil)         0.0061 (74.7% ceil)
2026-05-28 13:09:54 +00:18:40 -00:38:51 [INFO] iter=  3200  0.343s/iter  lr=6.80e-04  loss=0.000105
                                  K=1 (deploy)              K=3 (train)
  mean_violation   = 0.000036  ->  0.000003              0.000000
  illegal_pairs    = 0.34%      ->  0.11%                 0.04%
  viol_per_cloud   = 103.50       ->  33.75                  11.25
  viol_reduction   =                67.4%                    89.1%
  mean_nn_dist     = 0.045358  ->  0.052560              0.053243
  displacement     =                0.0053 (0.106x rd)   0.0058 (0.115x rd)
  correction_eff   =                0.0064 (78.7% ceil)         0.0062 (76.6% ceil)
2026-05-28 13:10:28 +00:19:14 -00:38:08 [INFO] iter=  3300  0.342s/iter  lr=6.70e-04  loss=0.000105
                                  K=1 (deploy)              K=3 (train)
  mean_violation   = 0.000036  ->  0.000002              0.000000
  illegal_pairs    = 0.34%      ->  0.10%                 0.03%
  viol_per_cloud   = 103.50       ->  30.50                  10.25
  viol_reduction   =                70.5%                    90.1%
  mean_nn_dist     = 0.045358  ->  0.052624              0.053221
  displacement     =                0.0052 (0.105x rd)   0.0057 (0.113x rd)
  correction_eff   =                0.0065 (79.8% ceil)         0.0064 (78.3% ceil)
2026-05-28 13:11:02 +00:19:48 -00:37:31 [INFO] iter=  3400  0.341s/iter  lr=6.60e-04  loss=0.000101
                                  K=1 (deploy)              K=3 (train)
  mean_violation   = 0.000036  ->  0.000003              0.000000
  illegal_pairs    = 0.34%      ->  0.11%                 0.04%
  viol_per_cloud   = 103.50       ->  34.00                  10.75
  viol_reduction   =                67.1%                    89.6%
  mean_nn_dist     = 0.045358  ->  0.052564              0.053178
  displacement     =                0.0052 (0.104x rd)   0.0057 (0.114x rd)
  correction_eff   =                0.0065 (80.0% ceil)         0.0063 (77.5% ceil)
2026-05-28 13:11:36 +00:20:22 -00:37:02 [INFO] iter=  3500  0.342s/iter  lr=6.50e-04  loss=0.000099
                                  K=1 (deploy)              K=3 (train)
  mean_violation   = 0.000036  ->  0.000003              0.000000
  illegal_pairs    = 0.34%      ->  0.12%                 0.04%
  viol_per_cloud   = 103.50       ->  35.25                  11.00
  viol_reduction   =                65.9%                    89.4%
  mean_nn_dist     = 0.045358  ->  0.052488              0.053159
  displacement     =                0.0051 (0.103x rd)   0.0057 (0.113x rd)
  correction_eff   =                0.0066 (80.7% ceil)         0.0063 (78.0% ceil)
2026-05-28 13:12:14 +00:21:00 -00:40:41 [INFO] iter=  3600  0.382s/iter  lr=6.40e-04  loss=0.000107
                                  K=1 (deploy)              K=3 (train)
  mean_violation   = 0.000036  ->  0.000002              0.000000
  illegal_pairs    = 0.34%      ->  0.10%                 0.03%
  viol_per_cloud   = 103.50       ->  29.50                  9.75
  viol_reduction   =                71.5%                    90.6%
  mean_nn_dist     = 0.045358  ->  0.052683              0.053300
  displacement     =                0.0054 (0.108x rd)   0.0058 (0.117x rd)
  correction_eff   =                0.0063 (77.0% ceil)         0.0062 (75.7% ceil)
2026-05-28 13:12:49 +00:21:35 -00:35:53 [INFO] iter=  3700  0.342s/iter  lr=6.30e-04  loss=0.000107
                                  K=1 (deploy)              K=3 (train)
  mean_violation   = 0.000036  ->  0.000002              0.000000
  illegal_pairs    = 0.34%      ->  0.12%                 0.03%
  viol_per_cloud   = 103.50       ->  36.00                  10.00
  viol_reduction   =                65.2%                    90.3%
  mean_nn_dist     = 0.045358  ->  0.052552              0.053144
  displacement     =                0.0051 (0.102x rd)   0.0056 (0.112x rd)
  correction_eff   =                0.0066 (81.5% ceil)         0.0064 (78.8% ceil)
2026-05-28 13:13:23 +00:22:09 -00:35:19 [INFO] iter=  3800  0.342s/iter  lr=6.20e-04  loss=0.000099
                                  K=1 (deploy)              K=3 (train)
  mean_violation   = 0.000036  ->  0.000002              0.000000
  illegal_pairs    = 0.34%      ->  0.10%                 0.03%
  viol_per_cloud   = 103.50       ->  29.25                  8.50
  viol_reduction   =                71.7%                    91.8%
  mean_nn_dist     = 0.045358  ->  0.052695              0.053282
  displacement     =                0.0053 (0.107x rd)   0.0058 (0.115x rd)
  correction_eff   =                0.0064 (78.5% ceil)         0.0062 (76.8% ceil)
2026-05-28 13:13:57 +00:22:43 -00:34:46 [INFO] iter=  3900  0.342s/iter  lr=6.10e-04  loss=0.000098
                                  K=1 (deploy)              K=3 (train)
  mean_violation   = 0.000036  ->  0.000002              0.000000
  illegal_pairs    = 0.34%      ->  0.10%                 0.03%
  viol_per_cloud   = 103.50       ->  31.00                  10.50
  viol_reduction   =                70.0%                    89.9%
  mean_nn_dist     = 0.045358  ->  0.052731              0.053340
  displacement     =                0.0054 (0.108x rd)   0.0059 (0.117x rd)
  correction_eff   =                0.0063 (77.9% ceil)         0.0062 (75.7% ceil)
2026-05-28 13:14:31 +00:23:17 -00:34:13 [INFO] iter=  4000  0.342s/iter  lr=6.00e-04  loss=0.000095
                                  K=1 (deploy)              K=3 (train)
  mean_violation   = 0.000036  ->  0.000002              0.000000
  illegal_pairs    = 0.34%      ->  0.10%                 0.03%
  viol_per_cloud   = 103.50       ->  31.00                  8.50
  viol_reduction   =                70.0%                    91.8%
  mean_nn_dist     = 0.045358  ->  0.052621              0.053187
  displacement     =                0.0053 (0.106x rd)   0.0057 (0.113x rd)
  correction_eff   =                0.0065 (79.7% ceil)         0.0064 (78.4% ceil)
2026-05-28 13:15:09 +00:23:55 -00:37:32 [INFO] iter=  4100  0.382s/iter  lr=5.90e-04  loss=0.000097
                                  K=1 (deploy)              K=3 (train)
  mean_violation   = 0.000036  ->  0.000002              0.000000
  illegal_pairs    = 0.34%      ->  0.09%                 0.02%
  viol_per_cloud   = 103.50       ->  28.50                  7.25
  viol_reduction   =                72.5%                    93.0%
  mean_nn_dist     = 0.045358  ->  0.052649              0.053207
  displacement     =                0.0053 (0.107x rd)   0.0057 (0.114x rd)
  correction_eff   =                0.0064 (79.0% ceil)         0.0063 (77.7% ceil)
2026-05-28 13:15:44 +00:24:30 -00:33:07 [INFO] iter=  4200  0.343s/iter  lr=5.80e-04  loss=0.000096
                                  K=1 (deploy)              K=3 (train)
  mean_violation   = 0.000036  ->  0.000002              0.000000
  illegal_pairs    = 0.34%      ->  0.11%                 0.04%
  viol_per_cloud   = 103.50       ->  32.75                  11.50
  viol_reduction   =                68.4%                    88.9%
  mean_nn_dist     = 0.045358  ->  0.052538              0.053083
  displacement     =                0.0052 (0.104x rd)   0.0057 (0.114x rd)
  correction_eff   =                0.0065 (80.4% ceil)         0.0063 (77.8% ceil)
2026-05-28 13:16:18 +00:25:04 -00:32:34 [INFO] iter=  4300  0.343s/iter  lr=5.70e-04  loss=0.000118
                                  K=1 (deploy)              K=3 (train)
  mean_violation   = 0.000036  ->  0.000002              0.000000
  illegal_pairs    = 0.34%      ->  0.09%                 0.03%
  viol_per_cloud   = 103.50       ->  27.75                  8.00
  viol_reduction   =                73.2%                    92.3%
  mean_nn_dist     = 0.045358  ->  0.052759              0.053313
  displacement     =                0.0054 (0.108x rd)   0.0058 (0.116x rd)
  correction_eff   =                0.0064 (78.4% ceil)         0.0062 (76.6% ceil)
2026-05-28 13:16:52 +00:25:38 -00:32:00 [INFO] iter=  4400  0.343s/iter  lr=5.60e-04  loss=0.000100
                                  K=1 (deploy)              K=3 (train)
  mean_violation   = 0.000036  ->  0.000002              0.000000
  illegal_pairs    = 0.34%      ->  0.10%                 0.02%
  viol_per_cloud   = 103.50       ->  31.50                  6.50
  viol_reduction   =                69.6%                    93.7%
  mean_nn_dist     = 0.045358  ->  0.052677              0.053281
  displacement     =                0.0055 (0.109x rd)   0.0059 (0.117x rd)
  correction_eff   =                0.0063 (76.9% ceil)         0.0062 (75.7% ceil)
2026-05-28 13:17:27 +00:26:12 -00:31:21 [INFO] iter=  4500  0.342s/iter  lr=5.50e-04  loss=0.000095
                                  K=1 (deploy)              K=3 (train)
  mean_violation   = 0.000036  ->  0.000002              0.000000
  illegal_pairs    = 0.34%      ->  0.09%                 0.03%
  viol_per_cloud   = 103.50       ->  27.00                  7.75
  viol_reduction   =                73.9%                    92.5%
  mean_nn_dist     = 0.045358  ->  0.052696              0.053219
  displacement     =                0.0053 (0.107x rd)   0.0057 (0.114x rd)
  correction_eff   =                0.0064 (78.9% ceil)         0.0063 (78.1% ceil)
2026-05-28 13:18:05 +00:26:51 -00:34:25 [INFO] iter=  4600  0.383s/iter  lr=5.40e-04  loss=0.000098
                                  K=1 (deploy)              K=3 (train)
  mean_violation   = 0.000036  ->  0.000002              0.000000
  illegal_pairs    = 0.34%      ->  0.11%                 0.03%
  viol_per_cloud   = 103.50       ->  34.50                  10.50
  viol_reduction   =                66.7%                    89.9%
  mean_nn_dist     = 0.045358  ->  0.052541              0.053115
  displacement     =                0.0052 (0.103x rd)   0.0056 (0.112x rd)
  correction_eff   =                0.0066 (81.2% ceil)         0.0064 (79.2% ceil)
2026-05-28 13:18:39 +00:27:25 -00:30:09 [INFO] iter=  4700  0.341s/iter  lr=5.30e-04  loss=0.000093
                                  K=1 (deploy)              K=3 (train)
  mean_violation   = 0.000036  ->  0.000002              0.000000
  illegal_pairs    = 0.34%      ->  0.11%                 0.03%
  viol_per_cloud   = 103.50       ->  32.25                  8.75
  viol_reduction   =                68.8%                    91.5%
  mean_nn_dist     = 0.045358  ->  0.052596              0.053134
  displacement     =                0.0052 (0.104x rd)   0.0056 (0.112x rd)
  correction_eff   =                0.0066 (80.7% ceil)         0.0064 (79.1% ceil)
2026-05-28 13:19:13 +00:27:59 -00:29:34 [INFO] iter=  4800  0.341s/iter  lr=5.20e-04  loss=0.000093
                                  K=1 (deploy)              K=3 (train)
  mean_violation   = 0.000036  ->  0.000002              0.000000
  illegal_pairs    = 0.34%      ->  0.09%                 0.03%
  viol_per_cloud   = 103.50       ->  28.00                  8.00
  viol_reduction   =                72.9%                    92.3%
  mean_nn_dist     = 0.045358  ->  0.052671              0.053208
  displacement     =                0.0054 (0.108x rd)   0.0058 (0.116x rd)
  correction_eff   =                0.0064 (78.5% ceil)         0.0062 (76.6% ceil)
2026-05-28 13:19:47 +00:28:33 -00:28:59 [INFO] iter=  4900  0.341s/iter  lr=5.10e-04  loss=0.000093
                                  K=1 (deploy)              K=3 (train)
  mean_violation   = 0.000036  ->  0.000002              0.000000
  illegal_pairs    = 0.34%      ->  0.12%                 0.03%
  viol_per_cloud   = 103.50       ->  35.00                  9.75
  viol_reduction   =                66.2%                    90.6%
  mean_nn_dist     = 0.045358  ->  0.052517              0.053075
  displacement     =                0.0052 (0.104x rd)   0.0056 (0.111x rd)
  correction_eff   =                0.0066 (80.9% ceil)         0.0065 (79.7% ceil)
2026-05-28 13:20:21 +00:29:07 -00:28:26 [INFO] iter=  5000  0.341s/iter  lr=5.00e-04  loss=0.000094
                                  K=1 (deploy)              K=3 (train)
  mean_violation   = 0.000036  ->  0.000002              0.000000
  illegal_pairs    = 0.34%      ->  0.11%                 0.04%
  viol_per_cloud   = 103.50       ->  33.75                  11.50
  viol_reduction   =                67.4%                    88.9%
  mean_nn_dist     = 0.045358  ->  0.052557              0.053067
  displacement     =                0.0052 (0.104x rd)   0.0056 (0.112x rd)
  correction_eff   =                0.0066 (81.4% ceil)         0.0065 (79.5% ceil)
2026-05-28 13:20:59 +00:29:45 -00:31:08 [INFO] iter=  5100  0.381s/iter  lr=4.91e-04  loss=0.000089
                                  K=1 (deploy)              K=3 (train)
  mean_violation   = 0.000036  ->  0.000002              0.000000
  illegal_pairs    = 0.34%      ->  0.09%                 0.02%
  viol_per_cloud   = 103.50       ->  26.75                  7.25
  viol_reduction   =                74.2%                    93.0%
  mean_nn_dist     = 0.045358  ->  0.052748              0.053252
  displacement     =                0.0054 (0.109x rd)   0.0058 (0.116x rd)
  correction_eff   =                0.0063 (77.9% ceil)         0.0062 (76.7% ceil)
2026-05-28 13:21:34 +00:30:20 -00:27:25 [INFO] iter=  5200  0.343s/iter  lr=4.81e-04  loss=0.000090
                                  K=1 (deploy)              K=3 (train)
  mean_violation   = 0.000036  ->  0.000002              0.000000
  illegal_pairs    = 0.34%      ->  0.13%                 0.04%
  viol_per_cloud   = 103.50       ->  39.75                  11.00
  viol_reduction   =                61.6%                    89.4%
  mean_nn_dist     = 0.045358  ->  0.052492              0.053050
  displacement     =                0.0051 (0.102x rd)   0.0055 (0.111x rd)
  correction_eff   =                0.0067 (82.2% ceil)         0.0065 (80.2% ceil)
2026-05-28 13:22:08 +00:30:54 -00:26:53 [INFO] iter=  5300  0.343s/iter  lr=4.71e-04  loss=0.000093
                                  K=1 (deploy)              K=3 (train)
  mean_violation   = 0.000036  ->  0.000002              0.000000
  illegal_pairs    = 0.34%      ->  0.09%                 0.02%
  viol_per_cloud   = 103.50       ->  28.00                  6.50
  viol_reduction   =                72.9%                    93.7%
  mean_nn_dist     = 0.045358  ->  0.052775              0.053269
  displacement     =                0.0054 (0.109x rd)   0.0058 (0.116x rd)
  correction_eff   =                0.0063 (77.7% ceil)         0.0062 (76.1% ceil)
2026-05-28 13:22:42 +00:31:28 -00:26:15 [INFO] iter=  5400  0.342s/iter  lr=4.61e-04  loss=0.000090
                                  K=1 (deploy)              K=3 (train)
  mean_violation   = 0.000036  ->  0.000002              0.000000
  illegal_pairs    = 0.34%      ->  0.11%                 0.03%
  viol_per_cloud   = 103.50       ->  34.00                  8.50
  viol_reduction   =                67.1%                    91.8%
  mean_nn_dist     = 0.045358  ->  0.052593              0.053088
  displacement     =                0.0053 (0.106x rd)   0.0058 (0.115x rd)
  correction_eff   =                0.0065 (79.4% ceil)         0.0062 (76.7% ceil)
2026-05-28 13:23:16 +00:32:02 -00:25:37 [INFO] iter=  5500  0.342s/iter  lr=4.51e-04  loss=0.000088
                                  K=1 (deploy)              K=3 (train)
  mean_violation   = 0.000036  ->  0.000002              0.000000
  illegal_pairs    = 0.34%      ->  0.09%                 0.03%
  viol_per_cloud   = 103.50       ->  27.25                  8.75
  viol_reduction   =                73.7%                    91.5%
  mean_nn_dist     = 0.045358  ->  0.052743              0.053181
  displacement     =                0.0054 (0.109x rd)   0.0058 (0.116x rd)
  correction_eff   =                0.0063 (77.9% ceil)         0.0062 (76.6% ceil)
2026-05-28 13:23:55 +00:32:41 -00:28:02 [INFO] iter=  5600  0.382s/iter  lr=4.41e-04  loss=0.000085
                                  K=1 (deploy)              K=3 (train)
  mean_violation   = 0.000036  ->  0.000002              0.000000
  illegal_pairs    = 0.34%      ->  0.11%                 0.03%
  viol_per_cloud   = 103.50       ->  33.75                  9.50
  viol_reduction   =                67.4%                    90.8%
  mean_nn_dist     = 0.045358  ->  0.052565              0.053059
  displacement     =                0.0053 (0.105x rd)   0.0057 (0.113x rd)
  correction_eff   =                0.0065 (80.0% ceil)         0.0064 (78.3% ceil)
2026-05-28 13:24:29 +00:33:15 -00:24:37 [INFO] iter=  5700  0.344s/iter  lr=4.31e-04  loss=0.000087
                                  K=1 (deploy)              K=3 (train)
  mean_violation   = 0.000036  ->  0.000002              0.000000
  illegal_pairs    = 0.34%      ->  0.09%                 0.03%
  viol_per_cloud   = 103.50       ->  28.00                  7.75
  viol_reduction   =                72.9%                    92.5%
  mean_nn_dist     = 0.045358  ->  0.052899              0.053406
  displacement     =                0.0056 (0.112x rd)   0.0059 (0.119x rd)
  correction_eff   =                0.0062 (75.9% ceil)         0.0061 (74.6% ceil)
2026-05-28 13:25:03 +00:33:49 -00:24:01 [INFO] iter=  5800  0.343s/iter  lr=4.21e-04  loss=0.000087
                                  K=1 (deploy)              K=3 (train)
  mean_violation   = 0.000036  ->  0.000002              0.000000
  illegal_pairs    = 0.34%      ->  0.14%                 0.04%
  viol_per_cloud   = 103.50       ->  41.50                  11.25
  viol_reduction   =                59.9%                    89.1%
  mean_nn_dist     = 0.045358  ->  0.052506              0.053056
  displacement     =                0.0052 (0.104x rd)   0.0056 (0.111x rd)
  correction_eff   =                0.0065 (80.5% ceil)         0.0065 (79.8% ceil)
2026-05-28 13:25:38 +00:34:24 -00:23:24 [INFO] iter=  5900  0.343s/iter  lr=4.11e-04  loss=0.000085
                                  K=1 (deploy)              K=3 (train)
  mean_violation   = 0.000036  ->  0.000002              0.000000
  illegal_pairs    = 0.34%      ->  0.11%                 0.02%
  viol_per_cloud   = 103.50       ->  32.50                  7.50
  viol_reduction   =                68.6%                    92.8%
  mean_nn_dist     = 0.045358  ->  0.052684              0.053160
  displacement     =                0.0054 (0.107x rd)   0.0057 (0.114x rd)
  correction_eff   =                0.0064 (79.2% ceil)         0.0063 (77.9% ceil)
2026-05-28 13:26:12 +00:34:58 -00:22:52 [INFO] iter=  6000  0.343s/iter  lr=4.01e-04  loss=0.000082
                                  K=1 (deploy)              K=3 (train)
  mean_violation   = 0.000036  ->  0.000002              0.000000
  illegal_pairs    = 0.34%      ->  0.11%                 0.04%
  viol_per_cloud   = 103.50       ->  34.75                  11.50
  viol_reduction   =                66.4%                    88.9%
  mean_nn_dist     = 0.045358  ->  0.052605              0.053096
  displacement     =                0.0053 (0.106x rd)   0.0056 (0.113x rd)
  correction_eff   =                0.0065 (80.0% ceil)         0.0064 (78.9% ceil)
2026-05-28 13:26:50 +00:35:36 -00:24:47 [INFO] iter=  6100  0.381s/iter  lr=3.91e-04  loss=0.000082
                                  K=1 (deploy)              K=3 (train)
  mean_violation   = 0.000036  ->  0.000002              0.000000
  illegal_pairs    = 0.34%      ->  0.09%                 0.02%
  viol_per_cloud   = 103.50       ->  26.75                  6.00
  viol_reduction   =                74.2%                    94.2%
  mean_nn_dist     = 0.045358  ->  0.052948              0.053507
  displacement     =                0.0057 (0.115x rd)   0.0061 (0.121x rd)
  correction_eff   =                0.0060 (73.9% ceil)         0.0060 (73.2% ceil)
2026-05-28 13:27:24 +00:36:10 -00:21:36 [INFO] iter=  6200  0.341s/iter  lr=3.81e-04  loss=0.000088
                                  K=1 (deploy)              K=3 (train)
  mean_violation   = 0.000036  ->  0.000002              0.000000
  illegal_pairs    = 0.34%      ->  0.10%                 0.03%
  viol_per_cloud   = 103.50       ->  31.50                  9.75
  viol_reduction   =                69.6%                    90.6%
  mean_nn_dist     = 0.045358  ->  0.052710              0.053140
  displacement     =                0.0054 (0.107x rd)   0.0057 (0.115x rd)
  correction_eff   =                0.0064 (79.1% ceil)         0.0063 (77.4% ceil)
2026-05-28 13:27:58 +00:36:44 -00:21:07 [INFO] iter=  6300  0.343s/iter  lr=3.71e-04  loss=0.000094
                                  K=1 (deploy)              K=3 (train)
  mean_violation   = 0.000036  ->  0.000002              0.000000
  illegal_pairs    = 0.34%      ->  0.12%                 0.03%
  viol_per_cloud   = 103.50       ->  35.50                  9.25
  viol_reduction   =                65.7%                    91.1%
  mean_nn_dist     = 0.045358  ->  0.052617              0.053072
  displacement     =                0.0052 (0.104x rd)   0.0056 (0.112x rd)
  correction_eff   =                0.0066 (81.1% ceil)         0.0064 (78.7% ceil)
2026-05-28 13:28:33 +00:37:19 -00:20:33 [INFO] iter=  6400  0.343s/iter  lr=3.61e-04  loss=0.000085
                                  K=1 (deploy)              K=3 (train)
  mean_violation   = 0.000036  ->  0.000002              0.000000
  illegal_pairs    = 0.34%      ->  0.10%                 0.03%
  viol_per_cloud   = 103.50       ->  30.00                  8.25
  viol_reduction   =                71.0%                    92.0%
  mean_nn_dist     = 0.045358  ->  0.052810              0.053215
  displacement     =                0.0055 (0.110x rd)   0.0058 (0.117x rd)
  correction_eff   =                0.0063 (77.6% ceil)         0.0062 (75.8% ceil)
2026-05-28 13:29:07 +00:37:53 -00:19:55 [INFO] iter=  6500  0.341s/iter  lr=3.51e-04  loss=0.000079
                                  K=1 (deploy)              K=3 (train)
  mean_violation   = 0.000036  ->  0.000002              0.000000
  illegal_pairs    = 0.34%      ->  0.10%                 0.02%
  viol_per_cloud   = 103.50       ->  29.75                  7.25
  viol_reduction   =                71.3%                    93.0%
  mean_nn_dist     = 0.045358  ->  0.052749              0.053195
  displacement     =                0.0054 (0.109x rd)   0.0058 (0.115x rd)
  correction_eff   =                0.0064 (78.5% ceil)         0.0063 (77.0% ceil)
2026-05-28 13:29:45 +00:38:31 -00:21:39 [INFO] iter=  6600  0.382s/iter  lr=3.41e-04  loss=0.000081
                                  K=1 (deploy)              K=3 (train)
  mean_violation   = 0.000036  ->  0.000002              0.000000
  illegal_pairs    = 0.34%      ->  0.09%                 0.03%
  viol_per_cloud   = 103.50       ->  28.00                  8.25
  viol_reduction   =                72.9%                    92.0%
  mean_nn_dist     = 0.045358  ->  0.052793              0.053214
  displacement     =                0.0054 (0.109x rd)   0.0058 (0.115x rd)
  correction_eff   =                0.0064 (78.3% ceil)         0.0063 (77.0% ceil)
2026-05-28 13:30:19 +00:39:05 -00:18:54 [INFO] iter=  6700  0.344s/iter  lr=3.31e-04  loss=0.000080
                                  K=1 (deploy)              K=3 (train)
  mean_violation   = 0.000036  ->  0.000002              0.000000
  illegal_pairs    = 0.34%      ->  0.11%                 0.03%
  viol_per_cloud   = 103.50       ->  33.50                  8.50
  viol_reduction   =                67.6%                    91.8%
  mean_nn_dist     = 0.045358  ->  0.052686              0.053132
  displacement     =                0.0053 (0.107x rd)   0.0057 (0.114x rd)
  correction_eff   =                0.0065 (79.9% ceil)         0.0064 (78.2% ceil)
2026-05-28 13:30:54 +00:39:40 -00:18:18 [INFO] iter=  6800  0.343s/iter  lr=3.21e-04  loss=0.000083
                                  K=1 (deploy)              K=3 (train)
  mean_violation   = 0.000036  ->  0.000002              0.000000
  illegal_pairs    = 0.34%      ->  0.10%                 0.02%
  viol_per_cloud   = 103.50       ->  30.00                  7.25
  viol_reduction   =                71.0%                    93.0%
  mean_nn_dist     = 0.045358  ->  0.052772              0.053186
  displacement     =                0.0054 (0.108x rd)   0.0057 (0.114x rd)
  correction_eff   =                0.0064 (78.7% ceil)         0.0063 (77.6% ceil)
2026-05-28 13:31:28 +00:40:14 -00:17:43 [INFO] iter=  6900  0.343s/iter  lr=3.11e-04  loss=0.000083
                                  K=1 (deploy)              K=3 (train)
  mean_violation   = 0.000036  ->  0.000002              0.000000
  illegal_pairs    = 0.34%      ->  0.09%                 0.03%
  viol_per_cloud   = 103.50       ->  28.75                  10.25
  viol_reduction   =                72.2%                    90.1%
  mean_nn_dist     = 0.045358  ->  0.052766              0.053147
  displacement     =                0.0055 (0.109x rd)   0.0057 (0.115x rd)
  correction_eff   =                0.0064 (78.2% ceil)         0.0063 (77.2% ceil)
2026-05-28 13:32:02 +00:40:48 -00:17:09 [INFO] iter=  7000  0.343s/iter  lr=3.01e-04  loss=0.000080
                                  K=1 (deploy)              K=3 (train)
  mean_violation   = 0.000036  ->  0.000002              0.000000
  illegal_pairs    = 0.34%      ->  0.10%                 0.03%
  viol_per_cloud   = 103.50       ->  29.25                  8.75
  viol_reduction   =                71.7%                    91.5%
  mean_nn_dist     = 0.045358  ->  0.052769              0.053180
  displacement     =                0.0055 (0.110x rd)   0.0058 (0.115x rd)
  correction_eff   =                0.0063 (77.5% ceil)         0.0062 (76.8% ceil)
2026-05-28 13:32:41 +00:41:26 -00:18:27 [INFO] iter=  7100  0.382s/iter  lr=2.91e-04  loss=0.000079
                                  K=1 (deploy)              K=3 (train)
  mean_violation   = 0.000036  ->  0.000002              0.000000
  illegal_pairs    = 0.34%      ->  0.10%                 0.03%
  viol_per_cloud   = 103.50       ->  29.25                  10.25
  viol_reduction   =                71.7%                    90.1%
  mean_nn_dist     = 0.045358  ->  0.052775              0.053129
  displacement     =                0.0054 (0.108x rd)   0.0057 (0.115x rd)
  correction_eff   =                0.0064 (78.8% ceil)         0.0063 (77.1% ceil)
2026-05-28 13:33:15 +00:42:01 -00:15:56 [INFO] iter=  7200  0.342s/iter  lr=2.81e-04  loss=0.000081
                                  K=1 (deploy)              K=3 (train)
  mean_violation   = 0.000036  ->  0.000002              0.000000
  illegal_pairs    = 0.34%      ->  0.08%                 0.03%
  viol_per_cloud   = 103.50       ->  25.25                  8.00
  viol_reduction   =                75.6%                    92.3%
  mean_nn_dist     = 0.045358  ->  0.052814              0.053184
  displacement     =                0.0055 (0.109x rd)   0.0057 (0.115x rd)
  correction_eff   =                0.0064 (78.3% ceil)         0.0063 (77.3% ceil)
2026-05-28 13:33:49 +00:42:35 -00:15:26 [INFO] iter=  7300  0.343s/iter  lr=2.71e-04  loss=0.000082
                                  K=1 (deploy)              K=3 (train)
  mean_violation   = 0.000036  ->  0.000002              0.000000
  illegal_pairs    = 0.34%      ->  0.09%                 0.04%
  viol_per_cloud   = 103.50       ->  27.50                  10.75
  viol_reduction   =                73.4%                    89.6%
  mean_nn_dist     = 0.045358  ->  0.052794              0.053152
  displacement     =                0.0054 (0.109x rd)   0.0057 (0.114x rd)
  correction_eff   =                0.0064 (78.6% ceil)         0.0063 (78.1% ceil)
2026-05-28 13:34:23 +00:43:09 -00:14:50 [INFO] iter=  7400  0.343s/iter  lr=2.61e-04  loss=0.000079
                                  K=1 (deploy)              K=3 (train)
  mean_violation   = 0.000036  ->  0.000002              0.000000
  illegal_pairs    = 0.34%      ->  0.09%                 0.03%
  viol_per_cloud   = 103.50       ->  27.75                  9.50
  viol_reduction   =                73.2%                    90.8%
  mean_nn_dist     = 0.045358  ->  0.052805              0.053164
  displacement     =                0.0055 (0.110x rd)   0.0057 (0.115x rd)
  correction_eff   =                0.0063 (77.8% ceil)         0.0063 (77.0% ceil)
2026-05-28 13:34:58 +00:43:43 -00:14:15 [INFO] iter=  7500  0.342s/iter  lr=2.51e-04  loss=0.000078
                                  K=1 (deploy)              K=3 (train)
  mean_violation   = 0.000036  ->  0.000002              0.000000
  illegal_pairs    = 0.34%      ->  0.10%                 0.03%
  viol_per_cloud   = 103.50       ->  29.00                  10.25
  viol_reduction   =                72.0%                    90.1%
  mean_nn_dist     = 0.045358  ->  0.052753              0.053132
  displacement     =                0.0054 (0.108x rd)   0.0057 (0.114x rd)
  correction_eff   =                0.0064 (79.0% ceil)         0.0063 (77.7% ceil)
2026-05-28 13:35:36 +00:44:22 -00:15:15 [INFO] iter=  7600  0.381s/iter  lr=2.41e-04  loss=0.000078
                                  K=1 (deploy)              K=3 (train)
  mean_violation   = 0.000036  ->  0.000002              0.000000
  illegal_pairs    = 0.34%      ->  0.09%                 0.03%
  viol_per_cloud   = 103.50       ->  28.50                  9.75
  viol_reduction   =                72.5%                    90.6%
  mean_nn_dist     = 0.045358  ->  0.052783              0.053163
  displacement     =                0.0055 (0.110x rd)   0.0057 (0.115x rd)
  correction_eff   =                0.0063 (77.9% ceil)         0.0063 (77.1% ceil)
2026-05-28 13:36:10 +00:44:56 -00:13:06 [INFO] iter=  7700  0.342s/iter  lr=2.31e-04  loss=0.000075
                                  K=1 (deploy)              K=3 (train)
  mean_violation   = 0.000036  ->  0.000002              0.000000
  illegal_pairs    = 0.34%      ->  0.09%                 0.03%
  viol_per_cloud   = 103.50       ->  28.25                  8.50
  viol_reduction   =                72.7%                    91.8%
  mean_nn_dist     = 0.045358  ->  0.052788              0.053166
  displacement     =                0.0054 (0.109x rd)   0.0057 (0.114x rd)
  correction_eff   =                0.0064 (78.5% ceil)         0.0063 (77.7% ceil)
2026-05-28 13:36:44 +00:45:30 -00:12:33 [INFO] iter=  7800  0.343s/iter  lr=2.21e-04  loss=0.000079
                                  K=1 (deploy)              K=3 (train)
  mean_violation   = 0.000036  ->  0.000002              0.000000
  illegal_pairs    = 0.34%      ->  0.10%                 0.03%
  viol_per_cloud   = 103.50       ->  29.25                  9.75
  viol_reduction   =                71.7%                    90.6%
  mean_nn_dist     = 0.045358  ->  0.052752              0.053120
  displacement     =                0.0054 (0.109x rd)   0.0057 (0.113x rd)
  correction_eff   =                0.0064 (78.6% ceil)         0.0063 (78.0% ceil)
2026-05-28 13:37:18 +00:46:04 -00:11:57 [INFO] iter=  7900  0.342s/iter  lr=2.11e-04  loss=0.000079
                                  K=1 (deploy)              K=3 (train)
  mean_violation   = 0.000036  ->  0.000002              0.000000
  illegal_pairs    = 0.34%      ->  0.10%                 0.04%
  viol_per_cloud   = 103.50       ->  30.75                  11.00
  viol_reduction   =                70.3%                    89.4%
  mean_nn_dist     = 0.045358  ->  0.052763              0.053150
  displacement     =                0.0054 (0.108x rd)   0.0057 (0.114x rd)
  correction_eff   =                0.0064 (79.0% ceil)         0.0063 (77.9% ceil)
2026-05-28 13:37:52 +00:46:38 -00:11:24 [INFO] iter=  8000  0.342s/iter  lr=2.01e-04  loss=0.000079
                                  K=1 (deploy)              K=3 (train)
  mean_violation   = 0.000036  ->  0.000002              0.000000
  illegal_pairs    = 0.34%      ->  0.11%                 0.03%
  viol_per_cloud   = 103.50       ->  32.00                  9.50
  viol_reduction   =                69.1%                    90.8%
  mean_nn_dist     = 0.045358  ->  0.052720              0.053094
  displacement     =                0.0054 (0.108x rd)   0.0056 (0.113x rd)
  correction_eff   =                0.0064 (79.2% ceil)         0.0064 (78.4% ceil)
2026-05-28 13:38:31 +00:47:17 -00:12:06 [INFO] iter=  8100  0.382s/iter  lr=1.91e-04  loss=0.000079
                                  K=1 (deploy)              K=3 (train)
  mean_violation   = 0.000036  ->  0.000002              0.000000
  illegal_pairs    = 0.34%      ->  0.09%                 0.03%
  viol_per_cloud   = 103.50       ->  28.50                  10.50
  viol_reduction   =                72.5%                    89.9%
  mean_nn_dist     = 0.045358  ->  0.052749              0.053110
  displacement     =                0.0054 (0.108x rd)   0.0057 (0.113x rd)
  correction_eff   =                0.0065 (79.4% ceil)         0.0064 (78.4% ceil)
2026-05-28 13:39:05 +00:47:51 -00:10:13 [INFO] iter=  8200  0.341s/iter  lr=1.81e-04  loss=0.000078
                                  K=1 (deploy)              K=3 (train)
  mean_violation   = 0.000036  ->  0.000002              0.000000
  illegal_pairs    = 0.34%      ->  0.10%                 0.04%
  viol_per_cloud   = 103.50       ->  30.50                  11.00
  viol_reduction   =                70.5%                    89.4%
  mean_nn_dist     = 0.045358  ->  0.052759              0.053120
  displacement     =                0.0054 (0.108x rd)   0.0057 (0.114x rd)
  correction_eff   =                0.0064 (79.1% ceil)         0.0063 (77.6% ceil)
2026-05-28 13:39:39 +00:48:25 -00:09:40 [INFO] iter=  8300  0.341s/iter  lr=1.71e-04  loss=0.000076
                                  K=1 (deploy)              K=3 (train)
  mean_violation   = 0.000036  ->  0.000002              0.000000
  illegal_pairs    = 0.34%      ->  0.10%                 0.03%
  viol_per_cloud   = 103.50       ->  29.25                  10.25
  viol_reduction   =                71.7%                    90.1%
  mean_nn_dist     = 0.045358  ->  0.052768              0.053121
  displacement     =                0.0054 (0.108x rd)   0.0057 (0.113x rd)
  correction_eff   =                0.0064 (79.1% ceil)         0.0064 (78.2% ceil)
2026-05-28 13:40:13 +00:48:59 -00:09:08 [INFO] iter=  8400  0.343s/iter  lr=1.61e-04  loss=0.000076
                                  K=1 (deploy)              K=3 (train)
  mean_violation   = 0.000036  ->  0.000002              0.000000
  illegal_pairs    = 0.34%      ->  0.09%                 0.03%
  viol_per_cloud   = 103.50       ->  27.00                  9.75
  viol_reduction   =                73.9%                    90.6%
  mean_nn_dist     = 0.045358  ->  0.052802              0.053153
  displacement     =                0.0055 (0.109x rd)   0.0057 (0.114x rd)
  correction_eff   =                0.0064 (78.4% ceil)         0.0063 (77.6% ceil)
2026-05-28 13:40:47 +00:49:33 -00:08:30 [INFO] iter=  8500  0.341s/iter  lr=1.51e-04  loss=0.000076
                                  K=1 (deploy)              K=3 (train)
  mean_violation   = 0.000036  ->  0.000002              0.000000
  illegal_pairs    = 0.34%      ->  0.09%                 0.03%
  viol_per_cloud   = 103.50       ->  27.25                  10.25
  viol_reduction   =                73.7%                    90.1%
  mean_nn_dist     = 0.045358  ->  0.052771              0.053112
  displacement     =                0.0054 (0.109x rd)   0.0057 (0.114x rd)
  correction_eff   =                0.0064 (78.9% ceil)         0.0063 (78.0% ceil)
2026-05-28 13:41:25 +00:50:11 -00:08:52 [INFO] iter=  8600  0.380s/iter  lr=1.41e-04  loss=0.000075
                                  K=1 (deploy)              K=3 (train)
  mean_violation   = 0.000036  ->  0.000002              0.000000
  illegal_pairs    = 0.34%      ->  0.09%                 0.03%
  viol_per_cloud   = 103.50       ->  28.75                  9.75
  viol_reduction   =                72.2%                    90.6%
  mean_nn_dist     = 0.045358  ->  0.052767              0.053114
  displacement     =                0.0054 (0.108x rd)   0.0057 (0.113x rd)
  correction_eff   =                0.0064 (79.2% ceil)         0.0064 (78.2% ceil)
2026-05-28 13:41:59 +00:50:45 -00:07:22 [INFO] iter=  8700  0.341s/iter  lr=1.31e-04  loss=0.000075
                                  K=1 (deploy)              K=3 (train)
  mean_violation   = 0.000036  ->  0.000002              0.000000
  illegal_pairs    = 0.34%      ->  0.09%                 0.03%
  viol_per_cloud   = 103.50       ->  27.75                  9.25
  viol_reduction   =                73.2%                    91.1%
  mean_nn_dist     = 0.045358  ->  0.052776              0.053137
  displacement     =                0.0054 (0.108x rd)   0.0057 (0.114x rd)
  correction_eff   =                0.0064 (78.9% ceil)         0.0063 (78.0% ceil)
2026-05-28 13:42:33 +00:51:19 -00:06:49 [INFO] iter=  8800  0.341s/iter  lr=1.21e-04  loss=0.000074
                                  K=1 (deploy)              K=3 (train)
  mean_violation   = 0.000036  ->  0.000001              0.000000
  illegal_pairs    = 0.34%      ->  0.09%                 0.03%
  viol_per_cloud   = 103.50       ->  27.00                  10.25
  viol_reduction   =                73.9%                    90.1%
  mean_nn_dist     = 0.045358  ->  0.052764              0.053104
  displacement     =                0.0054 (0.109x rd)   0.0057 (0.114x rd)
  correction_eff   =                0.0064 (78.9% ceil)         0.0063 (77.8% ceil)
2026-05-28 13:43:08 +00:51:53 -00:06:14 [INFO] iter=  8900  0.341s/iter  lr=1.11e-04  loss=0.000079
                                  K=1 (deploy)              K=3 (train)
  mean_violation   = 0.000036  ->  0.000002              0.000000
  illegal_pairs    = 0.34%      ->  0.10%                 0.03%
  viol_per_cloud   = 103.50       ->  30.00                  10.25
  viol_reduction   =                71.0%                    90.1%
  mean_nn_dist     = 0.045358  ->  0.052766              0.053104
  displacement     =                0.0054 (0.109x rd)   0.0057 (0.115x rd)
  correction_eff   =                0.0064 (78.9% ceil)         0.0063 (77.4% ceil)
2026-05-28 13:43:42 +00:52:28 -00:05:40 [INFO] iter=  9000  0.341s/iter  lr=1.01e-04  loss=0.000075
                                  K=1 (deploy)              K=3 (train)
  mean_violation   = 0.000036  ->  0.000001              0.000000
  illegal_pairs    = 0.34%      ->  0.10%                 0.03%
  viol_per_cloud   = 103.50       ->  29.25                  9.25
  viol_reduction   =                71.7%                    91.1%
  mean_nn_dist     = 0.045358  ->  0.052781              0.053131
  displacement     =                0.0055 (0.109x rd)   0.0057 (0.114x rd)
  correction_eff   =                0.0064 (78.5% ceil)         0.0063 (77.7% ceil)
2026-05-28 13:44:20 +00:53:06 -00:05:43 [INFO] iter=  9100  0.381s/iter  lr=9.09e-05  loss=0.000073
                                  K=1 (deploy)              K=3 (train)
  mean_violation   = 0.000036  ->  0.000002              0.000000
  illegal_pairs    = 0.34%      ->  0.10%                 0.03%
  viol_per_cloud   = 103.50       ->  30.75                  10.00
  viol_reduction   =                70.3%                    90.3%
  mean_nn_dist     = 0.045358  ->  0.052766              0.053118
  displacement     =                0.0054 (0.109x rd)   0.0057 (0.114x rd)
  correction_eff   =                0.0064 (78.8% ceil)         0.0063 (77.6% ceil)
2026-05-28 13:44:54 +00:53:40 -00:04:33 [INFO] iter=  9200  0.342s/iter  lr=8.09e-05  loss=0.000074
                                  K=1 (deploy)              K=3 (train)
  mean_violation   = 0.000036  ->  0.000001              0.000000
  illegal_pairs    = 0.34%      ->  0.10%                 0.03%
  viol_per_cloud   = 103.50       ->  30.00                  9.75
  viol_reduction   =                71.0%                    90.6%
  mean_nn_dist     = 0.045358  ->  0.052742              0.053105
  displacement     =                0.0054 (0.108x rd)   0.0057 (0.114x rd)
  correction_eff   =                0.0064 (79.1% ceil)         0.0064 (78.1% ceil)
2026-05-28 13:45:28 +00:54:14 -00:03:59 [INFO] iter=  9300  0.342s/iter  lr=7.09e-05  loss=0.000074
                                  K=1 (deploy)              K=3 (train)
  mean_violation   = 0.000036  ->  0.000001              0.000000
  illegal_pairs    = 0.34%      ->  0.09%                 0.03%
  viol_per_cloud   = 103.50       ->  28.75                  8.50
  viol_reduction   =                72.2%                    91.8%
  mean_nn_dist     = 0.045358  ->  0.052750              0.053112
  displacement     =                0.0054 (0.109x rd)   0.0057 (0.114x rd)
  correction_eff   =                0.0064 (78.9% ceil)         0.0064 (78.1% ceil)
2026-05-28 13:46:02 +00:54:48 -00:03:25 [INFO] iter=  9400  0.343s/iter  lr=6.09e-05  loss=0.000073
                                  K=1 (deploy)              K=3 (train)
  mean_violation   = 0.000036  ->  0.000001              0.000000
  illegal_pairs    = 0.34%      ->  0.10%                 0.03%
  viol_per_cloud   = 103.50       ->  29.75                  10.00
  viol_reduction   =                71.3%                    90.3%
  mean_nn_dist     = 0.045358  ->  0.052745              0.053090
  displacement     =                0.0054 (0.108x rd)   0.0057 (0.114x rd)
  correction_eff   =                0.0064 (79.1% ceil)         0.0063 (78.1% ceil)
2026-05-28 13:46:37 +00:55:23 -00:02:54 [INFO] iter=  9500  0.349s/iter  lr=5.09e-05  loss=0.000074
                                  K=1 (deploy)              K=3 (train)
  mean_violation   = 0.000036  ->  0.000001              0.000000
  illegal_pairs    = 0.34%      ->  0.09%                 0.03%
  viol_per_cloud   = 103.50       ->  27.25                  10.50
  viol_reduction   =                73.7%                    89.9%
  mean_nn_dist     = 0.045358  ->  0.052756              0.053087
  displacement     =                0.0054 (0.109x rd)   0.0057 (0.114x rd)
  correction_eff   =                0.0064 (79.0% ceil)         0.0063 (78.0% ceil)
2026-05-28 13:47:16 +00:56:02 -00:02:32 [INFO] iter=  9600  0.382s/iter  lr=4.10e-05  loss=0.000074
                                  K=1 (deploy)              K=3 (train)
  mean_violation   = 0.000036  ->  0.000001              0.000000
  illegal_pairs    = 0.34%      ->  0.09%                 0.03%
  viol_per_cloud   = 103.50       ->  26.75                  10.00
  viol_reduction   =                74.2%                    90.3%
  mean_nn_dist     = 0.045358  ->  0.052749              0.053087
  displacement     =                0.0054 (0.109x rd)   0.0057 (0.114x rd)
  correction_eff   =                0.0064 (79.0% ceil)         0.0063 (78.0% ceil)
2026-05-28 13:47:50 +00:56:35 -00:01:41 [INFO] iter=  9700  0.339s/iter  lr=3.10e-05  loss=0.000073
                                  K=1 (deploy)              K=3 (train)
  mean_violation   = 0.000036  ->  0.000001              0.000000
  illegal_pairs    = 0.34%      ->  0.09%                 0.03%
  viol_per_cloud   = 103.50       ->  27.75                  9.00
  viol_reduction   =                73.2%                    91.3%
  mean_nn_dist     = 0.045358  ->  0.052749              0.053067
  displacement     =                0.0054 (0.109x rd)   0.0057 (0.114x rd)
  correction_eff   =                0.0064 (79.0% ceil)         0.0063 (78.0% ceil)
2026-05-28 13:48:24 +00:57:09 -00:01:08 [INFO] iter=  9800  0.340s/iter  lr=2.10e-05  loss=0.000073
                                  K=1 (deploy)              K=3 (train)
  mean_violation   = 0.000036  ->  0.000001              0.000000
  illegal_pairs    = 0.34%      ->  0.09%                 0.03%
  viol_per_cloud   = 103.50       ->  26.75                  10.00
  viol_reduction   =                74.2%                    90.3%
  mean_nn_dist     = 0.045358  ->  0.052748              0.053072
  displacement     =                0.0054 (0.109x rd)   0.0057 (0.114x rd)
  correction_eff   =                0.0064 (79.0% ceil)         0.0063 (78.0% ceil)
2026-05-28 13:48:57 +00:57:43 -00:00:33 [INFO] iter=  9900  0.339s/iter  lr=1.10e-05  loss=0.000074
                                  K=1 (deploy)              K=3 (train)
  mean_violation   = 0.000036  ->  0.000001              0.000000
  illegal_pairs    = 0.34%      ->  0.09%                 0.03%
  viol_per_cloud   = 103.50       ->  27.75                  10.25
  viol_reduction   =                73.2%                    90.1%
  mean_nn_dist     = 0.045358  ->  0.052747              0.053078
  displacement     =                0.0054 (0.109x rd)   0.0057 (0.114x rd)
  correction_eff   =                0.0064 (79.0% ceil)         0.0063 (78.0% ceil)
2026-05-28 13:49:31 +00:58:17 -00:00:00 [INFO] iter= 10000  0.339s/iter  lr=1.00e-06  loss=0.000074
                                  K=1 (deploy)              K=3 (train)
  mean_violation   = 0.000036  ->  0.000001              0.000000
  illegal_pairs    = 0.34%      ->  0.09%                 0.03%
  viol_per_cloud   = 103.50       ->  26.88                  9.75
  viol_reduction   =                74.0%                    90.6%
  mean_nn_dist     = 0.045358  ->  0.052741              0.053077
  displacement     =                0.0054 (0.109x rd)   0.0057 (0.114x rd)
  correction_eff   =                0.0064 (79.1% ceil)         0.0063 (77.9% ceil)
2026-05-28 13:49:35 +00:58:21 -00:00:00 [INFO] Training complete. Model saved to training_artifacts\train_run_2026-05-28_12-51-14\model_final.pt
2026-05-28 13:49:36 +00:58:22 -00:00:00 [INFO] Evolution GIF saved to training_artifacts\train_run_2026-05-28_12-51-14\evolution.gif
