2026-05-26 20:48:12 +00:00:00 --:--:-- [INFO] Run directory: training_artifacts\train_run_2026-05-26_20-48-12
2026-05-26 20:48:12 +00:00:00 --:--:-- [INFO] Configs copied to run directory
2026-05-26 20:48:12 +00:00:00 --:--:-- [INFO] Using device: cuda
2026-05-26 20:48:12 +00:00:00 --:--:-- [INFO] Packed dataset: packedness=0.5, N_target=231, rd=0.05
2026-05-26 20:48:12 +00:00:00 --:--:-- [INFO] Generating validation set (64 clouds)...
2026-05-26 20:48:15 +00:00:03 --:--:-- [INFO] Validation set saved
2026-05-26 20:48:15 +00:00:03 --:--:-- [INFO] Model built: 51,458 parameters
2026-05-26 20:48:16 +00:00:03 --:--:-- [INFO] Starting training for 10000 iterations
2026-05-26 20:49:02 +00:00:49 -01:15:45 [INFO] iter=   100  0.459s/iter  lr=9.90e-04  loss=0.001795
                                  K=1 (deploy)              K=3 (train)
  mean_violation   = 0.000026  ->  0.000008              0.000002
  illegal_pairs    = 0.25%      ->  0.14%                 0.06%
  viol_per_cloud   = 67.50       ->  37.12                  14.62
  viol_reduction   =                45.0%                    78.3%
  mean_nn_dist     = 0.049172  ->  0.053181              0.054660
  displacement     =                0.0577 (1.155x rd)   0.1761 (3.521x rd)
  correction_eff   =                0.0003 (3.5% ceil)         0.0001 (1.6% ceil)
2026-05-26 20:49:48 +00:01:35 -01:14:14 [INFO] iter=   200  0.455s/iter  lr=9.80e-04  loss=0.000811
                                  K=1 (deploy)              K=3 (train)
  mean_violation   = 0.000026  ->  0.000011              0.000004
  illegal_pairs    = 0.25%      ->  0.17%                 0.08%
  viol_per_cloud   = 67.50       ->  46.25                  20.88
  viol_reduction   =                31.5%                    69.1%
  mean_nn_dist     = 0.049172  ->  0.052734              0.054840
  displacement     =                0.0135 (0.270x rd)   0.0406 (0.812x rd)
  correction_eff   =                0.0011 (12.3% ceil)         0.0005 (6.1% ceil)
2026-05-26 20:50:32 +00:02:20 -01:12:35 [INFO] iter=   300  0.449s/iter  lr=9.70e-04  loss=0.000278
                                  K=1 (deploy)              K=3 (train)
  mean_violation   = 0.000026  ->  0.000006              0.000001
  illegal_pairs    = 0.25%      ->  0.13%                 0.06%
  viol_per_cloud   = 67.50       ->  35.25                  15.88
  viol_reduction   =                47.8%                    76.5%
  mean_nn_dist     = 0.049172  ->  0.053178              0.054215
  displacement     =                0.0032 (0.065x rd)   0.0043 (0.086x rd)
  correction_eff   =                0.0060 (69.0% ceil)         0.0056 (64.9% ceil)
2026-05-26 20:51:16 +00:03:04 -01:10:14 [INFO] iter=   400  0.439s/iter  lr=9.60e-04  loss=0.000383
                                  K=1 (deploy)              K=3 (train)
  mean_violation   = 0.000026  ->  0.000009              0.000002
  illegal_pairs    = 0.25%      ->  0.17%                 0.06%
  viol_per_cloud   = 67.50       ->  43.88                  16.62
  viol_reduction   =                35.0%                    75.4%
  mean_nn_dist     = 0.049172  ->  0.052808              0.054523
  displacement     =                0.0027 (0.054x rd)   0.0045 (0.091x rd)
  correction_eff   =                0.0060 (69.1% ceil)         0.0053 (60.7% ceil)
2026-05-26 20:52:00 +00:03:48 -01:09:34 [INFO] iter=   500  0.439s/iter  lr=9.50e-04  loss=0.000252
                                  K=1 (deploy)              K=3 (train)
  mean_violation   = 0.000026  ->  0.000006              0.000001
  illegal_pairs    = 0.25%      ->  0.12%                 0.05%
  viol_per_cloud   = 67.50       ->  31.00                  13.62
  viol_reduction   =                54.1%                    79.8%
  mean_nn_dist     = 0.049172  ->  0.053363              0.054405
  displacement     =                0.0037 (0.075x rd)   0.0051 (0.102x rd)
  correction_eff   =                0.0053 (60.9% ceil)         0.0048 (55.2% ceil)
2026-05-26 20:52:48 +00:04:36 -01:15:22 [INFO] iter=   600  0.481s/iter  lr=9.40e-04  loss=0.000229
                                  K=1 (deploy)              K=3 (train)
  mean_violation   = 0.000026  ->  0.000006              0.000001
  illegal_pairs    = 0.25%      ->  0.12%                 0.05%
  viol_per_cloud   = 67.50       ->  32.12                  12.50
  viol_reduction   =                52.4%                    81.5%
  mean_nn_dist     = 0.049172  ->  0.053439              0.054514
  displacement     =                0.0033 (0.066x rd)   0.0040 (0.081x rd)
  correction_eff   =                0.0059 (68.3% ceil)         0.0060 (69.5% ceil)
2026-05-26 20:53:32 +00:05:20 -01:07:59 [INFO] iter=   700  0.439s/iter  lr=9.30e-04  loss=0.000213
                                  K=1 (deploy)              K=3 (train)
  mean_violation   = 0.000026  ->  0.000005              0.000001
  illegal_pairs    = 0.25%      ->  0.12%                 0.05%
  viol_per_cloud   = 67.50       ->  32.25                  12.88
  viol_reduction   =                52.2%                    80.9%
  mean_nn_dist     = 0.049172  ->  0.053442              0.054395
  displacement     =                0.0033 (0.066x rd)   0.0042 (0.084x rd)
  correction_eff   =                0.0062 (71.7% ceil)         0.0059 (67.4% ceil)
2026-05-26 20:54:15 +00:06:03 -01:06:12 [INFO] iter=   800  0.432s/iter  lr=9.20e-04  loss=0.000200
                                  K=1 (deploy)              K=3 (train)
  mean_violation   = 0.000026  ->  0.000005              0.000001
  illegal_pairs    = 0.25%      ->  0.12%                 0.05%
  viol_per_cloud   = 67.50       ->  31.50                  13.12
  viol_reduction   =                53.3%                    80.6%
  mean_nn_dist     = 0.049172  ->  0.053470              0.054425
  displacement     =                0.0031 (0.062x rd)   0.0037 (0.074x rd)
  correction_eff   =                0.0066 (76.3% ceil)         0.0067 (77.3% ceil)
2026-05-26 20:54:58 +00:06:46 -01:05:08 [INFO] iter=   900  0.430s/iter  lr=9.10e-04  loss=0.000181
                                  K=1 (deploy)              K=3 (train)
  mean_violation   = 0.000026  ->  0.000005              0.000001
  illegal_pairs    = 0.25%      ->  0.12%                 0.05%
  viol_per_cloud   = 67.50       ->  30.62                  12.88
  viol_reduction   =                54.6%                    80.9%
  mean_nn_dist     = 0.049172  ->  0.053437              0.054287
  displacement     =                0.0031 (0.062x rd)   0.0037 (0.074x rd)
  correction_eff   =                0.0067 (76.9% ceil)         0.0067 (76.9% ceil)
2026-05-26 20:55:42 +00:07:30 -01:06:01 [INFO] iter=  1000  0.440s/iter  lr=9.00e-04  loss=0.000198
                                  K=1 (deploy)              K=3 (train)
  mean_violation   = 0.000026  ->  0.000005              0.000001
  illegal_pairs    = 0.25%      ->  0.14%                 0.06%
  viol_per_cloud   = 67.50       ->  36.62                  15.88
  viol_reduction   =                45.7%                    76.5%
  mean_nn_dist     = 0.049172  ->  0.053285              0.054212
  displacement     =                0.0030 (0.059x rd)   0.0036 (0.073x rd)
  correction_eff   =                0.0069 (79.5% ceil)         0.0068 (78.1% ceil)
2026-05-26 20:56:30 +00:08:17 -01:09:58 [INFO] iter=  1100  0.472s/iter  lr=8.90e-04  loss=0.000181
                                  K=1 (deploy)              K=3 (train)
  mean_violation   = 0.000026  ->  0.000004              0.000001
  illegal_pairs    = 0.25%      ->  0.11%                 0.04%
  viol_per_cloud   = 67.50       ->  28.00                  11.25
  viol_reduction   =                58.5%                    83.3%
  mean_nn_dist     = 0.049172  ->  0.053574              0.054403
  displacement     =                0.0033 (0.066x rd)   0.0040 (0.079x rd)
  correction_eff   =                0.0064 (73.5% ceil)         0.0062 (71.9% ceil)
2026-05-26 20:57:13 +00:09:00 -01:03:19 [INFO] iter=  1200  0.432s/iter  lr=8.80e-04  loss=0.000177
                                  K=1 (deploy)              K=3 (train)
  mean_violation   = 0.000026  ->  0.000005              0.000001
  illegal_pairs    = 0.25%      ->  0.11%                 0.05%
  viol_per_cloud   = 67.50       ->  29.25                  14.25
  viol_reduction   =                56.7%                    78.9%
  mean_nn_dist     = 0.049172  ->  0.053362              0.054152
  displacement     =                0.0030 (0.060x rd)   0.0035 (0.069x rd)
  correction_eff   =                0.0071 (81.3% ceil)         0.0071 (82.2% ceil)
2026-05-26 20:57:56 +00:09:43 -01:02:34 [INFO] iter=  1300  0.432s/iter  lr=8.70e-04  loss=0.000188
                                  K=1 (deploy)              K=3 (train)
  mean_violation   = 0.000026  ->  0.000004              0.000001
  illegal_pairs    = 0.25%      ->  0.10%                 0.04%
  viol_per_cloud   = 67.50       ->  27.88                  10.50
  viol_reduction   =                58.7%                    84.4%
  mean_nn_dist     = 0.049172  ->  0.053593              0.054430
  displacement     =                0.0031 (0.063x rd)   0.0036 (0.072x rd)
  correction_eff   =                0.0068 (77.7% ceil)         0.0069 (79.2% ceil)
2026-05-26 20:58:39 +00:10:27 -01:02:25 [INFO] iter=  1400  0.435s/iter  lr=8.60e-04  loss=0.000258
                                  K=1 (deploy)              K=3 (train)
  mean_violation   = 0.000026  ->  0.000005              0.000001
  illegal_pairs    = 0.25%      ->  0.11%                 0.04%
  viol_per_cloud   = 67.50       ->  28.00                  10.12
  viol_reduction   =                58.5%                    85.0%
  mean_nn_dist     = 0.049172  ->  0.053678              0.054625
  displacement     =                0.0036 (0.071x rd)   0.0045 (0.089x rd)
  correction_eff   =                0.0059 (67.5% ceil)         0.0055 (63.5% ceil)
2026-05-26 20:59:23 +00:11:10 -01:01:33 [INFO] iter=  1500  0.434s/iter  lr=8.50e-04  loss=0.000188
                                  K=1 (deploy)              K=3 (train)
  mean_violation   = 0.000026  ->  0.000005              0.000001
  illegal_pairs    = 0.25%      ->  0.10%                 0.03%
  viol_per_cloud   = 67.50       ->  26.75                  8.50
  viol_reduction   =                60.4%                    87.4%
  mean_nn_dist     = 0.049172  ->  0.053692              0.054571
  displacement     =                0.0033 (0.067x rd)   0.0039 (0.077x rd)
  correction_eff   =                0.0063 (72.3% ceil)         0.0064 (73.7% ceil)
2026-05-26 21:00:10 +00:11:57 -01:05:54 [INFO] iter=  1600  0.471s/iter  lr=8.40e-04  loss=0.000187
                                  K=1 (deploy)              K=3 (train)
  mean_violation   = 0.000026  ->  0.000005              0.000001
  illegal_pairs    = 0.25%      ->  0.10%                 0.04%
  viol_per_cloud   = 67.50       ->  27.75                  11.75
  viol_reduction   =                58.9%                    82.6%
  mean_nn_dist     = 0.049172  ->  0.053428              0.054196
  displacement     =                0.0031 (0.063x rd)   0.0038 (0.077x rd)
  correction_eff   =                0.0067 (77.4% ceil)         0.0064 (74.0% ceil)
2026-05-26 21:00:53 +00:12:40 -00:59:45 [INFO] iter=  1700  0.432s/iter  lr=8.30e-04  loss=0.000182
                                  K=1 (deploy)              K=3 (train)
  mean_violation   = 0.000026  ->  0.000005              0.000001
  illegal_pairs    = 0.25%      ->  0.14%                 0.06%
  viol_per_cloud   = 67.50       ->  37.25                  16.75
  viol_reduction   =                44.8%                    75.2%
  mean_nn_dist     = 0.049172  ->  0.053127              0.053968
  displacement     =                0.0027 (0.055x rd)   0.0033 (0.065x rd)
  correction_eff   =                0.0076 (87.2% ceil)         0.0075 (86.3% ceil)
2026-05-26 21:01:36 +00:13:24 -00:59:10 [INFO] iter=  1800  0.433s/iter  lr=8.20e-04  loss=0.000180
                                  K=1 (deploy)              K=3 (train)
  mean_violation   = 0.000026  ->  0.000005              0.000001
  illegal_pairs    = 0.25%      ->  0.14%                 0.07%
  viol_per_cloud   = 67.50       ->  38.12                  17.75
  viol_reduction   =                43.5%                    73.7%
  mean_nn_dist     = 0.049172  ->  0.053141              0.053934
  displacement     =                0.0027 (0.055x rd)   0.0032 (0.065x rd)
  correction_eff   =                0.0076 (87.5% ceil)         0.0076 (86.8% ceil)
2026-05-26 21:02:20 +00:14:07 -00:58:23 [INFO] iter=  1900  0.433s/iter  lr=8.10e-04  loss=0.000186
                                  K=1 (deploy)              K=3 (train)
  mean_violation   = 0.000026  ->  0.000005              0.000001
  illegal_pairs    = 0.25%      ->  0.10%                 0.04%
  viol_per_cloud   = 67.50       ->  26.25                  10.38
  viol_reduction   =                61.1%                    84.6%
  mean_nn_dist     = 0.049172  ->  0.053529              0.054368
  displacement     =                0.0031 (0.062x rd)   0.0036 (0.072x rd)
  correction_eff   =                0.0068 (77.7% ceil)         0.0068 (78.7% ceil)
2026-05-26 21:03:04 +00:14:52 -00:59:29 [INFO] iter=  2000  0.446s/iter  lr=8.00e-04  loss=0.000187
                                  K=1 (deploy)              K=3 (train)
  mean_violation   = 0.000026  ->  0.000005              0.000001
  illegal_pairs    = 0.25%      ->  0.15%                 0.07%
  viol_per_cloud   = 67.50       ->  40.00                  19.00
  viol_reduction   =                40.7%                    71.9%
  mean_nn_dist     = 0.049172  ->  0.053105              0.053951
  displacement     =                0.0027 (0.054x rd)   0.0033 (0.065x rd)
  correction_eff   =                0.0075 (86.7% ceil)         0.0075 (86.3% ceil)
2026-05-26 21:03:52 +00:15:39 -01:02:14 [INFO] iter=  2100  0.473s/iter  lr=7.90e-04  loss=0.000185
                                  K=1 (deploy)              K=3 (train)
  mean_violation   = 0.000026  ->  0.000005              0.000001
  illegal_pairs    = 0.25%      ->  0.10%                 0.03%
  viol_per_cloud   = 67.50       ->  27.25                  9.12
  viol_reduction   =                59.6%                    86.5%
  mean_nn_dist     = 0.049172  ->  0.053736              0.054695
  displacement     =                0.0034 (0.068x rd)   0.0040 (0.081x rd)
  correction_eff   =                0.0061 (70.2% ceil)         0.0061 (70.5% ceil)
2026-05-26 21:04:35 +00:16:22 -00:56:19 [INFO] iter=  2200  0.433s/iter  lr=7.80e-04  loss=0.000182
                                  K=1 (deploy)              K=3 (train)
  mean_violation   = 0.000026  ->  0.000005              0.000001
  illegal_pairs    = 0.25%      ->  0.15%                 0.06%
  viol_per_cloud   = 67.50       ->  39.00                  17.25
  viol_reduction   =                42.2%                    74.4%
  mean_nn_dist     = 0.049172  ->  0.053085              0.053916
  displacement     =                0.0026 (0.053x rd)   0.0032 (0.064x rd)
  correction_eff   =                0.0078 (89.8% ceil)         0.0077 (88.6% ceil)
2026-05-26 21:05:19 +00:17:06 -00:56:01 [INFO] iter=  2300  0.436s/iter  lr=7.70e-04  loss=0.000186
                                  K=1 (deploy)              K=3 (train)
  mean_violation   = 0.000026  ->  0.000006              0.000001
  illegal_pairs    = 0.25%      ->  0.21%                 0.08%
  viol_per_cloud   = 67.50       ->  56.38                  21.12
  viol_reduction   =                16.5%                    68.7%
  mean_nn_dist     = 0.049172  ->  0.052777              0.053818
  displacement     =                0.0023 (0.047x rd)   0.0030 (0.060x rd)
  correction_eff   =                0.0082 (94.4% ceil)         0.0080 (91.9% ceil)
2026-05-26 21:06:03 +00:17:50 -00:56:00 [INFO] iter=  2400  0.442s/iter  lr=7.60e-04  loss=0.000179
                                  K=1 (deploy)              K=3 (train)
  mean_violation   = 0.000026  ->  0.000005              0.000001
  illegal_pairs    = 0.25%      ->  0.19%                 0.08%
  viol_per_cloud   = 67.50       ->  51.50                  21.88
  viol_reduction   =                23.7%                    67.6%
  mean_nn_dist     = 0.049172  ->  0.052942              0.053793
  displacement     =                0.0025 (0.050x rd)   0.0031 (0.061x rd)
  correction_eff   =                0.0081 (92.7% ceil)         0.0079 (91.2% ceil)
2026-05-26 21:06:47 +00:18:34 -00:54:40 [INFO] iter=  2500  0.437s/iter  lr=7.50e-04  loss=0.000181
                                  K=1 (deploy)              K=3 (train)
  mean_violation   = 0.000026  ->  0.000005              0.000001
  illegal_pairs    = 0.25%      ->  0.12%                 0.06%
  viol_per_cloud   = 67.50       ->  31.38                  14.62
  viol_reduction   =                53.5%                    78.3%
  mean_nn_dist     = 0.049172  ->  0.053214              0.053985
  displacement     =                0.0028 (0.055x rd)   0.0032 (0.064x rd)
  correction_eff   =                0.0076 (87.2% ceil)         0.0077 (88.5% ceil)
2026-05-26 21:07:33 +00:19:20 -00:57:21 [INFO] iter=  2600  0.465s/iter  lr=7.40e-04  loss=0.000183
                                  K=1 (deploy)              K=3 (train)
  mean_violation   = 0.000026  ->  0.000005              0.000001
  illegal_pairs    = 0.25%      ->  0.12%                 0.05%
  viol_per_cloud   = 67.50       ->  31.75                  12.88
  viol_reduction   =                53.0%                    80.9%
  mean_nn_dist     = 0.049172  ->  0.053350              0.054225
  displacement     =                0.0029 (0.057x rd)   0.0034 (0.068x rd)
  correction_eff   =                0.0073 (83.5% ceil)         0.0072 (83.3% ceil)
2026-05-26 21:08:16 +00:20:03 -00:52:06 [INFO] iter=  2700  0.428s/iter  lr=7.30e-04  loss=0.000179
                                  K=1 (deploy)              K=3 (train)
  mean_violation   = 0.000026  ->  0.000005              0.000001
  illegal_pairs    = 0.25%      ->  0.11%                 0.05%
  viol_per_cloud   = 67.50       ->  28.88                  14.25
  viol_reduction   =                57.2%                    78.9%
  mean_nn_dist     = 0.049172  ->  0.053241              0.054003
  displacement     =                0.0028 (0.056x rd)   0.0033 (0.065x rd)
  correction_eff   =                0.0075 (85.7% ceil)         0.0076 (87.2% ceil)
2026-05-26 21:08:59 +00:20:46 -00:51:37 [INFO] iter=  2800  0.430s/iter  lr=7.20e-04  loss=0.000185
                                  K=1 (deploy)              K=3 (train)
  mean_violation   = 0.000026  ->  0.000005              0.000001
  illegal_pairs    = 0.25%      ->  0.10%                 0.05%
  viol_per_cloud   = 67.50       ->  27.75                  13.12
  viol_reduction   =                58.9%                    80.6%
  mean_nn_dist     = 0.049172  ->  0.053354              0.054140
  displacement     =                0.0029 (0.058x rd)   0.0034 (0.068x rd)
  correction_eff   =                0.0072 (82.8% ceil)         0.0073 (83.5% ceil)
2026-05-26 21:09:42 +00:21:29 -00:50:50 [INFO] iter=  2900  0.430s/iter  lr=7.10e-04  loss=0.000178
                                  K=1 (deploy)              K=3 (train)
  mean_violation   = 0.000026  ->  0.000005              0.000001
  illegal_pairs    = 0.25%      ->  0.11%                 0.06%
  viol_per_cloud   = 67.50       ->  29.12                  14.62
  viol_reduction   =                56.9%                    78.3%
  mean_nn_dist     = 0.049172  ->  0.053236              0.053998
  displacement     =                0.0028 (0.056x rd)   0.0032 (0.065x rd)
  correction_eff   =                0.0075 (86.1% ceil)         0.0076 (87.8% ceil)
2026-05-26 21:10:25 +00:22:12 -00:50:11 [INFO] iter=  3000  0.430s/iter  lr=7.00e-04  loss=0.000177
                                  K=1 (deploy)              K=3 (train)
  mean_violation   = 0.000026  ->  0.000005              0.000001
  illegal_pairs    = 0.25%      ->  0.11%                 0.06%
  viol_per_cloud   = 67.50       ->  28.75                  14.62
  viol_reduction   =                57.4%                    78.3%
  mean_nn_dist     = 0.049172  ->  0.053222              0.053980
  displacement     =                0.0028 (0.056x rd)   0.0032 (0.065x rd)
  correction_eff   =                0.0075 (86.1% ceil)         0.0076 (87.7% ceil)
2026-05-26 21:11:12 +00:22:59 -00:54:00 [INFO] iter=  3100  0.470s/iter  lr=6.90e-04  loss=0.000179
                                  K=1 (deploy)              K=3 (train)
  mean_violation   = 0.000026  ->  0.000005              0.000001
  illegal_pairs    = 0.25%      ->  0.10%                 0.05%
  viol_per_cloud   = 67.50       ->  26.88                  13.25
  viol_reduction   =                60.2%                    80.4%
  mean_nn_dist     = 0.049172  ->  0.053282              0.054041
  displacement     =                0.0029 (0.057x rd)   0.0033 (0.066x rd)
  correction_eff   =                0.0074 (84.5% ceil)         0.0075 (86.4% ceil)
2026-05-26 21:11:55 +00:23:42 -00:48:59 [INFO] iter=  3200  0.432s/iter  lr=6.80e-04  loss=0.000178
                                  K=1 (deploy)              K=3 (train)
  mean_violation   = 0.000026  ->  0.000005              0.000001
  illegal_pairs    = 0.25%      ->  0.17%                 0.08%
  viol_per_cloud   = 67.50       ->  45.25                  21.25
  viol_reduction   =                33.0%                    68.5%
  mean_nn_dist     = 0.049172  ->  0.052978              0.053827
  displacement     =                0.0026 (0.052x rd)   0.0031 (0.062x rd)
  correction_eff   =                0.0079 (91.2% ceil)         0.0079 (90.6% ceil)
2026-05-26 21:12:38 +00:24:26 -00:48:26 [INFO] iter=  3300  0.434s/iter  lr=6.70e-04  loss=0.000176
                                  K=1 (deploy)              K=3 (train)
  mean_violation   = 0.000026  ->  0.000005              0.000001
  illegal_pairs    = 0.25%      ->  0.10%                 0.05%
  viol_per_cloud   = 67.50       ->  27.12                  12.88
  viol_reduction   =                59.8%                    80.9%
  mean_nn_dist     = 0.049172  ->  0.053372              0.054161
  displacement     =                0.0029 (0.059x rd)   0.0034 (0.068x rd)
  correction_eff   =                0.0072 (82.4% ceil)         0.0073 (83.9% ceil)
2026-05-26 21:13:22 +00:25:09 -00:47:42 [INFO] iter=  3400  0.434s/iter  lr=6.60e-04  loss=0.000179
                                  K=1 (deploy)              K=3 (train)
  mean_violation   = 0.000026  ->  0.000005              0.000001
  illegal_pairs    = 0.25%      ->  0.10%                 0.05%
  viol_per_cloud   = 67.50       ->  27.25                  14.00
  viol_reduction   =                59.6%                    79.3%
  mean_nn_dist     = 0.049172  ->  0.053273              0.054033
  displacement     =                0.0029 (0.057x rd)   0.0033 (0.066x rd)
  correction_eff   =                0.0074 (84.7% ceil)         0.0075 (86.6% ceil)
2026-05-26 21:14:05 +00:25:52 -00:46:48 [INFO] iter=  3500  0.432s/iter  lr=6.50e-04  loss=0.000176
                                  K=1 (deploy)              K=3 (train)
  mean_violation   = 0.000026  ->  0.000005              0.000001
  illegal_pairs    = 0.25%      ->  0.12%                 0.06%
  viol_per_cloud   = 67.50       ->  31.50                  15.12
  viol_reduction   =                53.3%                    77.6%
  mean_nn_dist     = 0.049172  ->  0.053173              0.053933
  displacement     =                0.0028 (0.056x rd)   0.0033 (0.065x rd)
  correction_eff   =                0.0075 (86.7% ceil)         0.0075 (86.8% ceil)
2026-05-26 21:14:52 +00:26:40 -00:50:28 [INFO] iter=  3600  0.473s/iter  lr=6.40e-04  loss=0.000190
                                  K=1 (deploy)              K=3 (train)
  mean_violation   = 0.000026  ->  0.000005              0.000001
  illegal_pairs    = 0.25%      ->  0.10%                 0.03%
  viol_per_cloud   = 67.50       ->  27.50                  9.12
  viol_reduction   =                59.3%                    86.5%
  mean_nn_dist     = 0.049172  ->  0.053864              0.054908
  displacement     =                0.0036 (0.072x rd)   0.0043 (0.085x rd)
  correction_eff   =                0.0058 (66.7% ceil)         0.0058 (66.5% ceil)
2026-05-26 21:15:36 +00:27:23 -00:45:48 [INFO] iter=  3700  0.436s/iter  lr=6.30e-04  loss=0.000177
                                  K=1 (deploy)              K=3 (train)
  mean_violation   = 0.000026  ->  0.000005              0.000001
  illegal_pairs    = 0.25%      ->  0.10%                 0.04%
  viol_per_cloud   = 67.50       ->  26.12                  9.62
  viol_reduction   =                61.3%                    85.7%
  mean_nn_dist     = 0.049172  ->  0.053629              0.054509
  displacement     =                0.0032 (0.064x rd)   0.0037 (0.074x rd)
  correction_eff   =                0.0065 (74.9% ceil)         0.0067 (77.3% ceil)
2026-05-26 21:16:19 +00:28:07 -00:44:49 [INFO] iter=  3800  0.434s/iter  lr=6.20e-04  loss=0.000179
                                  K=1 (deploy)              K=3 (train)
  mean_violation   = 0.000026  ->  0.000005              0.000001
  illegal_pairs    = 0.25%      ->  0.11%                 0.06%
  viol_per_cloud   = 67.50       ->  29.62                  15.50
  viol_reduction   =                56.1%                    77.0%
  mean_nn_dist     = 0.049172  ->  0.053188              0.053952
  displacement     =                0.0028 (0.056x rd)   0.0032 (0.065x rd)
  correction_eff   =                0.0075 (86.6% ceil)         0.0076 (87.3% ceil)
2026-05-26 21:17:03 +00:28:50 -00:44:27 [INFO] iter=  3900  0.437s/iter  lr=6.10e-04  loss=0.000182
                                  K=1 (deploy)              K=3 (train)
  mean_violation   = 0.000026  ->  0.000005              0.000001
  illegal_pairs    = 0.25%      ->  0.10%                 0.05%
  viol_per_cloud   = 67.50       ->  27.50                  12.38
  viol_reduction   =                59.3%                    81.7%
  mean_nn_dist     = 0.049172  ->  0.053315              0.054083
  displacement     =                0.0029 (0.058x rd)   0.0034 (0.067x rd)
  correction_eff   =                0.0072 (83.0% ceil)         0.0073 (84.3% ceil)
2026-05-26 21:17:47 +00:29:34 -00:43:39 [INFO] iter=  4000  0.437s/iter  lr=6.00e-04  loss=0.000182
                                  K=1 (deploy)              K=3 (train)
  mean_violation   = 0.000026  ->  0.000005              0.000001
  illegal_pairs    = 0.25%      ->  0.10%                 0.05%
  viol_per_cloud   = 67.50       ->  27.75                  14.00
  viol_reduction   =                58.9%                    79.3%
  mean_nn_dist     = 0.049172  ->  0.053275              0.054037
  displacement     =                0.0029 (0.057x rd)   0.0033 (0.066x rd)
  correction_eff   =                0.0073 (84.1% ceil)         0.0074 (85.5% ceil)
2026-05-26 21:18:34 +00:30:21 -00:46:27 [INFO] iter=  4100  0.473s/iter  lr=5.90e-04  loss=0.000179
                                  K=1 (deploy)              K=3 (train)
  mean_violation   = 0.000026  ->  0.000005              0.000001
  illegal_pairs    = 0.25%      ->  0.10%                 0.05%
  viol_per_cloud   = 67.50       ->  27.50                  13.62
  viol_reduction   =                59.3%                    79.8%
  mean_nn_dist     = 0.049172  ->  0.053282              0.054044
  displacement     =                0.0029 (0.057x rd)   0.0033 (0.066x rd)
  correction_eff   =                0.0074 (84.7% ceil)         0.0075 (86.7% ceil)
2026-05-26 21:19:17 +00:31:05 -00:42:01 [INFO] iter=  4200  0.435s/iter  lr=5.80e-04  loss=0.000178
                                  K=1 (deploy)              K=3 (train)
  mean_violation   = 0.000026  ->  0.000005              0.000001
  illegal_pairs    = 0.25%      ->  0.11%                 0.06%
  viol_per_cloud   = 67.50       ->  29.38                  15.75
  viol_reduction   =                56.5%                    76.7%
  mean_nn_dist     = 0.049172  ->  0.053188              0.053940
  displacement     =                0.0028 (0.055x rd)   0.0032 (0.065x rd)
  correction_eff   =                0.0075 (86.8% ceil)         0.0076 (87.7% ceil)
2026-05-26 21:20:00 +00:31:48 -00:40:50 [INFO] iter=  4300  0.430s/iter  lr=5.70e-04  loss=0.000176
                                  K=1 (deploy)              K=3 (train)
  mean_violation   = 0.000026  ->  0.000005              0.000001
  illegal_pairs    = 0.25%      ->  0.12%                 0.06%
  viol_per_cloud   = 67.50       ->  30.62                  16.38
  viol_reduction   =                54.6%                    75.7%
  mean_nn_dist     = 0.049172  ->  0.053185              0.053945
  displacement     =                0.0028 (0.055x rd)   0.0032 (0.064x rd)
  correction_eff   =                0.0076 (87.1% ceil)         0.0077 (88.4% ceil)
2026-05-26 21:20:44 +00:32:31 -00:40:17 [INFO] iter=  4400  0.432s/iter  lr=5.60e-04  loss=0.000180
                                  K=1 (deploy)              K=3 (train)
  mean_violation   = 0.000026  ->  0.000005              0.000001
  illegal_pairs    = 0.25%      ->  0.11%                 0.06%
  viol_per_cloud   = 67.50       ->  29.50                  15.50
  viol_reduction   =                56.3%                    77.0%
  mean_nn_dist     = 0.049172  ->  0.053197              0.053958
  displacement     =                0.0028 (0.056x rd)   0.0032 (0.065x rd)
  correction_eff   =                0.0075 (86.6% ceil)         0.0076 (87.4% ceil)
2026-05-26 21:21:26 +00:33:14 -00:39:13 [INFO] iter=  4500  0.428s/iter  lr=5.50e-04  loss=0.000178
                                  K=1 (deploy)              K=3 (train)
  mean_violation   = 0.000026  ->  0.000005              0.000001
  illegal_pairs    = 0.25%      ->  0.12%                 0.06%
  viol_per_cloud   = 67.50       ->  31.50                  16.25
  viol_reduction   =                53.3%                    75.9%
  mean_nn_dist     = 0.049172  ->  0.053150              0.053913
  displacement     =                0.0027 (0.055x rd)   0.0032 (0.063x rd)
  correction_eff   =                0.0077 (88.1% ceil)         0.0078 (89.5% ceil)
2026-05-26 21:22:13 +00:34:01 -00:42:15 [INFO] iter=  4600  0.470s/iter  lr=5.40e-04  loss=0.000178
                                  K=1 (deploy)              K=3 (train)
  mean_violation   = 0.000026  ->  0.000005              0.000001
  illegal_pairs    = 0.25%      ->  0.10%                 0.05%
  viol_per_cloud   = 67.50       ->  27.25                  13.50
  viol_reduction   =                59.6%                    80.0%
  mean_nn_dist     = 0.049172  ->  0.053314              0.054078
  displacement     =                0.0029 (0.057x rd)   0.0033 (0.066x rd)
  correction_eff   =                0.0073 (84.2% ceil)         0.0075 (86.2% ceil)
2026-05-26 21:22:56 +00:34:43 -00:37:45 [INFO] iter=  4700  0.427s/iter  lr=5.30e-04  loss=0.000180
                                  K=1 (deploy)              K=3 (train)
  mean_violation   = 0.000026  ->  0.000005              0.000001
  illegal_pairs    = 0.25%      ->  0.10%                 0.05%
  viol_per_cloud   = 67.50       ->  27.00                  14.00
  viol_reduction   =                60.0%                    79.3%
  mean_nn_dist     = 0.049172  ->  0.053304              0.054067
  displacement     =                0.0029 (0.057x rd)   0.0033 (0.066x rd)
  correction_eff   =                0.0073 (84.4% ceil)         0.0075 (86.7% ceil)
2026-05-26 21:23:39 +00:35:26 -00:37:08 [INFO] iter=  4800  0.429s/iter  lr=5.20e-04  loss=0.000178
                                  K=1 (deploy)              K=3 (train)
  mean_violation   = 0.000026  ->  0.000005              0.000001
  illegal_pairs    = 0.25%      ->  0.11%                 0.06%
  viol_per_cloud   = 67.50       ->  30.00                  15.38
  viol_reduction   =                55.6%                    77.2%
  mean_nn_dist     = 0.049172  ->  0.053205              0.053966
  displacement     =                0.0028 (0.056x rd)   0.0032 (0.065x rd)
  correction_eff   =                0.0075 (86.6% ceil)         0.0076 (87.6% ceil)
2026-05-26 21:24:23 +00:36:10 -00:37:00 [INFO] iter=  4900  0.435s/iter  lr=5.10e-04  loss=0.000178
                                  K=1 (deploy)              K=3 (train)
  mean_violation   = 0.000026  ->  0.000005              0.000001
  illegal_pairs    = 0.25%      ->  0.10%                 0.05%
  viol_per_cloud   = 67.50       ->  27.62                  14.00
  viol_reduction   =                59.1%                    79.3%
  mean_nn_dist     = 0.049172  ->  0.053273              0.054037
  displacement     =                0.0028 (0.056x rd)   0.0032 (0.065x rd)
  correction_eff   =                0.0074 (85.6% ceil)         0.0076 (87.5% ceil)
2026-05-26 21:25:06 +00:36:53 -00:36:04 [INFO] iter=  5000  0.433s/iter  lr=5.00e-04  loss=0.000179
                                  K=1 (deploy)              K=3 (train)
  mean_violation   = 0.000026  ->  0.000005              0.000001
  illegal_pairs    = 0.25%      ->  0.11%                 0.06%
  viol_per_cloud   = 67.50       ->  29.38                  15.50
  viol_reduction   =                56.5%                    77.0%
  mean_nn_dist     = 0.049172  ->  0.053212              0.053960
  displacement     =                0.0028 (0.056x rd)   0.0032 (0.065x rd)
  correction_eff   =                0.0075 (86.5% ceil)         0.0076 (87.5% ceil)
2026-05-26 21:25:53 +00:37:41 -00:38:55 [INFO] iter=  5100  0.477s/iter  lr=4.91e-04  loss=0.000182
                                  K=1 (deploy)              K=3 (train)
  mean_violation   = 0.000026  ->  0.000005              0.000001
  illegal_pairs    = 0.25%      ->  0.10%                 0.05%
  viol_per_cloud   = 67.50       ->  27.62                  13.50
  viol_reduction   =                59.1%                    80.0%
  mean_nn_dist     = 0.049172  ->  0.053320              0.054086
  displacement     =                0.0029 (0.058x rd)   0.0033 (0.067x rd)
  correction_eff   =                0.0073 (83.5% ceil)         0.0074 (84.9% ceil)
2026-05-26 21:26:39 +00:38:26 -00:36:03 [INFO] iter=  5200  0.451s/iter  lr=4.81e-04  loss=0.000177
                                  K=1 (deploy)              K=3 (train)
  mean_violation   = 0.000026  ->  0.000005              0.000001
  illegal_pairs    = 0.25%      ->  0.10%                 0.05%
  viol_per_cloud   = 67.50       ->  27.25                  12.50
  viol_reduction   =                59.6%                    81.5%
  mean_nn_dist     = 0.049172  ->  0.053346              0.054125
  displacement     =                0.0029 (0.058x rd)   0.0033 (0.066x rd)
  correction_eff   =                0.0072 (83.1% ceil)         0.0074 (85.5% ceil)
2026-05-26 21:27:23 +00:39:10 -00:34:58 [INFO] iter=  5300  0.446s/iter  lr=4.71e-04  loss=0.000177
                                  K=1 (deploy)              K=3 (train)
  mean_violation   = 0.000026  ->  0.000005              0.000001
  illegal_pairs    = 0.25%      ->  0.13%                 0.06%
  viol_per_cloud   = 67.50       ->  33.25                  17.00
  viol_reduction   =                50.7%                    74.8%
  mean_nn_dist     = 0.049172  ->  0.053142              0.053903
  displacement     =                0.0027 (0.054x rd)   0.0032 (0.064x rd)
  correction_eff   =                0.0077 (88.3% ceil)         0.0077 (88.9% ceil)
2026-05-26 21:28:08 +00:39:55 -00:34:23 [INFO] iter=  5400  0.449s/iter  lr=4.61e-04  loss=0.000185
                                  K=1 (deploy)              K=3 (train)
  mean_violation   = 0.000026  ->  0.000005              0.000001
  illegal_pairs    = 0.25%      ->  0.10%                 0.05%
  viol_per_cloud   = 67.50       ->  27.88                  12.38
  viol_reduction   =                58.7%                    81.7%
  mean_nn_dist     = 0.049172  ->  0.053367              0.054152
  displacement     =                0.0029 (0.059x rd)   0.0034 (0.068x rd)
  correction_eff   =                0.0072 (82.4% ceil)         0.0073 (84.3% ceil)
2026-05-26 21:28:53 +00:40:40 -00:33:35 [INFO] iter=  5500  0.448s/iter  lr=4.51e-04  loss=0.000180
                                  K=1 (deploy)              K=3 (train)
  mean_violation   = 0.000026  ->  0.000005              0.000001
  illegal_pairs    = 0.25%      ->  0.10%                 0.05%
  viol_per_cloud   = 67.50       ->  27.00                  13.50
  viol_reduction   =                60.0%                    80.0%
  mean_nn_dist     = 0.049172  ->  0.053322              0.054081
  displacement     =                0.0029 (0.058x rd)   0.0033 (0.066x rd)
  correction_eff   =                0.0073 (83.9% ceil)         0.0075 (86.2% ceil)
2026-05-26 21:29:43 +00:41:30 -00:36:32 [INFO] iter=  5600  0.498s/iter  lr=4.41e-04  loss=0.000185
                                  K=1 (deploy)              K=3 (train)
  mean_violation   = 0.000026  ->  0.000005              0.000001
  illegal_pairs    = 0.25%      ->  0.10%                 0.05%
  viol_per_cloud   = 67.50       ->  27.88                  13.38
  viol_reduction   =                58.7%                    80.2%
  mean_nn_dist     = 0.049172  ->  0.053331              0.054102
  displacement     =                0.0029 (0.058x rd)   0.0033 (0.066x rd)
  correction_eff   =                0.0073 (83.7% ceil)         0.0075 (85.7% ceil)
2026-05-26 21:30:27 +00:42:15 -00:32:04 [INFO] iter=  5700  0.448s/iter  lr=4.31e-04  loss=0.000183
                                  K=1 (deploy)              K=3 (train)
  mean_violation   = 0.000026  ->  0.000005              0.000001
  illegal_pairs    = 0.25%      ->  0.10%                 0.05%
  viol_per_cloud   = 67.50       ->  27.25                  12.88
  viol_reduction   =                59.6%                    80.9%
  mean_nn_dist     = 0.049172  ->  0.053348              0.054115
  displacement     =                0.0029 (0.058x rd)   0.0034 (0.067x rd)
  correction_eff   =                0.0072 (83.0% ceil)         0.0074 (84.8% ceil)
2026-05-26 21:31:12 +00:42:59 -00:31:05 [INFO] iter=  5800  0.444s/iter  lr=4.21e-04  loss=0.000181
                                  K=1 (deploy)              K=3 (train)
  mean_violation   = 0.000026  ->  0.000005              0.000001
  illegal_pairs    = 0.25%      ->  0.10%                 0.05%
  viol_per_cloud   = 67.50       ->  27.25                  13.62
  viol_reduction   =                59.6%                    79.8%
  mean_nn_dist     = 0.049172  ->  0.053309              0.054069
  displacement     =                0.0029 (0.058x rd)   0.0034 (0.068x rd)
  correction_eff   =                0.0072 (83.2% ceil)         0.0073 (83.9% ceil)
2026-05-26 21:31:56 +00:43:44 -00:30:20 [INFO] iter=  5900  0.444s/iter  lr=4.11e-04  loss=0.000178
                                  K=1 (deploy)              K=3 (train)
  mean_violation   = 0.000026  ->  0.000005              0.000001
  illegal_pairs    = 0.25%      ->  0.10%                 0.05%
  viol_per_cloud   = 67.50       ->  27.75                  13.50
  viol_reduction   =                58.9%                    80.0%
  mean_nn_dist     = 0.049172  ->  0.053320              0.054086
  displacement     =                0.0029 (0.058x rd)   0.0033 (0.066x rd)
  correction_eff   =                0.0073 (83.8% ceil)         0.0074 (85.5% ceil)
2026-05-26 21:32:41 +00:44:28 -00:29:33 [INFO] iter=  6000  0.443s/iter  lr=4.01e-04  loss=0.000177
                                  K=1 (deploy)              K=3 (train)
  mean_violation   = 0.000026  ->  0.000005              0.000001
  illegal_pairs    = 0.25%      ->  0.12%                 0.06%
  viol_per_cloud   = 67.50       ->  31.12                  16.88
  viol_reduction   =                53.9%                    75.0%
  mean_nn_dist     = 0.049172  ->  0.053185              0.053937
  displacement     =                0.0028 (0.055x rd)   0.0032 (0.065x rd)
  correction_eff   =                0.0076 (86.9% ceil)         0.0076 (87.4% ceil)
2026-05-26 21:33:29 +00:45:16 -00:31:33 [INFO] iter=  6100  0.486s/iter  lr=3.91e-04  loss=0.000177
                                  K=1 (deploy)              K=3 (train)
  mean_violation   = 0.000026  ->  0.000005              0.000001
  illegal_pairs    = 0.25%      ->  0.10%                 0.05%
  viol_per_cloud   = 67.50       ->  27.75                  12.38
  viol_reduction   =                58.9%                    81.7%
  mean_nn_dist     = 0.049172  ->  0.053368              0.054148
  displacement     =                0.0029 (0.059x rd)   0.0034 (0.067x rd)
  correction_eff   =                0.0072 (82.7% ceil)         0.0074 (84.7% ceil)
2026-05-26 21:34:14 +00:46:01 -00:28:08 [INFO] iter=  6200  0.444s/iter  lr=3.81e-04  loss=0.000182
                                  K=1 (deploy)              K=3 (train)
  mean_violation   = 0.000026  ->  0.000005              0.000001
  illegal_pairs    = 0.25%      ->  0.11%                 0.05%
  viol_per_cloud   = 67.50       ->  28.62                  14.38
  viol_reduction   =                57.6%                    78.7%
  mean_nn_dist     = 0.049172  ->  0.053248              0.053998
  displacement     =                0.0028 (0.056x rd)   0.0032 (0.065x rd)
  correction_eff   =                0.0075 (86.0% ceil)         0.0076 (87.8% ceil)
2026-05-26 21:34:59 +00:46:46 -00:27:50 [INFO] iter=  6300  0.451s/iter  lr=3.71e-04  loss=0.000183
                                  K=1 (deploy)              K=3 (train)
  mean_violation   = 0.000026  ->  0.000005              0.000001
  illegal_pairs    = 0.25%      ->  0.10%                 0.05%
  viol_per_cloud   = 67.50       ->  27.88                  13.38
  viol_reduction   =                58.7%                    80.2%
  mean_nn_dist     = 0.049172  ->  0.053315              0.054079
  displacement     =                0.0029 (0.058x rd)   0.0033 (0.066x rd)
  correction_eff   =                0.0073 (83.9% ceil)         0.0074 (85.6% ceil)
2026-05-26 21:35:48 +00:47:35 -00:29:20 [INFO] iter=  6400  0.489s/iter  lr=3.61e-04  loss=0.000183
                                  K=1 (deploy)              K=3 (train)
  mean_violation   = 0.000026  ->  0.000005              0.000001
  illegal_pairs    = 0.25%      ->  0.10%                 0.05%
  viol_per_cloud   = 67.50       ->  27.25                  12.62
  viol_reduction   =                59.6%                    81.3%
  mean_nn_dist     = 0.049172  ->  0.053355              0.054129
  displacement     =                0.0029 (0.059x rd)   0.0034 (0.068x rd)
  correction_eff   =                0.0072 (82.5% ceil)         0.0073 (83.8% ceil)
2026-05-26 21:36:41 +00:48:28 -00:30:59 [INFO] iter=  6500  0.531s/iter  lr=3.51e-04  loss=0.000178
                                  K=1 (deploy)              K=3 (train)
  mean_violation   = 0.000026  ->  0.000005              0.000001
  illegal_pairs    = 0.25%      ->  0.10%                 0.05%
  viol_per_cloud   = 67.50       ->  27.50                  13.50
  viol_reduction   =                59.3%                    80.0%
  mean_nn_dist     = 0.049172  ->  0.053328              0.054100
  displacement     =                0.0029 (0.058x rd)   0.0033 (0.066x rd)
  correction_eff   =                0.0073 (83.9% ceil)         0.0075 (86.0% ceil)
2026-05-26 21:37:37 +00:49:24 -00:31:52 [INFO] iter=  6600  0.563s/iter  lr=3.41e-04  loss=0.000178
                                  K=1 (deploy)              K=3 (train)
  mean_violation   = 0.000026  ->  0.000005              0.000001
  illegal_pairs    = 0.25%      ->  0.11%                 0.05%
  viol_per_cloud   = 67.50       ->  28.62                  14.25
  viol_reduction   =                57.6%                    78.9%
  mean_nn_dist     = 0.049172  ->  0.053237              0.053987
  displacement     =                0.0028 (0.056x rd)   0.0032 (0.064x rd)
  correction_eff   =                0.0075 (86.3% ceil)         0.0077 (88.3% ceil)
2026-05-26 21:38:29 +00:50:17 -00:28:45 [INFO] iter=  6700  0.523s/iter  lr=3.31e-04  loss=0.000178
                                  K=1 (deploy)              K=3 (train)
  mean_violation   = 0.000026  ->  0.000005              0.000001
  illegal_pairs    = 0.25%      ->  0.11%                 0.05%
  viol_per_cloud   = 67.50       ->  28.00                  13.75
  viol_reduction   =                58.5%                    79.6%
  mean_nn_dist     = 0.049172  ->  0.053254              0.054008
  displacement     =                0.0028 (0.056x rd)   0.0032 (0.065x rd)
  correction_eff   =                0.0075 (85.7% ceil)         0.0076 (87.8% ceil)
2026-05-26 21:39:22 +00:51:09 -00:28:05 [INFO] iter=  6800  0.527s/iter  lr=3.21e-04  loss=0.000178
                                  K=1 (deploy)              K=3 (train)
  mean_violation   = 0.000026  ->  0.000005              0.000001
  illegal_pairs    = 0.25%      ->  0.10%                 0.05%
  viol_per_cloud   = 67.50       ->  27.12                  13.38
  viol_reduction   =                59.8%                    80.2%
  mean_nn_dist     = 0.049172  ->  0.053294              0.054046
  displacement     =                0.0029 (0.057x rd)   0.0033 (0.066x rd)
  correction_eff   =                0.0074 (84.7% ceil)         0.0075 (86.6% ceil)
2026-05-26 21:40:14 +00:52:01 -00:26:58 [INFO] iter=  6900  0.522s/iter  lr=3.11e-04  loss=0.000178
                                  K=1 (deploy)              K=3 (train)
  mean_violation   = 0.000026  ->  0.000005              0.000001
  illegal_pairs    = 0.25%      ->  0.11%                 0.06%
  viol_per_cloud   = 67.50       ->  29.75                  15.12
  viol_reduction   =                55.9%                    77.6%
  mean_nn_dist     = 0.049172  ->  0.053200              0.053953
  displacement     =                0.0028 (0.056x rd)   0.0032 (0.064x rd)
  correction_eff   =                0.0075 (86.7% ceil)         0.0076 (87.9% ceil)
2026-05-26 21:41:07 +00:52:54 -00:26:22 [INFO] iter=  7000  0.528s/iter  lr=3.01e-04  loss=0.000178
                                  K=1 (deploy)              K=3 (train)
  mean_violation   = 0.000026  ->  0.000005              0.000001
  illegal_pairs    = 0.25%      ->  0.12%                 0.06%
  viol_per_cloud   = 67.50       ->  32.12                  16.38
  viol_reduction   =                52.4%                    75.7%
  mean_nn_dist     = 0.049172  ->  0.053171              0.053936
  displacement     =                0.0027 (0.055x rd)   0.0032 (0.063x rd)
  correction_eff   =                0.0077 (88.0% ceil)         0.0078 (89.6% ceil)
2026-05-26 21:42:04 +00:53:52 -00:27:42 [INFO] iter=  7100  0.573s/iter  lr=2.91e-04  loss=0.000178
                                  K=1 (deploy)              K=3 (train)
  mean_violation   = 0.000026  ->  0.000005              0.000001
  illegal_pairs    = 0.25%      ->  0.10%                 0.05%
  viol_per_cloud   = 67.50       ->  27.62                  13.50
  viol_reduction   =                59.1%                    80.0%
  mean_nn_dist     = 0.049172  ->  0.053314              0.054077
  displacement     =                0.0029 (0.058x rd)   0.0033 (0.066x rd)
  correction_eff   =                0.0073 (84.1% ceil)         0.0075 (85.9% ceil)
2026-05-26 21:42:57 +00:54:44 -00:24:33 [INFO] iter=  7200  0.526s/iter  lr=2.81e-04  loss=0.000181
                                  K=1 (deploy)              K=3 (train)
  mean_violation   = 0.000026  ->  0.000005              0.000001
  illegal_pairs    = 0.25%      ->  0.11%                 0.06%
  viol_per_cloud   = 67.50       ->  29.00                  14.62
  viol_reduction   =                57.0%                    78.3%
  mean_nn_dist     = 0.049172  ->  0.053236              0.053992
  displacement     =                0.0028 (0.056x rd)   0.0032 (0.065x rd)
  correction_eff   =                0.0075 (86.0% ceil)         0.0076 (87.2% ceil)
2026-05-26 21:43:50 +00:55:37 -00:23:49 [INFO] iter=  7300  0.530s/iter  lr=2.71e-04  loss=0.000179
                                  K=1 (deploy)              K=3 (train)
  mean_violation   = 0.000026  ->  0.000005              0.000001
  illegal_pairs    = 0.25%      ->  0.11%                 0.05%
  viol_per_cloud   = 67.50       ->  28.75                  14.25
  viol_reduction   =                57.4%                    78.9%
  mean_nn_dist     = 0.049172  ->  0.053231              0.053988
  displacement     =                0.0028 (0.056x rd)   0.0032 (0.064x rd)
  correction_eff   =                0.0075 (86.4% ceil)         0.0077 (88.3% ceil)
2026-05-26 21:44:43 +00:56:30 -00:23:01 [INFO] iter=  7400  0.531s/iter  lr=2.61e-04  loss=0.000178
                                  K=1 (deploy)              K=3 (train)
  mean_violation   = 0.000026  ->  0.000005              0.000001
  illegal_pairs    = 0.25%      ->  0.10%                 0.05%
  viol_per_cloud   = 67.50       ->  27.88                  13.88
  viol_reduction   =                58.7%                    79.4%
  mean_nn_dist     = 0.049172  ->  0.053269              0.054024
  displacement     =                0.0028 (0.057x rd)   0.0032 (0.065x rd)
  correction_eff   =                0.0074 (85.5% ceil)         0.0076 (87.5% ceil)
2026-05-26 21:45:36 +00:57:23 -00:21:59 [INFO] iter=  7500  0.528s/iter  lr=2.51e-04  loss=0.000178
                                  K=1 (deploy)              K=3 (train)
  mean_violation   = 0.000026  ->  0.000005              0.000001
  illegal_pairs    = 0.25%      ->  0.10%                 0.05%
  viol_per_cloud   = 67.50       ->  27.88                  13.12
  viol_reduction   =                58.7%                    80.6%
  mean_nn_dist     = 0.049172  ->  0.053302              0.054069
  displacement     =                0.0029 (0.057x rd)   0.0033 (0.066x rd)
  correction_eff   =                0.0073 (84.3% ceil)         0.0075 (86.5% ceil)
2026-05-26 21:46:33 +00:58:20 -00:22:57 [INFO] iter=  7600  0.574s/iter  lr=2.41e-04  loss=0.000178
                                  K=1 (deploy)              K=3 (train)
  mean_violation   = 0.000026  ->  0.000005              0.000001
  illegal_pairs    = 0.25%      ->  0.12%                 0.06%
  viol_per_cloud   = 67.50       ->  31.25                  15.75
  viol_reduction   =                53.7%                    76.7%
  mean_nn_dist     = 0.049172  ->  0.053187              0.053958
  displacement     =                0.0028 (0.055x rd)   0.0032 (0.064x rd)
  correction_eff   =                0.0076 (87.2% ceil)         0.0077 (88.6% ceil)
2026-05-26 21:47:26 +00:59:14 -00:20:23 [INFO] iter=  7700  0.532s/iter  lr=2.31e-04  loss=0.000179
                                  K=1 (deploy)              K=3 (train)
  mean_violation   = 0.000026  ->  0.000005              0.000001
  illegal_pairs    = 0.25%      ->  0.12%                 0.06%
  viol_per_cloud   = 67.50       ->  30.75                  15.25
  viol_reduction   =                54.4%                    77.4%
  mean_nn_dist     = 0.049172  ->  0.053190              0.053951
  displacement     =                0.0028 (0.055x rd)   0.0032 (0.064x rd)
  correction_eff   =                0.0076 (87.3% ceil)         0.0077 (88.9% ceil)
2026-05-26 21:48:19 +01:00:06 -00:19:20 [INFO] iter=  7800  0.528s/iter  lr=2.21e-04  loss=0.000179
                                  K=1 (deploy)              K=3 (train)
  mean_violation   = 0.000026  ->  0.000005              0.000001
  illegal_pairs    = 0.25%      ->  0.12%                 0.06%
  viol_per_cloud   = 67.50       ->  32.88                  15.12
  viol_reduction   =                51.3%                    77.6%
  mean_nn_dist     = 0.049172  ->  0.053160              0.053936
  displacement     =                0.0027 (0.055x rd)   0.0032 (0.064x rd)
  correction_eff   =                0.0077 (88.2% ceil)         0.0077 (89.0% ceil)
2026-05-26 21:49:05 +01:00:52 -00:16:05 [INFO] iter=  7900  0.460s/iter  lr=2.11e-04  loss=0.000183
                                  K=1 (deploy)              K=3 (train)
  mean_violation   = 0.000026  ->  0.000005              0.000001
  illegal_pairs    = 0.25%      ->  0.10%                 0.05%
  viol_per_cloud   = 67.50       ->  27.62                  13.75
  viol_reduction   =                59.1%                    79.6%
  mean_nn_dist     = 0.049172  ->  0.053266              0.054021
  displacement     =                0.0028 (0.057x rd)   0.0033 (0.065x rd)
  correction_eff   =                0.0074 (84.9% ceil)         0.0075 (86.6% ceil)
2026-05-26 21:49:50 +01:01:37 -00:14:49 [INFO] iter=  8000  0.445s/iter  lr=2.01e-04  loss=0.000179
                                  K=1 (deploy)              K=3 (train)
  mean_violation   = 0.000026  ->  0.000005              0.000001
  illegal_pairs    = 0.25%      ->  0.12%                 0.05%
  viol_per_cloud   = 67.50       ->  31.00                  14.38
  viol_reduction   =                54.1%                    78.7%
  mean_nn_dist     = 0.049172  ->  0.053185              0.053957
  displacement     =                0.0028 (0.055x rd)   0.0032 (0.064x rd)
  correction_eff   =                0.0076 (87.3% ceil)         0.0077 (89.0% ceil)
2026-05-26 21:50:38 +01:02:25 -00:15:11 [INFO] iter=  8100  0.480s/iter  lr=1.91e-04  loss=0.000179
                                  K=1 (deploy)              K=3 (train)
  mean_violation   = 0.000026  ->  0.000005              0.000001
  illegal_pairs    = 0.25%      ->  0.11%                 0.05%
  viol_per_cloud   = 67.50       ->  28.25                  13.50
  viol_reduction   =                58.1%                    80.0%
  mean_nn_dist     = 0.049172  ->  0.053234              0.053988
  displacement     =                0.0028 (0.056x rd)   0.0032 (0.065x rd)
  correction_eff   =                0.0075 (86.0% ceil)         0.0076 (87.9% ceil)
2026-05-26 21:51:22 +01:03:09 -00:13:13 [INFO] iter=  8200  0.441s/iter  lr=1.81e-04  loss=0.000179
                                  K=1 (deploy)              K=3 (train)
  mean_violation   = 0.000026  ->  0.000005              0.000001
  illegal_pairs    = 0.25%      ->  0.12%                 0.06%
  viol_per_cloud   = 67.50       ->  31.75                  14.75
  viol_reduction   =                53.0%                    78.1%
  mean_nn_dist     = 0.049172  ->  0.053169              0.053953
  displacement     =                0.0027 (0.055x rd)   0.0032 (0.063x rd)
  correction_eff   =                0.0076 (87.7% ceil)         0.0078 (89.3% ceil)
2026-05-26 21:52:06 +01:03:53 -00:12:29 [INFO] iter=  8300  0.441s/iter  lr=1.71e-04  loss=0.000179
                                  K=1 (deploy)              K=3 (train)
  mean_violation   = 0.000026  ->  0.000005              0.000001
  illegal_pairs    = 0.25%      ->  0.11%                 0.05%
  viol_per_cloud   = 67.50       ->  29.62                  14.12
  viol_reduction   =                56.1%                    79.1%
  mean_nn_dist     = 0.049172  ->  0.053218              0.053985
  displacement     =                0.0028 (0.056x rd)   0.0032 (0.065x rd)
  correction_eff   =                0.0075 (86.3% ceil)         0.0076 (87.8% ceil)
2026-05-26 21:52:50 +01:04:37 -00:11:43 [INFO] iter=  8400  0.440s/iter  lr=1.61e-04  loss=0.000179
                                  K=1 (deploy)              K=3 (train)
  mean_violation   = 0.000026  ->  0.000005              0.000001
  illegal_pairs    = 0.25%      ->  0.10%                 0.05%
  viol_per_cloud   = 67.50       ->  27.25                  14.25
  viol_reduction   =                59.6%                    78.9%
  mean_nn_dist     = 0.049172  ->  0.053255              0.054004
  displacement     =                0.0028 (0.057x rd)   0.0032 (0.065x rd)
  correction_eff   =                0.0074 (85.4% ceil)         0.0076 (87.3% ceil)
2026-05-26 21:53:34 +01:05:21 -00:11:00 [INFO] iter=  8500  0.440s/iter  lr=1.51e-04  loss=0.000179
                                  K=1 (deploy)              K=3 (train)
  mean_violation   = 0.000026  ->  0.000005              0.000001
  illegal_pairs    = 0.25%      ->  0.10%                 0.05%
  viol_per_cloud   = 67.50       ->  26.75                  13.50
  viol_reduction   =                60.4%                    80.0%
  mean_nn_dist     = 0.049172  ->  0.053252              0.053996
  displacement     =                0.0028 (0.057x rd)   0.0032 (0.065x rd)
  correction_eff   =                0.0074 (85.5% ceil)         0.0076 (87.6% ceil)
2026-05-26 21:54:21 +01:06:09 -00:11:08 [INFO] iter=  8600  0.478s/iter  lr=1.41e-04  loss=0.000179
                                  K=1 (deploy)              K=3 (train)
  mean_violation   = 0.000026  ->  0.000005              0.000001
  illegal_pairs    = 0.25%      ->  0.11%                 0.05%
  viol_per_cloud   = 67.50       ->  28.50                  13.62
  viol_reduction   =                57.8%                    79.8%
  mean_nn_dist     = 0.049172  ->  0.053236              0.053993
  displacement     =                0.0028 (0.056x rd)   0.0032 (0.065x rd)
  correction_eff   =                0.0075 (85.9% ceil)         0.0076 (87.6% ceil)
2026-05-26 21:55:05 +01:06:52 -00:09:28 [INFO] iter=  8700  0.437s/iter  lr=1.31e-04  loss=0.000178
                                  K=1 (deploy)              K=3 (train)
  mean_violation   = 0.000026  ->  0.000005              0.000001
  illegal_pairs    = 0.25%      ->  0.12%                 0.05%
  viol_per_cloud   = 67.50       ->  31.25                  14.38
  viol_reduction   =                53.7%                    78.7%
  mean_nn_dist     = 0.049172  ->  0.053203              0.053982
  displacement     =                0.0028 (0.056x rd)   0.0032 (0.064x rd)
  correction_eff   =                0.0075 (86.8% ceil)         0.0077 (88.5% ceil)
2026-05-26 21:55:49 +01:07:36 -00:08:45 [INFO] iter=  8800  0.438s/iter  lr=1.21e-04  loss=0.000179
                                  K=1 (deploy)              K=3 (train)
  mean_violation   = 0.000026  ->  0.000005              0.000001
  illegal_pairs    = 0.25%      ->  0.12%                 0.05%
  viol_per_cloud   = 67.50       ->  31.38                  14.00
  viol_reduction   =                53.5%                    79.3%
  mean_nn_dist     = 0.049172  ->  0.053204              0.053991
  displacement     =                0.0028 (0.056x rd)   0.0032 (0.064x rd)
  correction_eff   =                0.0075 (86.8% ceil)         0.0077 (88.5% ceil)
2026-05-26 21:56:33 +01:08:20 -00:08:02 [INFO] iter=  8900  0.438s/iter  lr=1.11e-04  loss=0.000178
                                  K=1 (deploy)              K=3 (train)
  mean_violation   = 0.000026  ->  0.000005              0.000001
  illegal_pairs    = 0.25%      ->  0.11%                 0.05%
  viol_per_cloud   = 67.50       ->  28.00                  13.25
  viol_reduction   =                58.5%                    80.4%
  mean_nn_dist     = 0.049172  ->  0.053239              0.053993
  displacement     =                0.0028 (0.056x rd)   0.0032 (0.065x rd)
  correction_eff   =                0.0075 (85.9% ceil)         0.0076 (87.7% ceil)
2026-05-26 21:57:17 +01:09:04 -00:07:18 [INFO] iter=  9000  0.438s/iter  lr=1.01e-04  loss=0.000178
                                  K=1 (deploy)              K=3 (train)
  mean_violation   = 0.000026  ->  0.000005              0.000001
  illegal_pairs    = 0.25%      ->  0.11%                 0.05%
  viol_per_cloud   = 67.50       ->  28.75                  13.62
  viol_reduction   =                57.4%                    79.8%
  mean_nn_dist     = 0.049172  ->  0.053225              0.053987
  displacement     =                0.0028 (0.056x rd)   0.0032 (0.064x rd)
  correction_eff   =                0.0075 (86.3% ceil)         0.0077 (88.2% ceil)
2026-05-26 21:58:04 +01:09:52 -00:07:09 [INFO] iter=  9100  0.478s/iter  lr=9.09e-05  loss=0.000179
                                  K=1 (deploy)              K=3 (train)
  mean_violation   = 0.000026  ->  0.000005              0.000001
  illegal_pairs    = 0.25%      ->  0.11%                 0.05%
  viol_per_cloud   = 67.50       ->  29.38                  14.25
  viol_reduction   =                56.5%                    78.9%
  mean_nn_dist     = 0.049172  ->  0.053218              0.053975
  displacement     =                0.0028 (0.056x rd)   0.0032 (0.065x rd)
  correction_eff   =                0.0075 (86.4% ceil)         0.0076 (87.7% ceil)
2026-05-26 21:58:48 +01:10:36 -00:05:52 [INFO] iter=  9200  0.440s/iter  lr=8.09e-05  loss=0.000179
                                  K=1 (deploy)              K=3 (train)
  mean_violation   = 0.000026  ->  0.000005              0.000001
  illegal_pairs    = 0.25%      ->  0.11%                 0.05%
  viol_per_cloud   = 67.50       ->  29.38                  14.38
  viol_reduction   =                56.5%                    78.7%
  mean_nn_dist     = 0.049172  ->  0.053212              0.053981
  displacement     =                0.0028 (0.056x rd)   0.0032 (0.064x rd)
  correction_eff   =                0.0075 (86.7% ceil)         0.0077 (88.3% ceil)
2026-05-26 21:59:33 +01:11:20 -00:05:11 [INFO] iter=  9300  0.445s/iter  lr=7.09e-05  loss=0.000179
                                  K=1 (deploy)              K=3 (train)
  mean_violation   = 0.000026  ->  0.000005              0.000001
  illegal_pairs    = 0.25%      ->  0.11%                 0.05%
  viol_per_cloud   = 67.50       ->  28.62                  13.88
  viol_reduction   =                57.6%                    79.4%
  mean_nn_dist     = 0.049172  ->  0.053224              0.053982
  displacement     =                0.0028 (0.056x rd)   0.0032 (0.064x rd)
  correction_eff   =                0.0075 (86.4% ceil)         0.0077 (88.2% ceil)
2026-05-26 22:00:17 +01:12:05 -00:04:27 [INFO] iter=  9400  0.445s/iter  lr=6.09e-05  loss=0.000179
                                  K=1 (deploy)              K=3 (train)
  mean_violation   = 0.000026  ->  0.000005              0.000001
  illegal_pairs    = 0.25%      ->  0.11%                 0.05%
  viol_per_cloud   = 67.50       ->  28.62                  13.38
  viol_reduction   =                57.6%                    80.2%
  mean_nn_dist     = 0.049172  ->  0.053219              0.053983
  displacement     =                0.0028 (0.056x rd)   0.0032 (0.064x rd)
  correction_eff   =                0.0075 (86.5% ceil)         0.0077 (88.5% ceil)
2026-05-26 22:01:02 +01:12:49 -00:03:41 [INFO] iter=  9500  0.442s/iter  lr=5.09e-05  loss=0.000179
                                  K=1 (deploy)              K=3 (train)
  mean_violation   = 0.000026  ->  0.000005              0.000001
  illegal_pairs    = 0.25%      ->  0.11%                 0.05%
  viol_per_cloud   = 67.50       ->  29.62                  14.25
  viol_reduction   =                56.1%                    78.9%
  mean_nn_dist     = 0.049172  ->  0.053210              0.053980
  displacement     =                0.0028 (0.056x rd)   0.0032 (0.064x rd)
  correction_eff   =                0.0075 (86.7% ceil)         0.0077 (88.4% ceil)
2026-05-26 22:01:50 +01:13:38 -00:03:14 [INFO] iter=  9600  0.486s/iter  lr=4.10e-05  loss=0.000179
                                  K=1 (deploy)              K=3 (train)
  mean_violation   = 0.000026  ->  0.000005              0.000001
  illegal_pairs    = 0.25%      ->  0.11%                 0.05%
  viol_per_cloud   = 67.50       ->  28.62                  14.12
  viol_reduction   =                57.6%                    79.1%
  mean_nn_dist     = 0.049172  ->  0.053214              0.053971
  displacement     =                0.0028 (0.056x rd)   0.0032 (0.064x rd)
  correction_eff   =                0.0075 (86.6% ceil)         0.0077 (88.3% ceil)
2026-05-26 22:02:35 +01:14:22 -00:02:13 [INFO] iter=  9700  0.445s/iter  lr=3.10e-05  loss=0.000179
                                  K=1 (deploy)              K=3 (train)
  mean_violation   = 0.000026  ->  0.000005              0.000001
  illegal_pairs    = 0.25%      ->  0.11%                 0.05%
  viol_per_cloud   = 67.50       ->  29.75                  14.25
  viol_reduction   =                55.9%                    78.9%
  mean_nn_dist     = 0.049172  ->  0.053207              0.053970
  displacement     =                0.0028 (0.056x rd)   0.0032 (0.064x rd)
  correction_eff   =                0.0075 (86.8% ceil)         0.0077 (88.4% ceil)
2026-05-26 22:03:19 +01:15:07 -00:01:28 [INFO] iter=  9800  0.444s/iter  lr=2.10e-05  loss=0.000179
                                  K=1 (deploy)              K=3 (train)
  mean_violation   = 0.000026  ->  0.000005              0.000001
  illegal_pairs    = 0.25%      ->  0.11%                 0.05%
  viol_per_cloud   = 67.50       ->  29.38                  14.38
  viol_reduction   =                56.5%                    78.7%
  mean_nn_dist     = 0.049172  ->  0.053208              0.053971
  displacement     =                0.0028 (0.056x rd)   0.0032 (0.064x rd)
  correction_eff   =                0.0075 (86.8% ceil)         0.0077 (88.5% ceil)
2026-05-26 22:04:04 +01:15:51 -00:00:44 [INFO] iter=  9900  0.446s/iter  lr=1.10e-05  loss=0.000179
                                  K=1 (deploy)              K=3 (train)
  mean_violation   = 0.000026  ->  0.000005              0.000001
  illegal_pairs    = 0.25%      ->  0.11%                 0.05%
  viol_per_cloud   = 67.50       ->  28.75                  14.12
  viol_reduction   =                57.4%                    79.1%
  mean_nn_dist     = 0.049172  ->  0.053213              0.053963
  displacement     =                0.0028 (0.056x rd)   0.0032 (0.064x rd)
  correction_eff   =                0.0075 (86.7% ceil)         0.0077 (88.4% ceil)
2026-05-26 22:04:48 +01:16:36 -00:00:00 [INFO] iter= 10000  0.444s/iter  lr=1.00e-06  loss=0.000179
                                  K=1 (deploy)              K=3 (train)
  mean_violation   = 0.000026  ->  0.000005              0.000001
  illegal_pairs    = 0.25%      ->  0.11%                 0.05%
  viol_per_cloud   = 67.50       ->  28.88                  14.50
  viol_reduction   =                57.2%                    78.5%
  mean_nn_dist     = 0.049172  ->  0.053212              0.053965
  displacement     =                0.0028 (0.056x rd)   0.0032 (0.064x rd)
  correction_eff   =                0.0075 (86.7% ceil)         0.0077 (88.5% ceil)
2026-05-26 22:04:52 +01:16:39 -00:00:00 [INFO] Training complete. Model saved to training_artifacts\train_run_2026-05-26_20-48-12\model_final.pt
2026-05-26 22:04:53 +01:16:40 -00:00:00 [INFO] Evolution GIF saved to training_artifacts\train_run_2026-05-26_20-48-12\evolution.gif
