2026-05-26 12:14:13 +00:00:00 --:--:-- [INFO] Run directory: training_artifacts\train_run_2026-05-26_12-14-13
2026-05-26 12:14:13 +00:00:00 --:--:-- [INFO] Configs copied to run directory
2026-05-26 12:14:13 +00:00:00 --:--:-- [INFO] Using device: cuda
2026-05-26 12:14:13 +00:00:00 --:--:-- [INFO] Generating validation set (256 clouds)...
2026-05-26 12:14:15 +00:00:01 --:--:-- [INFO] Validation set saved
2026-05-26 12:14:15 +00:00:01 --:--:-- [INFO] Model built: 34,690 parameters
2026-05-26 12:14:16 +00:00:02 --:--:-- [INFO] Starting training for 10000 iterations
2026-05-26 12:14:39 +00:00:25 -00:38:22 [INFO] iter=   100  0.233s/iter  lr=1.00e-03  loss=0.040347
  mean_violation   = 0.000128 -> 0.000093   (median: 0.000000 -> 0.000000)   [0 = perfect]
  illegal_pairs    = 1.08% -> 0.57%   [0% = perfect]
  legal_clouds     = 0.00% -> 6.25%   [100% = perfect]
  mean_nn_dist     = 0.050980 -> 0.066281   (median: 0.051675 -> 0.060174)   [>= rd=0.05]
  displacement     = 0.179617 (3.592x rd)   (median: 0.144592 = 2.892x rd)
  correction_eff   = 0.0002  (0.5% of ceil=0.0408)   [dviol/disp, noise-invariant]
2026-05-26 12:15:02 +00:00:49 -00:38:11 [INFO] iter=   200  0.234s/iter  lr=9.99e-04  loss=0.029552
  mean_violation   = 0.000128 -> 0.000104   (median: 0.000000 -> 0.000000)   [0 = perfect]
  illegal_pairs    = 1.08% -> 0.81%   [0% = perfect]
  legal_clouds     = 0.00% -> 6.25%   [100% = perfect]
  mean_nn_dist     = 0.050980 -> 0.053546   (median: 0.051675 -> 0.054811)   [>= rd=0.05]
  displacement     = 0.117129 (2.343x rd)   (median: 0.120806 = 2.416x rd)
  correction_eff   = 0.0002  (0.5% of ceil=0.0408)   [dviol/disp, noise-invariant]
2026-05-26 12:15:25 +00:01:12 -00:37:31 [INFO] iter=   300  0.232s/iter  lr=9.98e-04  loss=0.050590
  mean_violation   = 0.000128 -> 0.000041   (median: 0.000000 -> 0.000000)   [0 = perfect]
  illegal_pairs    = 1.08% -> 0.50%   [0% = perfect]
  legal_clouds     = 0.00% -> 18.75%   [100% = perfect]
  mean_nn_dist     = 0.050980 -> 0.061683   (median: 0.051675 -> 0.056888)   [>= rd=0.05]
  displacement     = 0.371739 (7.435x rd)   (median: 0.349841 = 6.997x rd)
  correction_eff   = 0.0002  (0.6% of ceil=0.0408)   [dviol/disp, noise-invariant]
2026-05-26 12:15:49 +00:01:35 -00:37:41 [INFO] iter=   400  0.236s/iter  lr=9.96e-04  loss=0.061715
  mean_violation   = 0.000128 -> 0.000021   (median: 0.000000 -> 0.000000)   [0 = perfect]
  illegal_pairs    = 1.08% -> 0.25%   [0% = perfect]
  legal_clouds     = 0.00% -> 46.88%   [100% = perfect]
  mean_nn_dist     = 0.050980 -> 0.064738   (median: 0.051675 -> 0.059060)   [>= rd=0.05]
  displacement     = 0.385480 (7.710x rd)   (median: 0.442686 = 8.854x rd)
  correction_eff   = 0.0003  (0.7% of ceil=0.0408)   [dviol/disp, noise-invariant]
2026-05-26 12:16:12 +00:01:58 -00:36:33 [INFO] iter=   500  0.231s/iter  lr=9.94e-04  loss=0.021103
  mean_violation   = 0.000128 -> 0.000109   (median: 0.000000 -> 0.000000)   [0 = perfect]
  illegal_pairs    = 1.08% -> 0.89%   [0% = perfect]
  legal_clouds     = 0.00% -> 3.12%   [100% = perfect]
  mean_nn_dist     = 0.050980 -> 0.052304   (median: 0.051675 -> 0.053490)   [>= rd=0.05]
  displacement     = 0.040124 (0.802x rd)   (median: 0.033760 = 0.675x rd)
  correction_eff   = 0.0005  (1.2% of ceil=0.0408)   [dviol/disp, noise-invariant]
2026-05-26 12:16:37 +00:02:24 -00:39:28 [INFO] iter=   600  0.252s/iter  lr=9.91e-04  loss=0.049129
  mean_violation   = 0.000128 -> 0.000183   (median: 0.000000 -> 0.000000)   [0 = perfect]
  illegal_pairs    = 1.08% -> 1.59%   [0% = perfect]
  legal_clouds     = 0.00% -> 3.12%   [100% = perfect]
  mean_nn_dist     = 0.050980 -> 0.051684   (median: 0.051675 -> 0.051621)   [>= rd=0.05]
  displacement     = 0.147403 (2.948x rd)   (median: 0.090035 = 1.801x rd)
  correction_eff   = -0.0004  (-0.9% of ceil=0.0408)   [dviol/disp, noise-invariant]
2026-05-26 12:17:01 +00:02:48 -00:37:18 [INFO] iter=   700  0.241s/iter  lr=9.88e-04  loss=0.043686
  mean_violation   = 0.000128 -> 0.000047   (median: 0.000000 -> 0.000000)   [0 = perfect]
  illegal_pairs    = 1.08% -> 0.50%   [0% = perfect]
  legal_clouds     = 0.00% -> 12.50%   [100% = perfect]
  mean_nn_dist     = 0.050980 -> 0.062800   (median: 0.051675 -> 0.058209)   [>= rd=0.05]
  displacement     = 0.241912 (4.838x rd)   (median: 0.169162 = 3.383x rd)
  correction_eff   = 0.0003  (0.8% of ceil=0.0408)   [dviol/disp, noise-invariant]
2026-05-26 12:17:25 +00:03:12 -00:36:51 [INFO] iter=   800  0.240s/iter  lr=9.84e-04  loss=0.047908
  mean_violation   = 0.000128 -> 0.000154   (median: 0.000000 -> 0.000000)   [0 = perfect]
  illegal_pairs    = 1.08% -> 1.33%   [0% = perfect]
  legal_clouds     = 0.00% -> 3.12%   [100% = perfect]
  mean_nn_dist     = 0.050980 -> 0.054381   (median: 0.051675 -> 0.053617)   [>= rd=0.05]
  displacement     = 0.186712 (3.734x rd)   (median: 0.138008 = 2.760x rd)
  correction_eff   = -0.0001  (-0.3% of ceil=0.0408)   [dviol/disp, noise-invariant]
2026-05-26 12:17:49 +00:03:36 -00:36:03 [INFO] iter=   900  0.238s/iter  lr=9.80e-04  loss=0.041643
  mean_violation   = 0.000128 -> 0.000003   (median: 0.000000 -> 0.000000)   [0 = perfect]
  illegal_pairs    = 1.08% -> 0.04%   [0% = perfect]
  legal_clouds     = 0.00% -> 75.00%   [100% = perfect]
  mean_nn_dist     = 0.050980 -> 0.066589   (median: 0.051675 -> 0.061967)   [>= rd=0.05]
  displacement     = 0.294364 (5.887x rd)   (median: 0.219972 = 4.399x rd)
  correction_eff   = 0.0004  (1.0% of ceil=0.0408)   [dviol/disp, noise-invariant]
2026-05-26 12:18:13 +00:03:59 -00:35:43 [INFO] iter=  1000  0.238s/iter  lr=9.76e-04  loss=0.045213
  mean_violation   = 0.000128 -> 0.000007   (median: 0.000000 -> 0.000000)   [0 = perfect]
  illegal_pairs    = 1.08% -> 0.11%   [0% = perfect]
  legal_clouds     = 0.00% -> 53.12%   [100% = perfect]
  mean_nn_dist     = 0.050980 -> 0.065394   (median: 0.051675 -> 0.059856)   [>= rd=0.05]
  displacement     = 0.400923 (8.018x rd)   (median: 0.162398 = 3.248x rd)
  correction_eff   = 0.0003  (0.7% of ceil=0.0408)   [dviol/disp, noise-invariant]
2026-05-26 12:18:38 +00:04:25 -00:37:38 [INFO] iter=  1100  0.254s/iter  lr=9.70e-04  loss=0.020376
  mean_violation   = 0.000128 -> 0.000038   (median: 0.000000 -> 0.000000)   [0 = perfect]
  illegal_pairs    = 1.08% -> 0.44%   [0% = perfect]
  legal_clouds     = 0.00% -> 0.00%   [100% = perfect]
  mean_nn_dist     = 0.050980 -> 0.056558   (median: 0.051675 -> 0.056143)   [>= rd=0.05]
  displacement     = 0.119513 (2.390x rd)   (median: 0.121489 = 2.430x rd)
  correction_eff   = 0.0008  (1.8% of ceil=0.0408)   [dviol/disp, noise-invariant]
2026-05-26 12:19:03 +00:04:49 -00:35:29 [INFO] iter=  1200  0.242s/iter  lr=9.65e-04  loss=0.034198
  mean_violation   = 0.000128 -> 0.000022   (median: 0.000000 -> 0.000000)   [0 = perfect]
  illegal_pairs    = 1.08% -> 0.32%   [0% = perfect]
  legal_clouds     = 0.00% -> 28.12%   [100% = perfect]
  mean_nn_dist     = 0.050980 -> 0.064911   (median: 0.051675 -> 0.060227)   [>= rd=0.05]
  displacement     = 0.241626 (4.833x rd)   (median: 0.023774 = 0.475x rd)
  correction_eff   = 0.0004  (1.1% of ceil=0.0408)   [dviol/disp, noise-invariant]
2026-05-26 12:19:27 +00:05:13 -00:34:54 [INFO] iter=  1300  0.241s/iter  lr=9.59e-04  loss=0.026320
  mean_violation   = 0.000128 -> 0.000131   (median: 0.000000 -> 0.000000)   [0 = perfect]
  illegal_pairs    = 1.08% -> 1.26%   [0% = perfect]
  legal_clouds     = 0.00% -> 0.00%   [100% = perfect]
  mean_nn_dist     = 0.050980 -> 0.051408   (median: 0.051675 -> 0.052241)   [>= rd=0.05]
  displacement     = 0.046264 (0.925x rd)   (median: 0.039382 = 0.788x rd)
  correction_eff   = -0.0001  (-0.2% of ceil=0.0408)   [dviol/disp, noise-invariant]
2026-05-26 12:19:51 +00:05:37 -00:34:35 [INFO] iter=  1400  0.241s/iter  lr=9.52e-04  loss=0.005413
  mean_violation   = 0.000128 -> 0.000012   (median: 0.000000 -> 0.000000)   [0 = perfect]
  illegal_pairs    = 1.08% -> 0.31%   [0% = perfect]
  legal_clouds     = 0.00% -> 25.00%   [100% = perfect]
  mean_nn_dist     = 0.050980 -> 0.056238   (median: 0.051675 -> 0.053470)   [>= rd=0.05]
  displacement     = 0.018541 (0.371x rd)   (median: 0.016153 = 0.323x rd)
  correction_eff   = 0.0063  (15.4% of ceil=0.0408)   [dviol/disp, noise-invariant]
2026-05-26 12:20:15 +00:06:02 -00:34:34 [INFO] iter=  1500  0.244s/iter  lr=9.46e-04  loss=0.041897
  mean_violation   = 0.000128 -> 0.000218   (median: 0.000000 -> 0.000000)   [0 = perfect]
  illegal_pairs    = 1.08% -> 1.77%   [0% = perfect]
  legal_clouds     = 0.00% -> 0.00%   [100% = perfect]
  mean_nn_dist     = 0.050980 -> 0.048665   (median: 0.051675 -> 0.050780)   [>= rd=0.05]
  displacement     = 0.072053 (1.441x rd)   (median: 0.064207 = 1.284x rd)
  correction_eff   = -0.0012  (-3.0% of ceil=0.0408)   [dviol/disp, noise-invariant]
2026-05-26 12:20:40 +00:06:27 -00:35:21 [INFO] iter=  1600  0.253s/iter  lr=9.38e-04  loss=0.011112
  mean_violation   = 0.000128 -> 0.000040   (median: 0.000000 -> 0.000000)   [0 = perfect]
  illegal_pairs    = 1.08% -> 0.58%   [0% = perfect]
  legal_clouds     = 0.00% -> 12.50%   [100% = perfect]
  mean_nn_dist     = 0.050980 -> 0.055064   (median: 0.051675 -> 0.053109)   [>= rd=0.05]
  displacement     = 0.031272 (0.625x rd)   (median: 0.030425 = 0.608x rd)
  correction_eff   = 0.0028  (6.9% of ceil=0.0408)   [dviol/disp, noise-invariant]
2026-05-26 12:21:05 +00:06:51 -00:33:23 [INFO] iter=  1700  0.241s/iter  lr=9.30e-04  loss=0.009992
  mean_violation   = 0.000128 -> 0.000036   (median: 0.000000 -> 0.000000)   [0 = perfect]
  illegal_pairs    = 1.08% -> 0.56%   [0% = perfect]
  legal_clouds     = 0.00% -> 21.88%   [100% = perfect]
  mean_nn_dist     = 0.050980 -> 0.055120   (median: 0.051675 -> 0.052936)   [>= rd=0.05]
  displacement     = 0.028983 (0.580x rd)   (median: 0.031012 = 0.620x rd)
  correction_eff   = 0.0032  (7.8% of ceil=0.0408)   [dviol/disp, noise-invariant]
2026-05-26 12:21:29 +00:07:15 -00:32:46 [INFO] iter=  1800  0.240s/iter  lr=9.22e-04  loss=0.008576
  mean_violation   = 0.000128 -> 0.000029   (median: 0.000000 -> 0.000000)   [0 = perfect]
  illegal_pairs    = 1.08% -> 0.55%   [0% = perfect]
  legal_clouds     = 0.00% -> 15.62%   [100% = perfect]
  mean_nn_dist     = 0.050980 -> 0.055305   (median: 0.051675 -> 0.052852)   [>= rd=0.05]
  displacement     = 0.025255 (0.505x rd)   (median: 0.031481 = 0.630x rd)
  correction_eff   = 0.0039  (9.6% of ceil=0.0408)   [dviol/disp, noise-invariant]
2026-05-26 12:21:53 +00:07:39 -00:32:30 [INFO] iter=  1900  0.241s/iter  lr=9.14e-04  loss=0.007894
  mean_violation   = 0.000128 -> 0.000027   (median: 0.000000 -> 0.000000)   [0 = perfect]
  illegal_pairs    = 1.08% -> 0.51%   [0% = perfect]
  legal_clouds     = 0.00% -> 15.62%   [100% = perfect]
  mean_nn_dist     = 0.050980 -> 0.055508   (median: 0.051675 -> 0.052931)   [>= rd=0.05]
  displacement     = 0.024290 (0.486x rd)   (median: 0.031348 = 0.627x rd)
  correction_eff   = 0.0042  (10.3% of ceil=0.0408)   [dviol/disp, noise-invariant]
2026-05-26 12:22:17 +00:08:03 -00:32:11 [INFO] iter=  2000  0.241s/iter  lr=9.05e-04  loss=0.007107
  mean_violation   = 0.000128 -> 0.000021   (median: 0.000000 -> 0.000000)   [0 = perfect]
  illegal_pairs    = 1.08% -> 0.47%   [0% = perfect]
  legal_clouds     = 0.00% -> 21.88%   [100% = perfect]
  mean_nn_dist     = 0.050980 -> 0.055735   (median: 0.051675 -> 0.052790)   [>= rd=0.05]
  displacement     = 0.022397 (0.448x rd)   (median: 0.029862 = 0.597x rd)
  correction_eff   = 0.0048  (11.7% of ceil=0.0408)   [dviol/disp, noise-invariant]
2026-05-26 12:22:42 +00:08:29 -00:33:35 [INFO] iter=  2100  0.255s/iter  lr=8.95e-04  loss=0.007444
  mean_violation   = 0.000128 -> 0.000022   (median: 0.000000 -> 0.000000)   [0 = perfect]
  illegal_pairs    = 1.08% -> 0.48%   [0% = perfect]
  legal_clouds     = 0.00% -> 15.62%   [100% = perfect]
  mean_nn_dist     = 0.050980 -> 0.055624   (median: 0.051675 -> 0.052727)   [>= rd=0.05]
  displacement     = 0.023761 (0.475x rd)   (median: 0.031505 = 0.630x rd)
  correction_eff   = 0.0045  (10.9% of ceil=0.0408)   [dviol/disp, noise-invariant]
2026-05-26 12:23:06 +00:08:53 -00:31:17 [INFO] iter=  2200  0.241s/iter  lr=8.85e-04  loss=0.007453
  mean_violation   = 0.000128 -> 0.000023   (median: 0.000000 -> 0.000000)   [0 = perfect]
  illegal_pairs    = 1.08% -> 0.49%   [0% = perfect]
  legal_clouds     = 0.00% -> 21.88%   [100% = perfect]
  mean_nn_dist     = 0.050980 -> 0.055530   (median: 0.051675 -> 0.052507)   [>= rd=0.05]
  displacement     = 0.023165 (0.463x rd)   (median: 0.031660 = 0.633x rd)
  correction_eff   = 0.0045  (11.1% of ceil=0.0408)   [dviol/disp, noise-invariant]
2026-05-26 12:23:30 +00:09:17 -00:30:48 [INFO] iter=  2300  0.240s/iter  lr=8.75e-04  loss=0.007130
  mean_violation   = 0.000128 -> 0.000021   (median: 0.000000 -> 0.000000)   [0 = perfect]
  illegal_pairs    = 1.08% -> 0.49%   [0% = perfect]
  legal_clouds     = 0.00% -> 15.62%   [100% = perfect]
  mean_nn_dist     = 0.050980 -> 0.055708   (median: 0.051675 -> 0.052840)   [>= rd=0.05]
  displacement     = 0.023336 (0.467x rd)   (median: 0.031346 = 0.627x rd)
  correction_eff   = 0.0046  (11.3% of ceil=0.0408)   [dviol/disp, noise-invariant]
2026-05-26 12:23:54 +00:09:41 -00:30:28 [INFO] iter=  2400  0.241s/iter  lr=8.65e-04  loss=0.006817
  mean_violation   = 0.000128 -> 0.000018   (median: 0.000000 -> 0.000000)   [0 = perfect]
  illegal_pairs    = 1.08% -> 0.44%   [0% = perfect]
  legal_clouds     = 0.00% -> 18.75%   [100% = perfect]
  mean_nn_dist     = 0.050980 -> 0.055826   (median: 0.051675 -> 0.052720)   [>= rd=0.05]
  displacement     = 0.023083 (0.462x rd)   (median: 0.030567 = 0.611x rd)
  correction_eff   = 0.0048  (11.7% of ceil=0.0408)   [dviol/disp, noise-invariant]
2026-05-26 12:24:19 +00:10:05 -00:30:05 [INFO] iter=  2500  0.241s/iter  lr=8.54e-04  loss=0.006392
  mean_violation   = 0.000128 -> 0.000018   (median: 0.000000 -> 0.000000)   [0 = perfect]
  illegal_pairs    = 1.08% -> 0.45%   [0% = perfect]
  legal_clouds     = 0.00% -> 12.50%   [100% = perfect]
  mean_nn_dist     = 0.050980 -> 0.055839   (median: 0.051675 -> 0.052734)   [>= rd=0.05]
  displacement     = 0.019282 (0.386x rd)   (median: 0.025548 = 0.511x rd)
  correction_eff   = 0.0057  (14.0% of ceil=0.0408)   [dviol/disp, noise-invariant]
2026-05-26 12:24:45 +00:10:32 -00:33:07 [INFO] iter=  2600  0.269s/iter  lr=8.42e-04  loss=0.006356
  mean_violation   = 0.000128 -> 0.000016   (median: 0.000000 -> 0.000000)   [0 = perfect]
  illegal_pairs    = 1.08% -> 0.38%   [0% = perfect]
  legal_clouds     = 0.00% -> 15.62%   [100% = perfect]
  mean_nn_dist     = 0.050980 -> 0.056036   (median: 0.051675 -> 0.052947)   [>= rd=0.05]
  displacement     = 0.021476 (0.430x rd)   (median: 0.028465 = 0.569x rd)
  correction_eff   = 0.0052  (12.9% of ceil=0.0408)   [dviol/disp, noise-invariant]
2026-05-26 12:25:09 +00:10:56 -00:28:59 [INFO] iter=  2700  0.238s/iter  lr=8.31e-04  loss=0.005605
  mean_violation   = 0.000128 -> 0.000014   (median: 0.000000 -> 0.000000)   [0 = perfect]
  illegal_pairs    = 1.08% -> 0.34%   [0% = perfect]
  legal_clouds     = 0.00% -> 18.75%   [100% = perfect]
  mean_nn_dist     = 0.050980 -> 0.056169   (median: 0.051675 -> 0.053160)   [>= rd=0.05]
  displacement     = 0.017265 (0.345x rd)   (median: 0.021571 = 0.431x rd)
  correction_eff   = 0.0066  (16.2% of ceil=0.0408)   [dviol/disp, noise-invariant]
2026-05-26 12:25:33 +00:11:19 -00:28:41 [INFO] iter=  2800  0.239s/iter  lr=8.19e-04  loss=0.006337
  mean_violation   = 0.000128 -> 0.000022   (median: 0.000000 -> 0.000000)   [0 = perfect]
  illegal_pairs    = 1.08% -> 0.60%   [0% = perfect]
  legal_clouds     = 0.00% -> 6.25%   [100% = perfect]
  mean_nn_dist     = 0.050980 -> 0.055464   (median: 0.051675 -> 0.052212)   [>= rd=0.05]
  displacement     = 0.018965 (0.379x rd)   (median: 0.022387 = 0.448x rd)
  correction_eff   = 0.0056  (13.7% of ceil=0.0408)   [dviol/disp, noise-invariant]
2026-05-26 12:25:57 +00:11:43 -00:28:20 [INFO] iter=  2900  0.239s/iter  lr=8.07e-04  loss=0.005232
  mean_violation   = 0.000128 -> 0.000013   (median: 0.000000 -> 0.000000)   [0 = perfect]
  illegal_pairs    = 1.08% -> 0.30%   [0% = perfect]
  legal_clouds     = 0.00% -> 28.12%   [100% = perfect]
  mean_nn_dist     = 0.050980 -> 0.056362   (median: 0.051675 -> 0.053343)   [>= rd=0.05]
  displacement     = 0.016926 (0.339x rd)   (median: 0.021240 = 0.425x rd)
  correction_eff   = 0.0068  (16.7% of ceil=0.0408)   [dviol/disp, noise-invariant]
2026-05-26 12:26:21 +00:12:08 -00:28:21 [INFO] iter=  3000  0.243s/iter  lr=7.94e-04  loss=0.005045
  mean_violation   = 0.000128 -> 0.000012   (median: 0.000000 -> 0.000000)   [0 = perfect]
  illegal_pairs    = 1.08% -> 0.31%   [0% = perfect]
  legal_clouds     = 0.00% -> 9.38%   [100% = perfect]
  mean_nn_dist     = 0.050980 -> 0.056124   (median: 0.051675 -> 0.052913)   [>= rd=0.05]
  displacement     = 0.017110 (0.342x rd)   (median: 0.020092 = 0.402x rd)
  correction_eff   = 0.0068  (16.6% of ceil=0.0408)   [dviol/disp, noise-invariant]
2026-05-26 12:26:47 +00:12:33 -00:28:58 [INFO] iter=  3100  0.252s/iter  lr=7.81e-04  loss=0.005590
  mean_violation   = 0.000128 -> 0.000015   (median: 0.000000 -> 0.000000)   [0 = perfect]
  illegal_pairs    = 1.08% -> 0.33%   [0% = perfect]
  legal_clouds     = 0.00% -> 15.62%   [100% = perfect]
  mean_nn_dist     = 0.050980 -> 0.056197   (median: 0.051675 -> 0.053885)   [>= rd=0.05]
  displacement     = 0.017728 (0.355x rd)   (median: 0.021256 = 0.425x rd)
  correction_eff   = 0.0064  (15.7% of ceil=0.0408)   [dviol/disp, noise-invariant]
2026-05-26 12:27:11 +00:12:57 -00:27:23 [INFO] iter=  3200  0.242s/iter  lr=7.68e-04  loss=0.004171
  mean_violation   = 0.000128 -> 0.000007   (median: 0.000000 -> 0.000000)   [0 = perfect]
  illegal_pairs    = 1.08% -> 0.24%   [0% = perfect]
  legal_clouds     = 0.00% -> 31.25%   [100% = perfect]
  mean_nn_dist     = 0.050980 -> 0.056458   (median: 0.051675 -> 0.053568)   [>= rd=0.05]
  displacement     = 0.019169 (0.383x rd)   (median: 0.022167 = 0.443x rd)
  correction_eff   = 0.0063  (15.5% of ceil=0.0408)   [dviol/disp, noise-invariant]
2026-05-26 12:27:34 +00:13:20 -00:25:52 [INFO] iter=  3300  0.232s/iter  lr=7.55e-04  loss=0.003869
  mean_violation   = 0.000128 -> 0.000003   (median: 0.000000 -> 0.000000)   [0 = perfect]
  illegal_pairs    = 1.08% -> 0.18%   [0% = perfect]
  legal_clouds     = 0.00% -> 40.62%   [100% = perfect]
  mean_nn_dist     = 0.050980 -> 0.056593   (median: 0.051675 -> 0.053100)   [>= rd=0.05]
  displacement     = 0.023704 (0.474x rd)   (median: 0.022941 = 0.459x rd)
  correction_eff   = 0.0053  (13.0% of ceil=0.0408)   [dviol/disp, noise-invariant]
2026-05-26 12:27:56 +00:13:43 -00:24:45 [INFO] iter=  3400  0.225s/iter  lr=7.41e-04  loss=0.003958
  mean_violation   = 0.000128 -> 0.000010   (median: 0.000000 -> 0.000000)   [0 = perfect]
  illegal_pairs    = 1.08% -> 0.32%   [0% = perfect]
  legal_clouds     = 0.00% -> 18.75%   [100% = perfect]
  mean_nn_dist     = 0.050980 -> 0.056118   (median: 0.051675 -> 0.053146)   [>= rd=0.05]
  displacement     = 0.012402 (0.248x rd)   (median: 0.014107 = 0.282x rd)
  correction_eff   = 0.0095  (23.3% of ceil=0.0408)   [dviol/disp, noise-invariant]
2026-05-26 12:28:21 +00:14:07 -00:26:32 [INFO] iter=  3500  0.245s/iter  lr=7.27e-04  loss=0.003888
  mean_violation   = 0.000128 -> 0.000008   (median: 0.000000 -> 0.000000)   [0 = perfect]
  illegal_pairs    = 1.08% -> 0.25%   [0% = perfect]
  legal_clouds     = 0.00% -> 18.75%   [100% = perfect]
  mean_nn_dist     = 0.050980 -> 0.056285   (median: 0.051675 -> 0.052929)   [>= rd=0.05]
  displacement     = 0.016489 (0.330x rd)   (median: 0.018890 = 0.378x rd)
  correction_eff   = 0.0073  (17.9% of ceil=0.0408)   [dviol/disp, noise-invariant]
2026-05-26 12:28:50 +00:14:36 -00:30:42 [INFO] iter=  3600  0.288s/iter  lr=7.13e-04  loss=0.003575
  mean_violation   = 0.000128 -> 0.000009   (median: 0.000000 -> 0.000000)   [0 = perfect]
  illegal_pairs    = 1.08% -> 0.28%   [0% = perfect]
  legal_clouds     = 0.00% -> 18.75%   [100% = perfect]
  mean_nn_dist     = 0.050980 -> 0.056097   (median: 0.051675 -> 0.052926)   [>= rd=0.05]
  displacement     = 0.011028 (0.221x rd)   (median: 0.011514 = 0.230x rd)
  correction_eff   = 0.0108  (26.4% of ceil=0.0408)   [dviol/disp, noise-invariant]
2026-05-26 12:29:14 +00:15:00 -00:25:13 [INFO] iter=  3700  0.240s/iter  lr=6.99e-04  loss=0.002141
  mean_violation   = 0.000128 -> 0.000002   (median: 0.000000 -> 0.000000)   [0 = perfect]
  illegal_pairs    = 1.08% -> 0.10%   [0% = perfect]
  legal_clouds     = 0.00% -> 50.00%   [100% = perfect]
  mean_nn_dist     = 0.050980 -> 0.057092   (median: 0.051675 -> 0.054270)   [>= rd=0.05]
  displacement     = 0.007627 (0.153x rd)   (median: 0.004934 = 0.099x rd)
  correction_eff   = 0.0165  (40.5% of ceil=0.0408)   [dviol/disp, noise-invariant]
2026-05-26 12:29:38 +00:15:24 -00:24:50 [INFO] iter=  3800  0.240s/iter  lr=6.84e-04  loss=0.003351
  mean_violation   = 0.000128 -> 0.000007   (median: 0.000000 -> 0.000000)   [0 = perfect]
  illegal_pairs    = 1.08% -> 0.24%   [0% = perfect]
  legal_clouds     = 0.00% -> 25.00%   [100% = perfect]
  mean_nn_dist     = 0.050980 -> 0.056407   (median: 0.051675 -> 0.053327)   [>= rd=0.05]
  displacement     = 0.013651 (0.273x rd)   (median: 0.010937 = 0.219x rd)
  correction_eff   = 0.0089  (21.8% of ceil=0.0408)   [dviol/disp, noise-invariant]
2026-05-26 12:30:02 +00:15:48 -00:24:28 [INFO] iter=  3900  0.241s/iter  lr=6.70e-04  loss=0.002237
  mean_violation   = 0.000128 -> 0.000003   (median: 0.000000 -> 0.000000)   [0 = perfect]
  illegal_pairs    = 1.08% -> 0.14%   [0% = perfect]
  legal_clouds     = 0.00% -> 43.75%   [100% = perfect]
  mean_nn_dist     = 0.050980 -> 0.056649   (median: 0.051675 -> 0.053169)   [>= rd=0.05]
  displacement     = 0.008003 (0.160x rd)   (median: 0.006922 = 0.138x rd)
  correction_eff   = 0.0157  (38.5% of ceil=0.0408)   [dviol/disp, noise-invariant]
2026-05-26 12:30:26 +00:16:12 -00:24:01 [INFO] iter=  4000  0.240s/iter  lr=6.55e-04  loss=0.002220
  mean_violation   = 0.000128 -> 0.000004   (median: 0.000000 -> 0.000000)   [0 = perfect]
  illegal_pairs    = 1.08% -> 0.19%   [0% = perfect]
  legal_clouds     = 0.00% -> 34.38%   [100% = perfect]
  mean_nn_dist     = 0.050980 -> 0.056463   (median: 0.051675 -> 0.052889)   [>= rd=0.05]
  displacement     = 0.008007 (0.160x rd)   (median: 0.006938 = 0.139x rd)
  correction_eff   = 0.0156  (38.1% of ceil=0.0408)   [dviol/disp, noise-invariant]
2026-05-26 12:30:51 +00:16:37 -00:24:45 [INFO] iter=  4100  0.252s/iter  lr=6.40e-04  loss=0.002283
  mean_violation   = 0.000128 -> 0.000003   (median: 0.000000 -> 0.000000)   [0 = perfect]
  illegal_pairs    = 1.08% -> 0.14%   [0% = perfect]
  legal_clouds     = 0.00% -> 37.50%   [100% = perfect]
  mean_nn_dist     = 0.050980 -> 0.056786   (median: 0.051675 -> 0.053361)   [>= rd=0.05]
  displacement     = 0.008726 (0.175x rd)   (median: 0.007518 = 0.150x rd)
  correction_eff   = 0.0144  (35.2% of ceil=0.0408)   [dviol/disp, noise-invariant]
2026-05-26 12:31:15 +00:17:01 -00:23:16 [INFO] iter=  4200  0.241s/iter  lr=6.25e-04  loss=0.003354
  mean_violation   = 0.000128 -> 0.000005   (median: 0.000000 -> 0.000000)   [0 = perfect]
  illegal_pairs    = 1.08% -> 0.18%   [0% = perfect]
  legal_clouds     = 0.00% -> 28.12%   [100% = perfect]
  mean_nn_dist     = 0.050980 -> 0.056689   (median: 0.051675 -> 0.053633)   [>= rd=0.05]
  displacement     = 0.017486 (0.350x rd)   (median: 0.016834 = 0.337x rd)
  correction_eff   = 0.0070  (17.3% of ceil=0.0408)   [dviol/disp, noise-invariant]
2026-05-26 12:31:39 +00:17:25 -00:22:46 [INFO] iter=  4300  0.240s/iter  lr=6.09e-04  loss=0.003583
  mean_violation   = 0.000128 -> 0.000005   (median: 0.000000 -> 0.000000)   [0 = perfect]
  illegal_pairs    = 1.08% -> 0.17%   [0% = perfect]
  legal_clouds     = 0.00% -> 37.50%   [100% = perfect]
  mean_nn_dist     = 0.050980 -> 0.056579   (median: 0.051675 -> 0.053361)   [>= rd=0.05]
  displacement     = 0.020215 (0.404x rd)   (median: 0.020146 = 0.403x rd)
  correction_eff   = 0.0061  (15.0% of ceil=0.0408)   [dviol/disp, noise-invariant]
2026-05-26 12:32:03 +00:17:49 -00:22:26 [INFO] iter=  4400  0.240s/iter  lr=5.94e-04  loss=0.003705
  mean_violation   = 0.000128 -> 0.000008   (median: 0.000000 -> 0.000000)   [0 = perfect]
  illegal_pairs    = 1.08% -> 0.25%   [0% = perfect]
  legal_clouds     = 0.00% -> 31.25%   [100% = perfect]
  mean_nn_dist     = 0.050980 -> 0.056273   (median: 0.051675 -> 0.052991)   [>= rd=0.05]
  displacement     = 0.015103 (0.302x rd)   (median: 0.017751 = 0.355x rd)
  correction_eff   = 0.0080  (19.5% of ceil=0.0408)   [dviol/disp, noise-invariant]
2026-05-26 12:32:27 +00:18:13 -00:21:24 [INFO] iter=  4500  0.234s/iter  lr=5.79e-04  loss=0.002143
  mean_violation   = 0.000128 -> 0.000003   (median: 0.000000 -> 0.000000)   [0 = perfect]
  illegal_pairs    = 1.08% -> 0.20%   [0% = perfect]
  legal_clouds     = 0.00% -> 40.62%   [100% = perfect]
  mean_nn_dist     = 0.050980 -> 0.056429   (median: 0.051675 -> 0.052803)   [>= rd=0.05]
  displacement     = 0.009223 (0.184x rd)   (median: 0.005208 = 0.104x rd)
  correction_eff   = 0.0135  (33.2% of ceil=0.0408)   [dviol/disp, noise-invariant]
2026-05-26 12:32:52 +00:18:38 -00:22:51 [INFO] iter=  4600  0.254s/iter  lr=5.63e-04  loss=0.002061
  mean_violation   = 0.000128 -> 0.000004   (median: 0.000000 -> 0.000000)   [0 = perfect]
  illegal_pairs    = 1.08% -> 0.16%   [0% = perfect]
  legal_clouds     = 0.00% -> 37.50%   [100% = perfect]
  mean_nn_dist     = 0.050980 -> 0.056712   (median: 0.051675 -> 0.053280)   [>= rd=0.05]
  displacement     = 0.006931 (0.139x rd)   (median: 0.004606 = 0.092x rd)
  correction_eff   = 0.0179  (43.9% of ceil=0.0408)   [dviol/disp, noise-invariant]
2026-05-26 12:33:15 +00:19:02 -00:20:44 [INFO] iter=  4700  0.235s/iter  lr=5.48e-04  loss=0.002298
  mean_violation   = 0.000128 -> 0.000004   (median: 0.000000 -> 0.000000)   [0 = perfect]
  illegal_pairs    = 1.08% -> 0.20%   [0% = perfect]
  legal_clouds     = 0.00% -> 40.62%   [100% = perfect]
  mean_nn_dist     = 0.050980 -> 0.056351   (median: 0.051675 -> 0.052804)   [>= rd=0.05]
  displacement     = 0.008834 (0.177x rd)   (median: 0.007980 = 0.160x rd)
  correction_eff   = 0.0140  (34.3% of ceil=0.0408)   [dviol/disp, noise-invariant]
2026-05-26 12:33:40 +00:19:26 -00:20:55 [INFO] iter=  4800  0.241s/iter  lr=5.32e-04  loss=0.002419
  mean_violation   = 0.000128 -> 0.000004   (median: 0.000000 -> 0.000000)   [0 = perfect]
  illegal_pairs    = 1.08% -> 0.26%   [0% = perfect]
  legal_clouds     = 0.00% -> 34.38%   [100% = perfect]
  mean_nn_dist     = 0.050980 -> 0.056296   (median: 0.051675 -> 0.052670)   [>= rd=0.05]
  displacement     = 0.009937 (0.199x rd)   (median: 0.010234 = 0.205x rd)
  correction_eff   = 0.0125  (30.5% of ceil=0.0408)   [dviol/disp, noise-invariant]
2026-05-26 12:34:04 +00:19:50 -00:20:38 [INFO] iter=  4900  0.243s/iter  lr=5.16e-04  loss=0.002379
  mean_violation   = 0.000128 -> 0.000004   (median: 0.000000 -> 0.000000)   [0 = perfect]
  illegal_pairs    = 1.08% -> 0.24%   [0% = perfect]
  legal_clouds     = 0.00% -> 34.38%   [100% = perfect]
  mean_nn_dist     = 0.050980 -> 0.056337   (median: 0.051675 -> 0.052753)   [>= rd=0.05]
  displacement     = 0.010844 (0.217x rd)   (median: 0.011504 = 0.230x rd)
  correction_eff   = 0.0115  (28.1% of ceil=0.0408)   [dviol/disp, noise-invariant]
2026-05-26 12:34:28 +00:20:14 -00:20:12 [INFO] iter=  5000  0.243s/iter  lr=5.01e-04  loss=0.002696
  mean_violation   = 0.000128 -> 0.000006   (median: 0.000000 -> 0.000000)   [0 = perfect]
  illegal_pairs    = 1.08% -> 0.23%   [0% = perfect]
  legal_clouds     = 0.00% -> 34.38%   [100% = perfect]
  mean_nn_dist     = 0.050980 -> 0.056332   (median: 0.051675 -> 0.052653)   [>= rd=0.05]
  displacement     = 0.010482 (0.210x rd)   (median: 0.011074 = 0.221x rd)
  correction_eff   = 0.0117  (28.7% of ceil=0.0408)   [dviol/disp, noise-invariant]
2026-05-26 12:34:53 +00:20:40 -00:20:40 [INFO] iter=  5100  0.253s/iter  lr=4.85e-04  loss=0.002162
  mean_violation   = 0.000128 -> 0.000004   (median: 0.000000 -> 0.000000)   [0 = perfect]
  illegal_pairs    = 1.08% -> 0.20%   [0% = perfect]
  legal_clouds     = 0.00% -> 31.25%   [100% = perfect]
  mean_nn_dist     = 0.050980 -> 0.056370   (median: 0.051675 -> 0.052627)   [>= rd=0.05]
  displacement     = 0.008366 (0.167x rd)   (median: 0.007753 = 0.155x rd)
  correction_eff   = 0.0149  (36.4% of ceil=0.0408)   [dviol/disp, noise-invariant]
2026-05-26 12:35:18 +00:21:04 -00:19:18 [INFO] iter=  5200  0.241s/iter  lr=4.69e-04  loss=0.002380
  mean_violation   = 0.000128 -> 0.000004   (median: 0.000000 -> 0.000000)   [0 = perfect]
  illegal_pairs    = 1.08% -> 0.18%   [0% = perfect]
  legal_clouds     = 0.00% -> 40.62%   [100% = perfect]
  mean_nn_dist     = 0.050980 -> 0.056478   (median: 0.051675 -> 0.053074)   [>= rd=0.05]
  displacement     = 0.011376 (0.228x rd)   (median: 0.011385 = 0.228x rd)
  correction_eff   = 0.0109  (26.8% of ceil=0.0408)   [dviol/disp, noise-invariant]
2026-05-26 12:35:42 +00:21:28 -00:18:53 [INFO] iter=  5300  0.241s/iter  lr=4.53e-04  loss=0.001926
  mean_violation   = 0.000128 -> 0.000003   (median: 0.000000 -> 0.000000)   [0 = perfect]
  illegal_pairs    = 1.08% -> 0.17%   [0% = perfect]
  legal_clouds     = 0.00% -> 46.88%   [100% = perfect]
  mean_nn_dist     = 0.050980 -> 0.056610   (median: 0.051675 -> 0.053340)   [>= rd=0.05]
  displacement     = 0.007905 (0.158x rd)   (median: 0.006855 = 0.137x rd)
  correction_eff   = 0.0158  (38.7% of ceil=0.0408)   [dviol/disp, noise-invariant]
2026-05-26 12:36:06 +00:21:52 -00:18:31 [INFO] iter=  5400  0.242s/iter  lr=4.38e-04  loss=0.002162
  mean_violation   = 0.000128 -> 0.000005   (median: 0.000000 -> 0.000000)   [0 = perfect]
  illegal_pairs    = 1.08% -> 0.19%   [0% = perfect]
  legal_clouds     = 0.00% -> 43.75%   [100% = perfect]
  mean_nn_dist     = 0.050980 -> 0.056426   (median: 0.051675 -> 0.053041)   [>= rd=0.05]
  displacement     = 0.007718 (0.154x rd)   (median: 0.003170 = 0.063x rd)
  correction_eff   = 0.0159  (39.1% of ceil=0.0408)   [dviol/disp, noise-invariant]
2026-05-26 12:36:30 +00:22:16 -00:18:08 [INFO] iter=  5500  0.242s/iter  lr=4.22e-04  loss=0.001916
  mean_violation   = 0.000128 -> 0.000003   (median: 0.000000 -> 0.000000)   [0 = perfect]
  illegal_pairs    = 1.08% -> 0.17%   [0% = perfect]
  legal_clouds     = 0.00% -> 43.75%   [100% = perfect]
  mean_nn_dist     = 0.050980 -> 0.056394   (median: 0.051675 -> 0.052584)   [>= rd=0.05]
  displacement     = 0.008988 (0.180x rd)   (median: 0.006497 = 0.130x rd)
  correction_eff   = 0.0140  (34.2% of ceil=0.0408)   [dviol/disp, noise-invariant]
2026-05-26 12:36:55 +00:22:41 -00:18:10 [INFO] iter=  5600  0.248s/iter  lr=4.07e-04  loss=0.001897
  mean_violation   = 0.000128 -> 0.000003   (median: 0.000000 -> 0.000000)   [0 = perfect]
  illegal_pairs    = 1.08% -> 0.22%   [0% = perfect]
  legal_clouds     = 0.00% -> 31.25%   [100% = perfect]
  mean_nn_dist     = 0.050980 -> 0.056283   (median: 0.051675 -> 0.052492)   [>= rd=0.05]
  displacement     = 0.008267 (0.165x rd)   (median: 0.005229 = 0.105x rd)
  correction_eff   = 0.0151  (37.0% of ceil=0.0408)   [dviol/disp, noise-invariant]
2026-05-26 12:37:19 +00:23:05 -00:17:11 [INFO] iter=  5700  0.240s/iter  lr=3.92e-04  loss=0.002482
  mean_violation   = 0.000128 -> 0.000005   (median: 0.000000 -> 0.000000)   [0 = perfect]
  illegal_pairs    = 1.08% -> 0.16%   [0% = perfect]
  legal_clouds     = 0.00% -> 40.62%   [100% = perfect]
  mean_nn_dist     = 0.050980 -> 0.056451   (median: 0.051675 -> 0.053170)   [>= rd=0.05]
  displacement     = 0.010364 (0.207x rd)   (median: 0.010375 = 0.207x rd)
  correction_eff   = 0.0119  (29.2% of ceil=0.0408)   [dviol/disp, noise-invariant]
2026-05-26 12:37:43 +00:23:29 -00:16:52 [INFO] iter=  5800  0.241s/iter  lr=3.76e-04  loss=0.002529
  mean_violation   = 0.000128 -> 0.000004   (median: 0.000000 -> 0.000000)   [0 = perfect]
  illegal_pairs    = 1.08% -> 0.19%   [0% = perfect]
  legal_clouds     = 0.00% -> 31.25%   [100% = perfect]
  mean_nn_dist     = 0.050980 -> 0.056330   (median: 0.051675 -> 0.052908)   [>= rd=0.05]
  displacement     = 0.012809 (0.256x rd)   (median: 0.014086 = 0.282x rd)
  correction_eff   = 0.0097  (23.8% of ceil=0.0408)   [dviol/disp, noise-invariant]
2026-05-26 12:38:07 +00:23:53 -00:16:30 [INFO] iter=  5900  0.242s/iter  lr=3.61e-04  loss=0.002737
  mean_violation   = 0.000128 -> 0.000007   (median: 0.000000 -> 0.000000)   [0 = perfect]
  illegal_pairs    = 1.08% -> 0.30%   [0% = perfect]
  legal_clouds     = 0.00% -> 21.88%   [100% = perfect]
  mean_nn_dist     = 0.050980 -> 0.056053   (median: 0.051675 -> 0.052402)   [>= rd=0.05]
  displacement     = 0.009946 (0.199x rd)   (median: 0.007199 = 0.144x rd)
  correction_eff   = 0.0122  (29.9% of ceil=0.0408)   [dviol/disp, noise-invariant]
2026-05-26 12:38:31 +00:24:17 -00:16:03 [INFO] iter=  6000  0.241s/iter  lr=3.46e-04  loss=0.002893
  mean_violation   = 0.000128 -> 0.000007   (median: 0.000000 -> 0.000000)   [0 = perfect]
  illegal_pairs    = 1.08% -> 0.20%   [0% = perfect]
  legal_clouds     = 0.00% -> 28.12%   [100% = perfect]
  mean_nn_dist     = 0.050980 -> 0.056420   (median: 0.051675 -> 0.053136)   [>= rd=0.05]
  displacement     = 0.011881 (0.238x rd)   (median: 0.013299 = 0.266x rd)
  correction_eff   = 0.0102  (25.1% of ceil=0.0408)   [dviol/disp, noise-invariant]
2026-05-26 12:38:56 +00:24:43 -00:16:22 [INFO] iter=  6100  0.252s/iter  lr=3.31e-04  loss=0.001724
  mean_violation   = 0.000128 -> 0.000002   (median: 0.000000 -> 0.000000)   [0 = perfect]
  illegal_pairs    = 1.08% -> 0.14%   [0% = perfect]
  legal_clouds     = 0.00% -> 34.38%   [100% = perfect]
  mean_nn_dist     = 0.050980 -> 0.056389   (median: 0.051675 -> 0.052485)   [>= rd=0.05]
  displacement     = 0.007796 (0.156x rd)   (median: 0.006714 = 0.134x rd)
  correction_eff   = 0.0162  (39.6% of ceil=0.0408)   [dviol/disp, noise-invariant]
2026-05-26 12:39:20 +00:25:07 -00:15:14 [INFO] iter=  6200  0.241s/iter  lr=3.17e-04  loss=0.002043
  mean_violation   = 0.000128 -> 0.000003   (median: 0.000000 -> 0.000000)   [0 = perfect]
  illegal_pairs    = 1.08% -> 0.17%   [0% = perfect]
  legal_clouds     = 0.00% -> 31.25%   [100% = perfect]
  mean_nn_dist     = 0.050980 -> 0.056365   (median: 0.051675 -> 0.052594)   [>= rd=0.05]
  displacement     = 0.009033 (0.181x rd)   (median: 0.008592 = 0.172x rd)
  correction_eff   = 0.0138  (33.9% of ceil=0.0408)   [dviol/disp, noise-invariant]
2026-05-26 12:39:45 +00:25:31 -00:14:57 [INFO] iter=  6300  0.243s/iter  lr=3.02e-04  loss=0.001879
  mean_violation   = 0.000128 -> 0.000002   (median: 0.000000 -> 0.000000)   [0 = perfect]
  illegal_pairs    = 1.08% -> 0.10%   [0% = perfect]
  legal_clouds     = 0.00% -> 43.75%   [100% = perfect]
  mean_nn_dist     = 0.050980 -> 0.056985   (median: 0.051675 -> 0.054095)   [>= rd=0.05]
  displacement     = 0.007572 (0.151x rd)   (median: 0.005635 = 0.113x rd)
  correction_eff   = 0.0167  (40.9% of ceil=0.0408)   [dviol/disp, noise-invariant]
2026-05-26 12:40:08 +00:25:55 -00:14:17 [INFO] iter=  6400  0.238s/iter  lr=2.88e-04  loss=0.001721
  mean_violation   = 0.000128 -> 0.000003   (median: 0.000000 -> 0.000000)   [0 = perfect]
  illegal_pairs    = 1.08% -> 0.13%   [0% = perfect]
  legal_clouds     = 0.00% -> 46.88%   [100% = perfect]
  mean_nn_dist     = 0.050980 -> 0.056599   (median: 0.051675 -> 0.053098)   [>= rd=0.05]
  displacement     = 0.007065 (0.141x rd)   (median: 0.005589 = 0.112x rd)
  correction_eff   = 0.0178  (43.6% of ceil=0.0408)   [dviol/disp, noise-invariant]
2026-05-26 12:40:32 +00:26:19 -00:13:57 [INFO] iter=  6500  0.239s/iter  lr=2.74e-04  loss=0.001801
  mean_violation   = 0.000128 -> 0.000003   (median: 0.000000 -> 0.000000)   [0 = perfect]
  illegal_pairs    = 1.08% -> 0.16%   [0% = perfect]
  legal_clouds     = 0.00% -> 43.75%   [100% = perfect]
  mean_nn_dist     = 0.050980 -> 0.056471   (median: 0.051675 -> 0.052908)   [>= rd=0.05]
  displacement     = 0.007465 (0.149x rd)   (median: 0.006362 = 0.127x rd)
  correction_eff   = 0.0168  (41.2% of ceil=0.0408)   [dviol/disp, noise-invariant]
2026-05-26 12:40:57 +00:26:43 -00:13:50 [INFO] iter=  6600  0.244s/iter  lr=2.60e-04  loss=0.001629
  mean_violation   = 0.000128 -> 0.000003   (median: 0.000000 -> 0.000000)   [0 = perfect]
  illegal_pairs    = 1.08% -> 0.15%   [0% = perfect]
  legal_clouds     = 0.00% -> 40.62%   [100% = perfect]
  mean_nn_dist     = 0.050980 -> 0.056481   (median: 0.051675 -> 0.052813)   [>= rd=0.05]
  displacement     = 0.006640 (0.133x rd)   (median: 0.005116 = 0.102x rd)
  correction_eff   = 0.0189  (46.3% of ceil=0.0408)   [dviol/disp, noise-invariant]
2026-05-26 12:41:21 +00:27:08 -00:13:28 [INFO] iter=  6700  0.245s/iter  lr=2.46e-04  loss=0.001915
  mean_violation   = 0.000128 -> 0.000003   (median: 0.000000 -> 0.000000)   [0 = perfect]
  illegal_pairs    = 1.08% -> 0.16%   [0% = perfect]
  legal_clouds     = 0.00% -> 43.75%   [100% = perfect]
  mean_nn_dist     = 0.050980 -> 0.056430   (median: 0.051675 -> 0.052659)   [>= rd=0.05]
  displacement     = 0.009416 (0.188x rd)   (median: 0.008915 = 0.178x rd)
  correction_eff   = 0.0133  (32.7% of ceil=0.0408)   [dviol/disp, noise-invariant]
2026-05-26 12:41:46 +00:27:32 -00:13:00 [INFO] iter=  6800  0.244s/iter  lr=2.33e-04  loss=0.001481
  mean_violation   = 0.000128 -> 0.000002   (median: 0.000000 -> 0.000000)   [0 = perfect]
  illegal_pairs    = 1.08% -> 0.12%   [0% = perfect]
  legal_clouds     = 0.00% -> 46.88%   [100% = perfect]
  mean_nn_dist     = 0.050980 -> 0.056447   (median: 0.051675 -> 0.052513)   [>= rd=0.05]
  displacement     = 0.006749 (0.135x rd)   (median: 0.005094 = 0.102x rd)
  correction_eff   = 0.0187  (45.8% of ceil=0.0408)   [dviol/disp, noise-invariant]
2026-05-26 12:42:09 +00:27:55 -00:11:58 [INFO] iter=  6900  0.232s/iter  lr=2.20e-04  loss=0.001440
  mean_violation   = 0.000128 -> 0.000002   (median: 0.000000 -> 0.000000)   [0 = perfect]
  illegal_pairs    = 1.08% -> 0.12%   [0% = perfect]
  legal_clouds     = 0.00% -> 43.75%   [100% = perfect]
  mean_nn_dist     = 0.050980 -> 0.056483   (median: 0.051675 -> 0.052554)   [>= rd=0.05]
  displacement     = 0.006677 (0.134x rd)   (median: 0.005063 = 0.101x rd)
  correction_eff   = 0.0190  (46.5% of ceil=0.0408)   [dviol/disp, noise-invariant]
2026-05-26 12:42:33 +00:28:19 -00:11:55 [INFO] iter=  7000  0.238s/iter  lr=2.07e-04  loss=0.001402
  mean_violation   = 0.000128 -> 0.000001   (median: 0.000000 -> 0.000000)   [0 = perfect]
  illegal_pairs    = 1.08% -> 0.11%   [0% = perfect]
  legal_clouds     = 0.00% -> 40.62%   [100% = perfect]
  mean_nn_dist     = 0.050980 -> 0.056451   (median: 0.051675 -> 0.052579)   [>= rd=0.05]
  displacement     = 0.006540 (0.131x rd)   (median: 0.004771 = 0.095x rd)
  correction_eff   = 0.0194  (47.5% of ceil=0.0408)   [dviol/disp, noise-invariant]
2026-05-26 12:42:58 +00:28:44 -00:12:08 [INFO] iter=  7100  0.251s/iter  lr=1.94e-04  loss=0.001243
  mean_violation   = 0.000128 -> 0.000001   (median: 0.000000 -> 0.000000)   [0 = perfect]
  illegal_pairs    = 1.08% -> 0.11%   [0% = perfect]
  legal_clouds     = 0.00% -> 46.88%   [100% = perfect]
  mean_nn_dist     = 0.050980 -> 0.056447   (median: 0.051675 -> 0.052623)   [>= rd=0.05]
  displacement     = 0.005401 (0.108x rd)   (median: 0.002194 = 0.044x rd)
  correction_eff   = 0.0235  (57.5% of ceil=0.0408)   [dviol/disp, noise-invariant]
2026-05-26 12:43:22 +00:29:08 -00:11:13 [INFO] iter=  7200  0.240s/iter  lr=1.82e-04  loss=0.001284
  mean_violation   = 0.000128 -> 0.000002   (median: 0.000000 -> 0.000000)   [0 = perfect]
  illegal_pairs    = 1.08% -> 0.11%   [0% = perfect]
  legal_clouds     = 0.00% -> 46.88%   [100% = perfect]
  mean_nn_dist     = 0.050980 -> 0.056439   (median: 0.051675 -> 0.052597)   [>= rd=0.05]
  displacement     = 0.005606 (0.112x rd)   (median: 0.003394 = 0.068x rd)
  correction_eff   = 0.0226  (55.3% of ceil=0.0408)   [dviol/disp, noise-invariant]
2026-05-26 12:43:46 +00:29:32 -00:10:52 [INFO] iter=  7300  0.242s/iter  lr=1.70e-04  loss=0.001324
  mean_violation   = 0.000128 -> 0.000002   (median: 0.000000 -> 0.000000)   [0 = perfect]
  illegal_pairs    = 1.08% -> 0.09%   [0% = perfect]
  legal_clouds     = 0.00% -> 59.38%   [100% = perfect]
  mean_nn_dist     = 0.050980 -> 0.056565   (median: 0.051675 -> 0.052872)   [>= rd=0.05]
  displacement     = 0.006132 (0.123x rd)   (median: 0.003906 = 0.078x rd)
  correction_eff   = 0.0206  (50.5% of ceil=0.0408)   [dviol/disp, noise-invariant]
2026-05-26 12:44:10 +00:29:57 -00:10:27 [INFO] iter=  7400  0.242s/iter  lr=1.59e-04  loss=0.001219
  mean_violation   = 0.000128 -> 0.000002   (median: 0.000000 -> 0.000000)   [0 = perfect]
  illegal_pairs    = 1.08% -> 0.13%   [0% = perfect]
  legal_clouds     = 0.00% -> 46.88%   [100% = perfect]
  mean_nn_dist     = 0.050980 -> 0.056374   (median: 0.051675 -> 0.052397)   [>= rd=0.05]
  displacement     = 0.005353 (0.107x rd)   (median: 0.003015 = 0.060x rd)
  correction_eff   = 0.0236  (57.9% of ceil=0.0408)   [dviol/disp, noise-invariant]
2026-05-26 12:44:34 +00:30:21 -00:10:04 [INFO] iter=  7500  0.242s/iter  lr=1.47e-04  loss=0.001312
  mean_violation   = 0.000128 -> 0.000002   (median: 0.000000 -> 0.000000)   [0 = perfect]
  illegal_pairs    = 1.08% -> 0.14%   [0% = perfect]
  legal_clouds     = 0.00% -> 46.88%   [100% = perfect]
  mean_nn_dist     = 0.050980 -> 0.056392   (median: 0.051675 -> 0.052566)   [>= rd=0.05]
  displacement     = 0.006102 (0.122x rd)   (median: 0.004165 = 0.083x rd)
  correction_eff   = 0.0207  (50.8% of ceil=0.0408)   [dviol/disp, noise-invariant]
2026-05-26 12:44:59 +00:30:45 -00:09:51 [INFO] iter=  7600  0.246s/iter  lr=1.36e-04  loss=0.001321
  mean_violation   = 0.000128 -> 0.000002   (median: 0.000000 -> 0.000000)   [0 = perfect]
  illegal_pairs    = 1.08% -> 0.17%   [0% = perfect]
  legal_clouds     = 0.00% -> 46.88%   [100% = perfect]
  mean_nn_dist     = 0.050980 -> 0.056375   (median: 0.051675 -> 0.052560)   [>= rd=0.05]
  displacement     = 0.006123 (0.122x rd)   (median: 0.004179 = 0.084x rd)
  correction_eff   = 0.0206  (50.6% of ceil=0.0408)   [dviol/disp, noise-invariant]
2026-05-26 12:45:23 +00:31:10 -00:09:21 [INFO] iter=  7700  0.244s/iter  lr=1.26e-04  loss=0.001186
  mean_violation   = 0.000128 -> 0.000001   (median: 0.000000 -> 0.000000)   [0 = perfect]
  illegal_pairs    = 1.08% -> 0.13%   [0% = perfect]
  legal_clouds     = 0.00% -> 50.00%   [100% = perfect]
  mean_nn_dist     = 0.050980 -> 0.056404   (median: 0.051675 -> 0.052511)   [>= rd=0.05]
  displacement     = 0.005428 (0.109x rd)   (median: 0.003024 = 0.060x rd)
  correction_eff   = 0.0234  (57.2% of ceil=0.0408)   [dviol/disp, noise-invariant]
2026-05-26 12:45:48 +00:31:34 -00:08:54 [INFO] iter=  7800  0.243s/iter  lr=1.16e-04  loss=0.001095
  mean_violation   = 0.000128 -> 0.000001   (median: 0.000000 -> 0.000000)   [0 = perfect]
  illegal_pairs    = 1.08% -> 0.13%   [0% = perfect]
  legal_clouds     = 0.00% -> 46.88%   [100% = perfect]
  mean_nn_dist     = 0.050980 -> 0.056395   (median: 0.051675 -> 0.052471)   [>= rd=0.05]
  displacement     = 0.004919 (0.098x rd)   (median: 0.002306 = 0.046x rd)
  correction_eff   = 0.0258  (63.2% of ceil=0.0408)   [dviol/disp, noise-invariant]
2026-05-26 12:46:12 +00:31:58 -00:08:26 [INFO] iter=  7900  0.241s/iter  lr=1.06e-04  loss=0.001158
  mean_violation   = 0.000128 -> 0.000001   (median: 0.000000 -> 0.000000)   [0 = perfect]
  illegal_pairs    = 1.08% -> 0.12%   [0% = perfect]
  legal_clouds     = 0.00% -> 46.88%   [100% = perfect]
  mean_nn_dist     = 0.050980 -> 0.056464   (median: 0.051675 -> 0.052458)   [>= rd=0.05]
  displacement     = 0.005331 (0.107x rd)   (median: 0.002834 = 0.057x rd)
  correction_eff   = 0.0238  (58.3% of ceil=0.0408)   [dviol/disp, noise-invariant]
2026-05-26 12:46:36 +00:32:22 -00:08:02 [INFO] iter=  8000  0.241s/iter  lr=9.64e-05  loss=0.001067
  mean_violation   = 0.000128 -> 0.000001   (median: 0.000000 -> 0.000000)   [0 = perfect]
  illegal_pairs    = 1.08% -> 0.09%   [0% = perfect]
  legal_clouds     = 0.00% -> 56.25%   [100% = perfect]
  mean_nn_dist     = 0.050980 -> 0.056459   (median: 0.051675 -> 0.052410)   [>= rd=0.05]
  displacement     = 0.004656 (0.093x rd)   (median: 0.001747 = 0.035x rd)
  correction_eff   = 0.0273  (66.8% of ceil=0.0408)   [dviol/disp, noise-invariant]
2026-05-26 12:47:01 +00:32:48 -00:08:03 [INFO] iter=  8100  0.254s/iter  lr=8.74e-05  loss=0.001037
  mean_violation   = 0.000128 -> 0.000001   (median: 0.000000 -> 0.000000)   [0 = perfect]
  illegal_pairs    = 1.08% -> 0.13%   [0% = perfect]
  legal_clouds     = 0.00% -> 53.12%   [100% = perfect]
  mean_nn_dist     = 0.050980 -> 0.056353   (median: 0.051675 -> 0.052344)   [>= rd=0.05]
  displacement     = 0.004512 (0.090x rd)   (median: 0.001659 = 0.033x rd)
  correction_eff   = 0.0281  (68.9% of ceil=0.0408)   [dviol/disp, noise-invariant]
2026-05-26 12:47:25 +00:33:12 -00:07:14 [INFO] iter=  8200  0.241s/iter  lr=7.88e-05  loss=0.001071
  mean_violation   = 0.000128 -> 0.000001   (median: 0.000000 -> 0.000000)   [0 = perfect]
  illegal_pairs    = 1.08% -> 0.13%   [0% = perfect]
  legal_clouds     = 0.00% -> 50.00%   [100% = perfect]
  mean_nn_dist     = 0.050980 -> 0.056349   (median: 0.051675 -> 0.052363)   [>= rd=0.05]
  displacement     = 0.004941 (0.099x rd)   (median: 0.002230 = 0.045x rd)
  correction_eff   = 0.0257  (63.0% of ceil=0.0408)   [dviol/disp, noise-invariant]
2026-05-26 12:47:48 +00:33:35 -00:06:28 [INFO] iter=  8300  0.229s/iter  lr=7.06e-05  loss=0.001015
  mean_violation   = 0.000128 -> 0.000001   (median: 0.000000 -> 0.000000)   [0 = perfect]
  illegal_pairs    = 1.08% -> 0.14%   [0% = perfect]
  legal_clouds     = 0.00% -> 43.75%   [100% = perfect]
  mean_nn_dist     = 0.050980 -> 0.056330   (median: 0.051675 -> 0.052345)   [>= rd=0.05]
  displacement     = 0.004414 (0.088x rd)   (median: 0.001496 = 0.030x rd)
  correction_eff   = 0.0287  (70.4% of ceil=0.0408)   [dviol/disp, noise-invariant]
2026-05-26 12:48:12 +00:33:59 -00:06:23 [INFO] iter=  8400  0.240s/iter  lr=6.28e-05  loss=0.000977
  mean_violation   = 0.000128 -> 0.000001   (median: 0.000000 -> 0.000000)   [0 = perfect]
  illegal_pairs    = 1.08% -> 0.14%   [0% = perfect]
  legal_clouds     = 0.00% -> 43.75%   [100% = perfect]
  mean_nn_dist     = 0.050980 -> 0.056320   (median: 0.051675 -> 0.052397)   [>= rd=0.05]
  displacement     = 0.004210 (0.084x rd)   (median: 0.001138 = 0.023x rd)
  correction_eff   = 0.0302  (73.9% of ceil=0.0408)   [dviol/disp, noise-invariant]
2026-05-26 12:48:36 +00:34:22 -00:05:49 [INFO] iter=  8500  0.233s/iter  lr=5.54e-05  loss=0.000974
  mean_violation   = 0.000128 -> 0.000001   (median: 0.000000 -> 0.000000)   [0 = perfect]
  illegal_pairs    = 1.08% -> 0.13%   [0% = perfect]
  legal_clouds     = 0.00% -> 50.00%   [100% = perfect]
  mean_nn_dist     = 0.050980 -> 0.056324   (median: 0.051675 -> 0.052345)   [>= rd=0.05]
  displacement     = 0.004273 (0.085x rd)   (median: 0.001212 = 0.024x rd)
  correction_eff   = 0.0297  (72.8% of ceil=0.0408)   [dviol/disp, noise-invariant]
2026-05-26 12:49:01 +00:34:47 -00:05:49 [INFO] iter=  8600  0.250s/iter  lr=4.85e-05  loss=0.000936
  mean_violation   = 0.000128 -> 0.000001   (median: 0.000000 -> 0.000000)   [0 = perfect]
  illegal_pairs    = 1.08% -> 0.14%   [0% = perfect]
  legal_clouds     = 0.00% -> 43.75%   [100% = perfect]
  mean_nn_dist     = 0.050980 -> 0.056294   (median: 0.051675 -> 0.052338)   [>= rd=0.05]
  displacement     = 0.003923 (0.078x rd)   (median: 0.000605 = 0.012x rd)
  correction_eff   = 0.0323  (79.2% of ceil=0.0408)   [dviol/disp, noise-invariant]
2026-05-26 12:49:25 +00:35:11 -00:05:12 [INFO] iter=  8700  0.240s/iter  lr=4.21e-05  loss=0.000957
  mean_violation   = 0.000128 -> 0.000001   (median: 0.000000 -> 0.000000)   [0 = perfect]
  illegal_pairs    = 1.08% -> 0.14%   [0% = perfect]
  legal_clouds     = 0.00% -> 43.75%   [100% = perfect]
  mean_nn_dist     = 0.050980 -> 0.056302   (median: 0.051675 -> 0.052301)   [>= rd=0.05]
  displacement     = 0.004120 (0.082x rd)   (median: 0.000993 = 0.020x rd)
  correction_eff   = 0.0308  (75.5% of ceil=0.0408)   [dviol/disp, noise-invariant]
2026-05-26 12:49:49 +00:35:35 -00:04:52 [INFO] iter=  8800  0.243s/iter  lr=3.61e-05  loss=0.000922
  mean_violation   = 0.000128 -> 0.000001   (median: 0.000000 -> 0.000000)   [0 = perfect]
  illegal_pairs    = 1.08% -> 0.12%   [0% = perfect]
  legal_clouds     = 0.00% -> 50.00%   [100% = perfect]
  mean_nn_dist     = 0.050980 -> 0.056322   (median: 0.051675 -> 0.052345)   [>= rd=0.05]
  displacement     = 0.003849 (0.077x rd)   (median: 0.000510 = 0.010x rd)
  correction_eff   = 0.0330  (80.8% of ceil=0.0408)   [dviol/disp, noise-invariant]
2026-05-26 12:50:13 +00:35:59 -00:04:24 [INFO] iter=  8900  0.240s/iter  lr=3.05e-05  loss=0.000975
  mean_violation   = 0.000128 -> 0.000001   (median: 0.000000 -> 0.000000)   [0 = perfect]
  illegal_pairs    = 1.08% -> 0.12%   [0% = perfect]
  legal_clouds     = 0.00% -> 46.88%   [100% = perfect]
  mean_nn_dist     = 0.050980 -> 0.056339   (median: 0.051675 -> 0.052362)   [>= rd=0.05]
  displacement     = 0.004351 (0.087x rd)   (median: 0.001252 = 0.025x rd)
  correction_eff   = 0.0292  (71.5% of ceil=0.0408)   [dviol/disp, noise-invariant]
2026-05-26 12:50:37 +00:36:23 -00:04:00 [INFO] iter=  9000  0.241s/iter  lr=2.54e-05  loss=0.000887
  mean_violation   = 0.000128 -> 0.000001   (median: 0.000000 -> 0.000000)   [0 = perfect]
  illegal_pairs    = 1.08% -> 0.14%   [0% = perfect]
  legal_clouds     = 0.00% -> 40.62%   [100% = perfect]
  mean_nn_dist     = 0.050980 -> 0.056315   (median: 0.051675 -> 0.052338)   [>= rd=0.05]
  displacement     = 0.003699 (0.074x rd)   (median: 0.000212 = 0.004x rd)
  correction_eff   = 0.0343  (84.1% of ceil=0.0408)   [dviol/disp, noise-invariant]
2026-05-26 12:51:02 +00:36:49 -00:03:47 [INFO] iter=  9100  0.252s/iter  lr=2.08e-05  loss=0.000929
  mean_violation   = 0.000128 -> 0.000001   (median: 0.000000 -> 0.000000)   [0 = perfect]
  illegal_pairs    = 1.08% -> 0.13%   [0% = perfect]
  legal_clouds     = 0.00% -> 53.12%   [100% = perfect]
  mean_nn_dist     = 0.050980 -> 0.056309   (median: 0.051675 -> 0.052308)   [>= rd=0.05]
  displacement     = 0.003945 (0.079x rd)   (median: 0.000675 = 0.014x rd)
  correction_eff   = 0.0322  (78.9% of ceil=0.0408)   [dviol/disp, noise-invariant]
2026-05-26 12:51:26 +00:37:12 -00:03:08 [INFO] iter=  9200  0.235s/iter  lr=1.67e-05  loss=0.000945
  mean_violation   = 0.000128 -> 0.000001   (median: 0.000000 -> 0.000000)   [0 = perfect]
  illegal_pairs    = 1.08% -> 0.14%   [0% = perfect]
  legal_clouds     = 0.00% -> 50.00%   [100% = perfect]
  mean_nn_dist     = 0.050980 -> 0.056310   (median: 0.051675 -> 0.052338)   [>= rd=0.05]
  displacement     = 0.004113 (0.082x rd)   (median: 0.000996 = 0.020x rd)
  correction_eff   = 0.0309  (75.6% of ceil=0.0408)   [dviol/disp, noise-invariant]
2026-05-26 12:51:49 +00:37:36 -00:02:43 [INFO] iter=  9300  0.234s/iter  lr=1.30e-05  loss=0.000870
  mean_violation   = 0.000128 -> 0.000001   (median: 0.000000 -> 0.000000)   [0 = perfect]
  illegal_pairs    = 1.08% -> 0.14%   [0% = perfect]
  legal_clouds     = 0.00% -> 43.75%   [100% = perfect]
  mean_nn_dist     = 0.050980 -> 0.056305   (median: 0.051675 -> 0.052312)   [>= rd=0.05]
  displacement     = 0.003629 (0.073x rd)   (median: 0.000130 = 0.003x rd)
  correction_eff   = 0.0350  (85.7% of ceil=0.0408)   [dviol/disp, noise-invariant]
2026-05-26 12:52:13 +00:38:00 -00:02:24 [INFO] iter=  9400  0.241s/iter  lr=9.85e-06  loss=0.000935
  mean_violation   = 0.000128 -> 0.000002   (median: 0.000000 -> 0.000000)   [0 = perfect]
  illegal_pairs    = 1.08% -> 0.13%   [0% = perfect]
  legal_clouds     = 0.00% -> 50.00%   [100% = perfect]
  mean_nn_dist     = 0.050980 -> 0.056265   (median: 0.051675 -> 0.052345)   [>= rd=0.05]
  displacement     = 0.003749 (0.075x rd)   (median: 0.000245 = 0.005x rd)
  correction_eff   = 0.0336  (82.4% of ceil=0.0408)   [dviol/disp, noise-invariant]
2026-05-26 12:52:37 +00:38:24 -00:02:00 [INFO] iter=  9500  0.241s/iter  lr=7.15e-06  loss=0.000884
  mean_violation   = 0.000128 -> 0.000001   (median: 0.000000 -> 0.000000)   [0 = perfect]
  illegal_pairs    = 1.08% -> 0.13%   [0% = perfect]
  legal_clouds     = 0.00% -> 50.00%   [100% = perfect]
  mean_nn_dist     = 0.050980 -> 0.056306   (median: 0.051675 -> 0.052362)   [>= rd=0.05]
  displacement     = 0.003699 (0.074x rd)   (median: 0.000247 = 0.005x rd)
  correction_eff   = 0.0343  (84.1% of ceil=0.0408)   [dviol/disp, noise-invariant]
2026-05-26 12:53:03 +00:38:49 -00:01:40 [INFO] iter=  9600  0.251s/iter  lr=4.94e-06  loss=0.000876
  mean_violation   = 0.000128 -> 0.000001   (median: 0.000000 -> 0.000000)   [0 = perfect]
  illegal_pairs    = 1.08% -> 0.12%   [0% = perfect]
  legal_clouds     = 0.00% -> 46.88%   [100% = perfect]
  mean_nn_dist     = 0.050980 -> 0.056301   (median: 0.051675 -> 0.052312)   [>= rd=0.05]
  displacement     = 0.003706 (0.074x rd)   (median: 0.000255 = 0.005x rd)
  correction_eff   = 0.0343  (84.0% of ceil=0.0408)   [dviol/disp, noise-invariant]
2026-05-26 12:53:26 +00:39:13 -00:01:11 [INFO] iter=  9700  0.240s/iter  lr=3.22e-06  loss=0.000866
  mean_violation   = 0.000128 -> 0.000001   (median: 0.000000 -> 0.000000)   [0 = perfect]
  illegal_pairs    = 1.08% -> 0.13%   [0% = perfect]
  legal_clouds     = 0.00% -> 50.00%   [100% = perfect]
  mean_nn_dist     = 0.050980 -> 0.056299   (median: 0.051675 -> 0.052345)   [>= rd=0.05]
  displacement     = 0.003600 (0.072x rd)   (median: 0.000089 = 0.002x rd)
  correction_eff   = 0.0353  (86.4% of ceil=0.0408)   [dviol/disp, noise-invariant]
2026-05-26 12:53:51 +00:39:37 -00:00:48 [INFO] iter=  9800  0.243s/iter  lr=1.99e-06  loss=0.000861
  mean_violation   = 0.000128 -> 0.000001   (median: 0.000000 -> 0.000000)   [0 = perfect]
  illegal_pairs    = 1.08% -> 0.12%   [0% = perfect]
  legal_clouds     = 0.00% -> 50.00%   [100% = perfect]
  mean_nn_dist     = 0.050980 -> 0.056298   (median: 0.051675 -> 0.052345)   [>= rd=0.05]
  displacement     = 0.003568 (0.071x rd)   (median: 0.000034 = 0.001x rd)
  correction_eff   = 0.0356  (87.2% of ceil=0.0408)   [dviol/disp, noise-invariant]
2026-05-26 12:54:15 +00:40:01 -00:00:24 [INFO] iter=  9900  0.243s/iter  lr=1.25e-06  loss=0.000855
  mean_violation   = 0.000128 -> 0.000001   (median: 0.000000 -> 0.000000)   [0 = perfect]
  illegal_pairs    = 1.08% -> 0.12%   [0% = perfect]
  legal_clouds     = 0.00% -> 50.00%   [100% = perfect]
  mean_nn_dist     = 0.050980 -> 0.056304   (median: 0.051675 -> 0.052338)   [>= rd=0.05]
  displacement     = 0.003557 (0.071x rd)   (median: 0.000011 = 0.000x rd)
  correction_eff   = 0.0357  (87.5% of ceil=0.0408)   [dviol/disp, noise-invariant]
2026-05-26 12:54:38 +00:40:25 -00:00:00 [INFO] iter= 10000  0.234s/iter  lr=1.00e-06  loss=0.000870
  mean_violation   = 0.000128 -> 0.000001   (median: 0.000000 -> 0.000000)   [0 = perfect]
  illegal_pairs    = 1.08% -> 0.12%   [0% = perfect]
  legal_clouds     = 0.00% -> 50.00%   [100% = perfect]
  mean_nn_dist     = 0.050980 -> 0.056304   (median: 0.051675 -> 0.052338)   [>= rd=0.05]
  displacement     = 0.003562 (0.071x rd)   (median: 0.000012 = 0.000x rd)
  correction_eff   = 0.0357  (87.3% of ceil=0.0408)   [dviol/disp, noise-invariant]
2026-05-26 12:54:40 +00:40:26 -00:00:00 [INFO] Training complete. Model saved to training_artifacts\train_run_2026-05-26_12-14-13\model_final.pt
2026-05-26 12:54:41 +00:40:27 -00:00:00 [INFO] Evolution GIF saved to training_artifacts\train_run_2026-05-26_12-14-13\evolution.gif
